Component: ARM Compiler 6.7 Tool: armlink [5c9ef700]

==============================================================================

Section Cross References

    startup_stm32h723xx.o(STACK) refers (Special) to heapauxi.o(.text) for __use_two_region_memory
    startup_stm32h723xx.o(HEAP) refers (Special) to heapauxi.o(.text) for __use_two_region_memory
    startup_stm32h723xx.o(RESET) refers (Special) to heapauxi.o(.text) for __use_two_region_memory
    startup_stm32h723xx.o(RESET) refers to startup_stm32h723xx.o(STACK) for __initial_sp
    startup_stm32h723xx.o(RESET) refers to startup_stm32h723xx.o(.text) for Reset_Handler
    startup_stm32h723xx.o(RESET) refers to stm32h7xx_it.o(.text.NMI_Handler) for NMI_Handler
    startup_stm32h723xx.o(RESET) refers to stm32h7xx_it.o(.text.HardFault_Handler) for HardFault_Handler
    startup_stm32h723xx.o(RESET) refers to stm32h7xx_it.o(.text.MemManage_Handler) for MemManage_Handler
    startup_stm32h723xx.o(RESET) refers to stm32h7xx_it.o(.text.BusFault_Handler) for BusFault_Handler
    startup_stm32h723xx.o(RESET) refers to stm32h7xx_it.o(.text.UsageFault_Handler) for UsageFault_Handler
    startup_stm32h723xx.o(RESET) refers to stm32h7xx_it.o(.text.SVC_Handler) for SVC_Handler
    startup_stm32h723xx.o(RESET) refers to stm32h7xx_it.o(.text.DebugMon_Handler) for DebugMon_Handler
    startup_stm32h723xx.o(RESET) refers to stm32h7xx_it.o(.text.PendSV_Handler) for PendSV_Handler
    startup_stm32h723xx.o(RESET) refers to stm32h7xx_it.o(.text.SysTick_Handler) for SysTick_Handler
    startup_stm32h723xx.o(RESET) refers to stm32h7xx_it.o(.text.USART1_IRQHandler) for USART1_IRQHandler
    startup_stm32h723xx.o(RESET) refers to stm32h7xx_it.o(.text.USART2_IRQHandler) for USART2_IRQHandler
    startup_stm32h723xx.o(RESET) refers to stm32h7xx_it.o(.text.UART9_IRQHandler) for UART9_IRQHandler
    startup_stm32h723xx.o(.text) refers (Special) to heapauxi.o(.text) for __use_two_region_memory
    startup_stm32h723xx.o(.text) refers to system_stm32h7xx.o(.text.SystemInit) for SystemInit
    startup_stm32h723xx.o(.text) refers to __main.o(!!!main) for __main
    startup_stm32h723xx.o(.text) refers to startup_stm32h723xx.o(HEAP) for Heap_Mem
    startup_stm32h723xx.o(.text) refers to startup_stm32h723xx.o(STACK) for Stack_Mem
    gpio.o(.text.MX_GPIO_Init) refers to stm32h7xx_hal_gpio.o(.text.HAL_GPIO_Init) for HAL_GPIO_Init
    gpio.o(.ARM.exidx.text.MX_GPIO_Init) refers to gpio.o(.text.MX_GPIO_Init) for [Anonymous Symbol]
    main.o(.text.__io_putchar) refers to stm32h7xx_hal_uart.o(.text.HAL_UART_Transmit) for HAL_UART_Transmit
    main.o(.text.__io_putchar) refers to usart.o(.bss.huart1) for huart1
    main.o(.ARM.exidx.text.__io_putchar) refers to main.o(.text.__io_putchar) for [Anonymous Symbol]
    main.o(.text.main) refers to stm32h7xx_hal_cortex.o(.text.HAL_MPU_Disable) for HAL_MPU_Disable
    main.o(.text.main) refers to stm32h7xx_hal_cortex.o(.text.HAL_MPU_ConfigRegion) for HAL_MPU_ConfigRegion
    main.o(.text.main) refers to stm32h7xx_hal_cortex.o(.text.HAL_MPU_Enable) for HAL_MPU_Enable
    main.o(.text.main) refers to stm32h7xx_hal.o(.text.HAL_Init) for HAL_Init
    main.o(.text.main) refers to main.o(.text.SystemClock_Config) for SystemClock_Config
    main.o(.text.main) refers to gpio.o(.text.MX_GPIO_Init) for MX_GPIO_Init
    main.o(.text.main) refers to usart.o(.text.MX_UART9_Init) for MX_UART9_Init
    main.o(.text.main) refers to usart.o(.text.MX_USART2_UART_Init) for MX_USART2_UART_Init
    main.o(.text.main) refers to usart.o(.text.MX_USART1_UART_Init) for MX_USART1_UART_Init
    main.o(.text.main) refers to tim.o(.text.MX_TIM2_Init) for MX_TIM2_Init
    main.o(.text.main) refers to stm32h7xx_hal_tim.o(.text.HAL_TIM_PWM_Start) for HAL_TIM_PWM_Start
    main.o(.text.main) refers to stm32h7xx_hal_uart.o(.text.HAL_UART_Receive_IT) for HAL_UART_Receive_IT
    main.o(.text.main) refers to main.o(.text.draw_triangle_in_angle) for draw_triangle_in_angle
    main.o(.text.main) refers to tim.o(.bss.htim2) for htim2
    main.o(.text.main) refers to main.o(.bss..L_MergedGlobals) for [Anonymous Symbol]
    main.o(.text.main) refers to usart.o(.bss.huart2) for huart2
    main.o(.ARM.exidx.text.main) refers to main.o(.text.main) for [Anonymous Symbol]
    main.o(.text.SystemClock_Config) refers to rt_memclr_w.o(.text) for __aeabi_memclr4
    main.o(.text.SystemClock_Config) refers to stm32h7xx_hal_pwr_ex.o(.text.HAL_PWREx_ConfigSupply) for HAL_PWREx_ConfigSupply
    main.o(.text.SystemClock_Config) refers to stm32h7xx_hal_rcc.o(.text.HAL_RCC_OscConfig) for HAL_RCC_OscConfig
    main.o(.text.SystemClock_Config) refers to stm32h7xx_hal_rcc.o(.text.HAL_RCC_ClockConfig) for HAL_RCC_ClockConfig
    main.o(.ARM.exidx.text.SystemClock_Config) refers to main.o(.text.SystemClock_Config) for [Anonymous Symbol]
    main.o(.text.draw_triangle_in_angle) refers to main.o(.text.execute_path) for execute_path
[...]
    __arm_cp.33_3                            0x080023d0   Number         4  stm32h7xx_hal_tim_ex.o(.text.HAL_TIMEx_MasterConfigSynchronization)
    __arm_cp.33_4                            0x080023d4   Number         4  stm32h7xx_hal_tim_ex.o(.text.HAL_TIMEx_MasterConfigSynchronization)
    __arm_cp.33_5                            0x080023d8   Number         4  stm32h7xx_hal_tim_ex.o(.text.HAL_TIMEx_MasterConfigSynchronization)
    __arm_cp.33_6                            0x080023dc   Number         4  stm32h7xx_hal_tim_ex.o(.text.HAL_TIMEx_MasterConfigSynchronization)
    __arm_cp.33_7                            0x080023e0   Number         4  stm32h7xx_hal_tim_ex.o(.text.HAL_TIMEx_MasterConfigSynchronization)
    __arm_cp.33_8                            0x080023e4   Number         4  stm32h7xx_hal_tim_ex.o(.text.HAL_TIMEx_MasterConfigSynchronization)
    [Anonymous Symbol]                       0x080023e8   Section        0  stm32h7xx_hal_tim.o(.text.HAL_TIM_Base_Init)
    [Anonymous Symbol]                       0x08002448   Section        0  tim.o(.text.HAL_TIM_Base_MspInit)
    __arm_cp.2_0                             0x0800246c   Number         4  tim.o(.text.HAL_TIM_Base_MspInit)
    [Anonymous Symbol]                       0x08002470   Section        0  stm32h7xx_hal_tim.o(.text.HAL_TIM_ConfigClockSource)
    __arm_cp.96_0                            0x08002580   Number         4  stm32h7xx_hal_tim.o(.text.HAL_TIM_ConfigClockSource)
    __arm_cp.96_1                            0x08002584   Number         4  stm32h7xx_hal_tim.o(.text.HAL_TIM_ConfigClockSource)
    __arm_cp.96_2                            0x08002588   Number         4  stm32h7xx_hal_tim.o(.text.HAL_TIM_ConfigClockSource)
    __arm_cp.96_3                            0x0800258c   Number         4  stm32h7xx_hal_tim.o(.text.HAL_TIM_ConfigClockSource)
    __arm_cp.96_4                            0x08002590   Number         4  stm32h7xx_hal_tim.o(.text.HAL_TIM_ConfigClockSource)
    [Anonymous Symbol]                       0x08002594   Section        0  tim.o(.text.HAL_TIM_MspPostInit)
    __arm_cp.1_0                             0x080025dc   Number         4  tim.o(.text.HAL_TIM_MspPostInit)
    __arm_cp.1_1                             0x080025e0   Number         4  tim.o(.text.HAL_TIM_MspPostInit)
    [Anonymous Symbol]                       0x080025e4   Section        0  stm32h7xx_hal_tim.o(.text.HAL_TIM_PWM_ConfigChannel)
    [Anonymous Symbol]                       0x080026a0   Section        0  stm32h7xx_hal_tim.o(.text.HAL_TIM_PWM_Init)
    [Anonymous Symbol]                       0x08002700   Section        0  stm32h7xx_hal_tim.o(.text.HAL_TIM_PWM_MspInit)
    [Anonymous Symbol]                       0x08002704   Section        0  stm32h7xx_hal_tim.o(.text.HAL_TIM_PWM_Start)
    __arm_cp.31_0                            0x0800283c   Number         4  stm32h7xx_hal_tim.o(.text.HAL_TIM_PWM_Start)
    __arm_cp.31_1                            0x08002840   Number         4  stm32h7xx_hal_tim.o(.text.HAL_TIM_PWM_Start)
    __arm_cp.31_2                            0x08002844   Number         4  stm32h7xx_hal_tim.o(.text.HAL_TIM_PWM_Start)
    __arm_cp.31_3                            0x08002848   Number         4  stm32h7xx_hal_tim.o(.text.HAL_TIM_PWM_Start)
    __arm_cp.31_4                            0x0800284c   Number         4  stm32h7xx_hal_tim.o(.text.HAL_TIM_PWM_Start)
    __arm_cp.31_5                            0x08002850   Number         4  stm32h7xx_hal_tim.o(.text.HAL_TIM_PWM_Start)
    __arm_cp.31_6                            0x08002854   Number         4  stm32h7xx_hal_tim.o(.text.HAL_TIM_PWM_Start)
    __arm_cp.31_7                            0x08002858   Number         4  stm32h7xx_hal_tim.o(.text.HAL_TIM_PWM_Start)
    __arm_cp.31_8                            0x0800285c   Number         4  stm32h7xx_hal_tim.o(.text.HAL_TIM_PWM_Start)
    __arm_cp.31_9                            0x08002860   Number         4  stm32h7xx_hal_tim.o(.text.HAL_TIM_PWM_Start)
    __arm_cp.31_10                           0x08002864   Number         4  stm32h7xx_hal_tim.o(.text.HAL_TIM_PWM_Start)
    __arm_cp.31_11                           0x08002868   Number         4  stm32h7xx_hal_tim.o(.text.HAL_TIM_PWM_Start)
    [Anonymous Symbol]                       0x0800286c   Section        0  stm32h7xx_hal_uart_ex.o(.text.HAL_UARTEx_DisableFifoMode)
    [Anonymous Symbol]                       0x080028a2   Section        0  stm32h7xx_hal_uart.o(.text.HAL_UARTEx_RxEventCallback)
    [Anonymous Symbol]                       0x080028a4   Section        0  stm32h7xx_hal_uart_ex.o(.text.HAL_UARTEx_RxFifoFullCallback)
    [Anonymous Symbol]                       0x080028a6   Section        0  stm32h7xx_hal_uart_ex.o(.text.HAL_UARTEx_SetRxFifoThreshold)
    [Anonymous Symbol]                       0x080028f2   Section        0  stm32h7xx_hal_uart_ex.o(.text.HAL_UARTEx_SetTxFifoThreshold)
    [Anonymous Symbol]                       0x0800293e   Section        0  stm32h7xx_hal_uart_ex.o(.text.HAL_UARTEx_TxFifoEmptyCallback)
    [Anonymous Symbol]                       0x08002940   Section        0  stm32h7xx_hal_uart_ex.o(.text.HAL_UARTEx_WakeupCallback)
    [Anonymous Symbol]                       0x08002942   Section        0  stm32h7xx_hal_uart.o(.text.HAL_UART_ErrorCallback)
    [Anonymous Symbol]                       0x08002944   Section        0  stm32h7xx_hal_uart.o(.text.HAL_UART_IRQHandler)
    __arm_cp.44_0                            0x08002cc8   Number         4  stm32h7xx_hal_uart.o(.text.HAL_UART_IRQHandler)
    __arm_cp.44_1                            0x08002ccc   Number         4  stm32h7xx_hal_uart.o(.text.HAL_UART_IRQHandler)
    __arm_cp.44_2                            0x08002cd0   Number         4  stm32h7xx_hal_uart.o(.text.HAL_UART_IRQHandler)
    __arm_cp.44_3                            0x08002cd4   Number         4  stm32h7xx_hal_uart.o(.text.HAL_UART_IRQHandler)
    __arm_cp.44_4                            0x08002cd8   Number         4  stm32h7xx_hal_uart.o(.text.HAL_UART_IRQHandler)
    __arm_cp.44_5                            0x08002cdc   Number         4  stm32h7xx_hal_uart.o(.text.HAL_UART_IRQHandler)
    __arm_cp.44_6                            0x08002ce0   Number         4  stm32h7xx_hal_uart.o(.text.HAL_UART_IRQHandler)
    __arm_cp.44_7                            0x08002ce4   Number         4  stm32h7xx_hal_uart.o(.text.HAL_UART_IRQHandler)
    __arm_cp.44_8                            0x08002ce8   Number         4  stm32h7xx_hal_uart.o(.text.HAL_UART_IRQHandler)
    __arm_cp.44_9                            0x08002cec   Number         4  stm32h7xx_hal_uart.o(.text.HAL_UART_IRQHandler)
    __arm_cp.44_10                           0x08002cf0   Number         4  stm32h7xx_hal_uart.o(.text.HAL_UART_IRQHandler)
    __arm_cp.44_11                           0x08002cf4   Number         4  stm32h7xx_hal_uart.o(.text.HAL_UART_IRQHandler)
    __arm_cp.44_12                           0x08002cf8   Number         4  stm32h7xx_hal_uart.o(.text.HAL_UART_IRQHandler)
    __arm_cp.44_13                           0x08002cfc   Number         4  stm32h7xx_hal_uart.o(.text.HAL_UART_IRQHandler)
    __arm_cp.44_14                           0x08002d00   Number         4  stm32h7xx_hal_uart.o(.text.HAL_UART_IRQHandler)
    __arm_cp.44_15                           0x08002d04   Number         4  stm32h7xx_hal_uart.o(.text.HAL_UART_IRQHandler)
    __arm_cp.44_16                           0x08002d08   Number         4  stm32h7xx_hal_uart.o(.text.HAL_UART_IRQHandler)
    __arm_cp.44_17                           0x08002d0c   Number         4  stm32h7xx_hal_uart.o(.text.HAL_UART_IRQHandler)
    __arm_cp.44_18                           0x08002d10   Number         4  stm32h7xx_hal_uart.o(.text.HAL_UART_IRQHandler)
    __arm_cp.44_19                           0x08002d14   Number         4  stm32h7xx_hal_uart.o(.text.HAL_UART_IRQHandler)
    [Anonymous Symbol]                       0x08002d18   Section        0  stm32h7xx_hal_uart.o(.text.HAL_UART_Init)
    [Anonymous Symbol]                       0x08002d7c   Section        0  usart.o(.text.HAL_UART_MspInit)
    __arm_cp.3_0                             0x08002f20   Number         4  usart.o(.text.HAL_UART_MspInit)
    __arm_cp.3_1                             0x08002f24   Number         4  usart.o(.text.HAL_UART_MspInit)
    __arm_cp.3_3                             0x08002f28   Number         4  usart.o(.text.HAL_UART_MspInit)
    __arm_cp.3_4                             0x08002f2c   Number         4  usart.o(.text.HAL_UART_MspInit)
    [Anonymous Symbol]                       0x08002f30   Section        0  stm32h7xx_hal_uart.o(.text.HAL_UART_Receive_IT)
    __arm_cp.18_0                            0x08002f80   Number         4  stm32h7xx_hal_uart.o(.text.HAL_UART_Receive_IT)
    [Anonymous Symbol]                       0x08002f88   Section        0  main.o(.text.HAL_UART_RxCpltCallback)
    __arm_cp.5_0                             0x08003040   Number         4  main.o(.text.HAL_UART_RxCpltCallback)
    __arm_cp.5_1                             0x08003044   Number         4  main.o(.text.HAL_UART_RxCpltCallback)
    [Anonymous Symbol]                       0x08003048   Section        0  stm32h7xx_hal_uart.o(.text.HAL_UART_Transmit)
    [Anonymous Symbol]                       0x08003104   Section        0  stm32h7xx_hal_uart.o(.text.HAL_UART_Transmit_IT)
    __arm_cp.13_0                            0x08003190   Number         4  stm32h7xx_hal_uart.o(.text.HAL_UART_Transmit_IT)
    __arm_cp.13_1                            0x08003194   Number         4  stm32h7xx_hal_uart.o(.text.HAL_UART_Transmit_IT)
    __arm_cp.13_2                            0x08003198   Number         4  stm32h7xx_hal_uart.o(.text.HAL_UART_Transmit_IT)
    __arm_cp.13_3                            0x0800319c   Number         4  stm32h7xx_hal_uart.o(.text.HAL_UART_Transmit_IT)
    [Anonymous Symbol]                       0x080031a0   Section        0  main.o(.text.HAL_UART_TxCpltCallback)
    [Anonymous Symbol]                       0x080031a2   Section        0  stm32h7xx_it.o(.text.HardFault_Handler)
    [Anonymous Symbol]                       0x080031a4   Section        0  gpio.o(.text.MX_GPIO_Init)
    __arm_cp.0_0                             0x080031fc   Number         4  gpio.o(.text.MX_GPIO_Init)
    __arm_cp.0_1                             0x08003200   Number         4  gpio.o(.text.MX_GPIO_Init)
    [Anonymous Symbol]                       0x08003204   Section        0  tim.o(.text.MX_TIM2_Init)
    __arm_cp.0_0                             0x0800329c   Number         4  tim.o(.text.MX_TIM2_Init)
    [Anonymous Symbol]                       0x080032a0   Section        0  usart.o(.text.MX_UART9_Init)
    __arm_cp.0_0                             0x080032fc   Number         4  usart.o(.text.MX_UART9_Init)
    __arm_cp.0_1                             0x08003300   Number         4  usart.o(.text.MX_UART9_Init)
    [Anonymous Symbol]                       0x08003304   Section        0  usart.o(.text.MX_USART1_UART_Init)
    __arm_cp.1_0                             0x08003360   Number         4  usart.o(.text.MX_USART1_UART_Init)
    __arm_cp.1_1                             0x08003364   Number         4  usart.o(.text.MX_USART1_UART_Init)
    [Anonymous Symbol]                       0x08003368   Section        0  usart.o(.text.MX_USART2_UART_Init)
    __arm_cp.2_0                             0x080033c4   Number         4  usart.o(.text.MX_USART2_UART_Init)
    __arm_cp.2_1                             0x080033c8   Number         4  usart.o(.text.MX_USART2_UART_Init)
    [Anonymous Symbol]                       0x080033cc   Section        0  stm32h7xx_it.o(.text.MemManage_Handler)
    [Anonymous Symbol]                       0x080033ce   Section        0  stm32h7xx_it.o(.text.NMI_Handler)
    [Anonymous Symbol]                       0x080033d0   Section        0  stm32h7xx_it.o(.text.PendSV_Handler)
    [Anonymous Symbol]                       0x080033d4   Section        0  stm32h7xx_hal_rcc_ex.o(.text.RCCEx_PLL2_Config)
    RCCEx_PLL2_Config                        0x080033d5   Thumb Code   272  stm32h7xx_hal_rcc_ex.o(.text.RCCEx_PLL2_Config)
    [Anonymous Symbol]                       0x080034e0   Section        0  stm32h7xx_hal_rcc_ex.o(.text.RCCEx_PLL3_Config)
    RCCEx_PLL3_Config                        0x080034e1   Thumb Code   272  stm32h7xx_hal_rcc_ex.o(.text.RCCEx_PLL3_Config)
    [Anonymous Symbol]                       0x080035ec   Section        0  stm32h7xx_it.o(.text.SVC_Handler)
    [Anonymous Symbol]                       0x080035ee   Section        0  stm32h7xx_it.o(.text.SysTick_Handler)
    [Anonymous Symbol]                       0x080035f4   Section        0  main.o(.text.SystemClock_Config)
    __arm_cp.2_0                             0x08003698   Number         4  main.o(.text.SystemClock_Config)
    [Anonymous Symbol]                       0x0800369c   Section        0  system_stm32h7xx.o(.text.SystemInit)
    __arm_cp.0_0                             0x08003718   Number         4  system_stm32h7xx.o(.text.SystemInit)
    __arm_cp.0_1                             0x0800371c   Number         4  system_stm32h7xx.o(.text.SystemInit)
    __arm_cp.0_2                             0x08003720   Number         4  system_stm32h7xx.o(.text.SystemInit)
    __arm_cp.0_3                             0x08003724   Number         4  system_stm32h7xx.o(.text.SystemInit)
    __arm_cp.0_4                             0x08003728   Number         4  system_stm32h7xx.o(.text.SystemInit)
    __arm_cp.0_5                             0x0800372c   Number         4  system_stm32h7xx.o(.text.SystemInit)
    __arm_cp.0_6                             0x08003730   Number         4  system_stm32h7xx.o(.text.SystemInit)
    [Anonymous Symbol]                       0x08003734   Section        0  stm32h7xx_hal_tim.o(.text.TIM_Base_SetConfig)
    __arm_cp.2_0                             0x080037f8   Number         4  stm32h7xx_hal_tim.o(.text.TIM_Base_SetConfig)
    __arm_cp.2_1                             0x080037fc   Number         4  stm32h7xx_hal_tim.o(.text.TIM_Base_SetConfig)
    __arm_cp.2_2                             0x08003800   Number         4  stm32h7xx_hal_tim.o(.text.TIM_Base_SetConfig)
    __arm_cp.2_5                             0x08003804   Number         4  stm32h7xx_hal_tim.o(.text.TIM_Base_SetConfig)
    __arm_cp.2_6                             0x08003808   Number         4  stm32h7xx_hal_tim.o(.text.TIM_Base_SetConfig)
    [Anonymous Symbol]                       0x0800380c   Section        0  stm32h7xx_hal_tim.o(.text.TIM_OC1_SetConfig)
    TIM_OC1_SetConfig                        0x0800380d   Thumb Code   168  stm32h7xx_hal_tim.o(.text.TIM_OC1_SetConfig)
    [Anonymous Symbol]                       0x0800389c   Section        0  stm32h7xx_hal_tim.o(.text.TIM_OC2_SetConfig)
    [Anonymous Symbol]                       0x08003920   Section        0  stm32h7xx_hal_tim.o(.text.TIM_OC3_SetConfig)
    TIM_OC3_SetConfig                        0x08003921   Thumb Code   156  stm32h7xx_hal_tim.o(.text.TIM_OC3_SetConfig)
    __arm_cp.76_0                            0x080039a4   Number         4  stm32h7xx_hal_tim.o(.text.TIM_OC3_SetConfig)
    [Anonymous Symbol]                       0x080039a8   Section        0  stm32h7xx_hal_tim.o(.text.TIM_OC4_SetConfig)
    TIM_OC4_SetConfig                        0x080039a9   Thumb Code   124  stm32h7xx_hal_tim.o(.text.TIM_OC4_SetConfig)
    __arm_cp.77_0                            0x08003a0c   Number         4  stm32h7xx_hal_tim.o(.text.TIM_OC4_SetConfig)
    [Anonymous Symbol]                       0x08003a10   Section        0  stm32h7xx_hal_tim.o(.text.TIM_OC5_SetConfig)
    TIM_OC5_SetConfig                        0x08003a11   Thumb Code   124  stm32h7xx_hal_tim.o(.text.TIM_OC5_SetConfig)
    __arm_cp.78_0                            0x08003a74   Number         4  stm32h7xx_hal_tim.o(.text.TIM_OC5_SetConfig)
    __arm_cp.78_1                            0x08003a78   Number         4  stm32h7xx_hal_tim.o(.text.TIM_OC5_SetConfig)
    __arm_cp.78_2                            0x08003a7c   Number         4  stm32h7xx_hal_tim.o(.text.TIM_OC5_SetConfig)
    [Anonymous Symbol]                       0x08003a80   Section        0  stm32h7xx_hal_tim.o(.text.TIM_OC6_SetConfig)
    TIM_OC6_SetConfig                        0x08003a81   Thumb Code   124  stm32h7xx_hal_tim.o(.text.TIM_OC6_SetConfig)
    __arm_cp.79_0                            0x08003ae4   Number         4  stm32h7xx_hal_tim.o(.text.TIM_OC6_SetConfig)
    __arm_cp.79_1                            0x08003ae8   Number         4  stm32h7xx_hal_tim.o(.text.TIM_OC6_SetConfig)
    __arm_cp.79_2                            0x08003aec   Number         4  stm32h7xx_hal_tim.o(.text.TIM_OC6_SetConfig)
    __arm_cp.79_3                            0x08003af0   Number         4  stm32h7xx_hal_tim.o(.text.TIM_OC6_SetConfig)
    __arm_cp.79_4                            0x08003af4   Number         4  stm32h7xx_hal_tim.o(.text.TIM_OC6_SetConfig)
    __arm_cp.79_5                            0x08003af8   Number         4  stm32h7xx_hal_tim.o(.text.TIM_OC6_SetConfig)
    [Anonymous Symbol]                       0x08003afc   Section        0  stm32h7xx_hal_tim.o(.text.TIM_TI1_ConfigInputStage)
    TIM_TI1_ConfigInputStage                 0x08003afd   Thumb Code    34  stm32h7xx_hal_tim.o(.text.TIM_TI1_ConfigInputStage)
    [Anonymous Symbol]                       0x08003b1e   Section        0  stm32h7xx_hal_tim.o(.text.TIM_TI2_ConfigInputStage)
    TIM_TI2_ConfigInputStage                 0x08003b1f   Thumb Code    36  stm32h7xx_hal_tim.o(.text.TIM_TI2_ConfigInputStage)
    [Anonymous Symbol]                       0x08003b44   Section        0  stm32h7xx_it.o(.text.UART9_IRQHandler)
    __arm_cp.11_0                            0x08003b4c   Number         4  stm32h7xx_it.o(.text.UART9_IRQHandler)
    [Anonymous Symbol]                       0x08003b50   Section        0  stm32h7xx_hal_uart_ex.o(.text.UARTEx_SetNbDataToProcess)
    UARTEx_SetNbDataToProcess                0x08003b51   Thumb Code    92  stm32h7xx_hal_uart_ex.o(.text.UARTEx_SetNbDataToProcess)
    UARTEx_SetNbDataToProcess.denominator    0x08003b9c   Number         0  stm32h7xx_hal_uart_ex.o(.text.UARTEx_SetNbDataToProcess)
    UARTEx_SetNbDataToProcess.numerator      0x08003ba4   Number         0  stm32h7xx_hal_uart_ex.o(.text.UARTEx_SetNbDataToProcess)
    [Anonymous Symbol]                       0x08003bac   Section        0  stm32h7xx_hal_uart.o(.text.UART_AdvFeatureConfig)
    [Anonymous Symbol]                       0x08003c80   Section        0  stm32h7xx_hal_uart.o(.text.UART_CheckIdleState)
    __arm_cp.4_0                             0x08003d38   Number         4  stm32h7xx_hal_uart.o(.text.UART_CheckIdleState)
    [Anonymous Symbol]                       0x08003d3c   Section        0  stm32h7xx_hal_uart.o(.text.UART_DMAAbortOnError)
    UART_DMAAbortOnError                     0x08003d3d   Thumb Code    16  stm32h7xx_hal_uart.o(.text.UART_DMAAbortOnError)
    [Anonymous Symbol]                       0x08003d4c   Section        0  stm32h7xx_hal_uart.o(.text.UART_EndRxTransfer)
    UART_EndRxTransfer                       0x08003d4d   Thumb Code    84  stm32h7xx_hal_uart.o(.text.UART_EndRxTransfer)
    [Anonymous Symbol]                       0x08003d9c   Section        0  stm32h7xx_hal_uart.o(.text.UART_RxISR_16BIT)
    UART_RxISR_16BIT                         0x08003d9d   Thumb Code   208  stm32h7xx_hal_uart.o(.text.UART_RxISR_16BIT)
    [Anonymous Symbol]                       0x08003e68   Section        0  stm32h7xx_hal_uart.o(.text.UART_RxISR_16BIT_FIFOEN)
    UART_RxISR_16BIT_FIFOEN                  0x08003e69   Thumb Code   448  stm32h7xx_hal_uart.o(.text.UART_RxISR_16BIT_FIFOEN)
    __arm_cp.63_0                            0x0800401c   Number         4  stm32h7xx_hal_uart.o(.text.UART_RxISR_16BIT_FIFOEN)
    __arm_cp.63_1                            0x08004020   Number         4  stm32h7xx_hal_uart.o(.text.UART_RxISR_16BIT_FIFOEN)
    [Anonymous Symbol]                       0x08004024   Section        0  stm32h7xx_hal_uart.o(.text.UART_RxISR_8BIT)
    UART_RxISR_8BIT                          0x08004025   Thumb Code   208  stm32h7xx_hal_uart.o(.text.UART_RxISR_8BIT)
    __arm_cp.66_0                            0x080040f0   Number         4  stm32h7xx_hal_uart.o(.text.UART_RxISR_8BIT)
    [Anonymous Symbol]                       0x080040f4   Section        0  stm32h7xx_hal_uart.o(.text.UART_RxISR_8BIT_FIFOEN)
    UART_RxISR_8BIT_FIFOEN                   0x080040f5   Thumb Code   452  stm32h7xx_hal_uart.o(.text.UART_RxISR_8BIT_FIFOEN)
    __arm_cp.64_0                            0x080042ac   Number         4  stm32h7xx_hal_uart.o(.text.UART_RxISR_8BIT_FIFOEN)
    __arm_cp.64_1                            0x080042b0   Number         4  stm32h7xx_hal_uart.o(.text.UART_RxISR_8BIT_FIFOEN)
    __arm_cp.64_2                            0x080042b4   Number         4  stm32h7xx_hal_uart.o(.text.UART_RxISR_8BIT_FIFOEN)
    [Anonymous Symbol]                       0x080042b8   Section        0  stm32h7xx_hal_uart.o(.text.UART_SetConfig)
    __arm_cp.3_32                            0x08004528   Number         4  stm32h7xx_hal_uart.o(.text.UART_SetConfig)
    __arm_cp.3_33                            0x0800452c   Number         4  stm32h7xx_hal_uart.o(.text.UART_SetConfig)
    __arm_cp.3_34                            0x08004530   Number         4  stm32h7xx_hal_uart.o(.text.UART_SetConfig)
    __arm_cp.3_35                            0x08004534   Number         4  stm32h7xx_hal_uart.o(.text.UART_SetConfig)
    __arm_cp.3_36                            0x08004538   Number         4  stm32h7xx_hal_uart.o(.text.UART_SetConfig)
    __arm_cp.3_37                            0x0800453c   Number         4  stm32h7xx_hal_uart.o(.text.UART_SetConfig)
    __arm_cp.3_38                            0x08004540   Number         4  stm32h7xx_hal_uart.o(.text.UART_SetConfig)
    __arm_cp.3_39                            0x08004544   Number         4  stm32h7xx_hal_uart.o(.text.UART_SetConfig)
    __arm_cp.3_40                            0x08004548   Number         4  stm32h7xx_hal_uart.o(.text.UART_SetConfig)
    __arm_cp.3_41                            0x0800454c   Number         4  stm32h7xx_hal_uart.o(.text.UART_SetConfig)
    __arm_cp.3_42                            0x08004550   Number         4  stm32h7xx_hal_uart.o(.text.UART_SetConfig)
    __arm_cp.3_43                            0x08004554   Number         4  stm32h7xx_hal_uart.o(.text.UART_SetConfig)
    __arm_cp.3_44                            0x08004558   Number         4  stm32h7xx_hal_uart.o(.text.UART_SetConfig)
    __arm_cp.3_45                            0x0800455c   Number         4  stm32h7xx_hal_uart.o(.text.UART_SetConfig)
    __arm_cp.3_46                            0x08004560   Number         4  stm32h7xx_hal_uart.o(.text.UART_SetConfig)
    __arm_cp.3_47                            0x08004564   Number         4  stm32h7xx_hal_uart.o(.text.UART_SetConfig)
    __arm_cp.3_48                            0x08004568   Number         4  stm32h7xx_hal_uart.o(.text.UART_SetConfig)
    __arm_cp.3_17                            0x080046d0   Number         4  stm32h7xx_hal_uart.o(.text.UART_SetConfig)
    __arm_cp.3_18                            0x080046d4   Number         4  stm32h7xx_hal_uart.o(.text.UART_SetConfig)
    [Anonymous Symbol]                       0x080046d8   Section        0  stm32h7xx_hal_uart.o(.text.UART_Start_Receive_IT)
    __arm_cp.19_0                            0x080047f4   Number         4  stm32h7xx_hal_uart.o(.text.UART_Start_Receive_IT)
    __arm_cp.19_1                            0x080047f8   Number         4  stm32h7xx_hal_uart.o(.text.UART_Start_Receive_IT)
    __arm_cp.19_2                            0x080047fc   Number         4  stm32h7xx_hal_uart.o(.text.UART_Start_Receive_IT)
    __arm_cp.19_3                            0x08004800   Number         4  stm32h7xx_hal_uart.o(.text.UART_Start_Receive_IT)
    [Anonymous Symbol]                       0x08004804   Section        0  stm32h7xx_hal_uart.o(.text.UART_TxISR_16BIT)
    UART_TxISR_16BIT                         0x08004805   Thumb Code    86  stm32h7xx_hal_uart.o(.text.UART_TxISR_16BIT)
    [Anonymous Symbol]                       0x0800485a   Section        0  stm32h7xx_hal_uart.o(.text.UART_TxISR_16BIT_FIFOEN)
    UART_TxISR_16BIT_FIFOEN                  0x0800485b   Thumb Code   110  stm32h7xx_hal_uart.o(.text.UART_TxISR_16BIT_FIFOEN)
    [Anonymous Symbol]                       0x080048c8   Section        0  stm32h7xx_hal_uart.o(.text.UART_TxISR_8BIT)
    UART_TxISR_8BIT                          0x080048c9   Thumb Code    82  stm32h7xx_hal_uart.o(.text.UART_TxISR_8BIT)
    [Anonymous Symbol]                       0x0800491a   Section        0  stm32h7xx_hal_uart.o(.text.UART_TxISR_8BIT_FIFOEN)
    UART_TxISR_8BIT_FIFOEN                   0x0800491b   Thumb Code   106  stm32h7xx_hal_uart.o(.text.UART_TxISR_8BIT_FIFOEN)
    [Anonymous Symbol]                       0x08004984   Section        0  stm32h7xx_hal_uart.o(.text.UART_WaitOnFlagUntilTimeout)
    [Anonymous Symbol]                       0x08004a24   Section        0  stm32h7xx_it.o(.text.USART1_IRQHandler)
    __arm_cp.9_0                             0x08004a2c   Number         4  stm32h7xx_it.o(.text.USART1_IRQHandler)
    [Anonymous Symbol]                       0x08004a30   Section        0  stm32h7xx_it.o(.text.USART2_IRQHandler)
    [Anonymous Symbol]                       0x08004a38   Section        0  stm32h7xx_it.o(.text.UsageFault_Handler)
    [Anonymous Symbol]                       0x08004a3c   Section        0  main.o(.text.draw_line_in_angle)
    [Anonymous Symbol]                       0x08004aa8   Section        0  main.o(.text.draw_triangle_in_angle)
    __arm_cp.3_0                             0x08004b1c   Number         4  main.o(.text.draw_triangle_in_angle)
    __arm_cp.3_2                             0x08004b24   Number         4  main.o(.text.draw_triangle_in_angle)
    [Anonymous Symbol]                       0x08004b28   Section        0  main.o(.text.execute_path)
    __arm_cp.28_0                            0x08004b50   Number         4  main.o(.text.execute_path)
    __arm_cp.28_1                            0x08004b54   Number         4  main.o(.text.execute_path)
    [Anonymous Symbol]                       0x08004b58   Section        0  main.o(.text.main)
    __arm_cp.1_0                             0x08004bc8   Number         4  main.o(.text.main)
    __arm_cp.1_2                             0x08004bcc   Number         4  main.o(.text.main)
    [Anonymous Symbol]                       0x08004bd0   Section        0  main.o(.text.move_to_angle1)
    __arm_cp.25_0                            0x08004ccc   Number         4  main.o(.text.move_to_angle1)
    i.__hardfp__fabsf                        0x08004cd4   Section        0  fabsf.o(i.__hardfp__fabsf)
    x$fpl$fpinit                             0x08004ce2   Section       10  fpinit.o(x$fpl$fpinit)
    $v0                                      0x08004ce2   Number         0  fpinit.o(x$fpl$fpinit)
    x$fpl$usenofp                            0x08004cec   Section        0  usenofp.o(x$fpl$usenofp)
    [Anonymous Symbol]                       0x20000000   Section        0  stm32h7xx_hal.o(.data..L_MergedGlobals)
    [Anonymous Symbol]                       0x2000000c   Section        0  system_stm32h7xx.o(.data..L_MergedGlobals)
    .bss                                     0x20000018   Section       96  libspace.o(.bss)
    STACK                                    0x200001f0   Section     1024  startup_stm32h723xx.o(STACK)
    Stack_Mem                                0x200001f0   Data        1024  startup_stm32h723xx.o(STACK)
    __initial_sp                             0x200005f0   Data           0  startup_stm32h723xx.o(STACK)
    [Anonymous Symbol]                       0x24000000   Section        0  main.o(.bss..L_MergedGlobals)
    HEAP                                     0x240003e8   Section      512  startup_stm32h723xx.o(HEAP)
    Heap_Mem                                 0x240003e8   Data         512  startup_stm32h723xx.o(HEAP)

    Global Symbols

    Symbol Name                              Value     Ov Type        Size  Object(Section)

    BuildAttributes$$THM_ISAv4$E$P$D$K$B$S$7EM$VFPv5_D16$PE$PLD8$A:L22UL41UL21$X:L11$S22US41US21$IEEE1$IW$~IW$USESV6$~STKCKD$USESV7$~SHL$OTIME$ROPI$IEEEX$EBA8$UX$STANDARDLIB$REQ8$PRES8$EABIv2 0x00000000   Number         0  anon$$obj.o ABSOLUTE
    __ARM_exceptions_init                     - Undefined Weak Reference
    __alloca_initialize                       - Undefined Weak Reference
    __arm_preinit_                            - Undefined Weak Reference
    __cpp_initialize__aeabi_                  - Undefined Weak Reference
    __cxa_finalize                            - Undefined Weak Reference
    __rt_locale                               - Undefined Weak Reference
    __sigvec_lookup                           - Undefined Weak Reference
    _atexit_init                              - Undefined Weak Reference
    _call_atexit_fns                          - Undefined Weak Reference
    _clock_init                               - Undefined Weak Reference
    _fp_trap_init                             - Undefined Weak Reference
    _fp_trap_shutdown                         - Undefined Weak Reference
    _get_lc_collate                           - Undefined Weak Reference
    _get_lc_ctype                             - Undefined Weak Reference
    _get_lc_monetary                          - Undefined Weak Reference
    _get_lc_numeric                           - Undefined Weak Reference
    _get_lc_time                              - Undefined Weak Reference
    _getenv_init                              - Undefined Weak Reference
    _handle_redirection                       - Undefined Weak Reference
    _init_alloc                               - Undefined Weak Reference
    _init_user_alloc                          - Undefined Weak Reference
    _initio                                   - Undefined Weak Reference
    _rand_init                                - Undefined Weak Reference
    _signal_finish                            - Undefined Weak Reference
    _signal_init                              - Undefined Weak Reference
    _terminate_alloc                          - Undefined Weak Reference
    _terminate_user_alloc                     - Undefined Weak Reference
    _terminateio                              - Undefined Weak Reference
    __Vectors_Size                           0x000002cc   Number         0  startup_stm32h723xx.o ABSOLUTE
    __Vectors                                0x08000000   Data           4  startup_stm32h723xx.o(RESET)
    __Vectors_End                            0x080002cc   Data           0  startup_stm32h723xx.o(RESET)
    __main                                   0x080002cd   Thumb Code     8  __main.o(!!!main)
    __scatterload                            0x080002d5   Thumb Code     0  __scatter.o(!!!scatter)
    __scatterload_rt2                        0x080002d5   Thumb Code    44  __scatter.o(!!!scatter)
    __scatterload_rt2_thumb_only             0x080002d5   Thumb Code     0  __scatter.o(!!!scatter)
    __scatterload_null                       0x080002e3   Thumb Code     0  __scatter.o(!!!scatter)
    __scatterload_copy                       0x08000309   Thumb Code    26  __scatter_copy.o(!!handler_copy)
    __scatterload_zeroinit                   0x08000325   Thumb Code    28  __scatter_zi.o(!!handler_zi)
    __rt_lib_init                            0x08000341   Thumb Code     0  libinit.o(.ARM.Collect$$libinit$$00000000)
    __rt_lib_init_fp_1                       0x08000343   Thumb Code     0  libinit2.o(.ARM.Collect$$libinit$$00000001)
    __rt_lib_init_alloca_1                   0x08000347   Thumb Code     0  libinit2.o(.ARM.Collect$$libinit$$0000002E)
    __rt_lib_init_argv_1                     0x08000347   Thumb Code     0  libinit2.o(.ARM.Collect$$libinit$$0000002C)
    __rt_lib_init_atexit_1                   0x08000347   Thumb Code     0  libinit2.o(.ARM.Collect$$libinit$$0000001B)
    __rt_lib_init_clock_1                    0x08000347   Thumb Code     0  libinit2.o(.ARM.Collect$$libinit$$00000021)
    __rt_lib_init_cpp_1                      0x08000347   Thumb Code     0  libinit2.o(.ARM.Collect$$libinit$$00000032)
    __rt_lib_init_exceptions_1               0x08000347   Thumb Code     0  libinit2.o(.ARM.Collect$$libinit$$00000030)
    __rt_lib_init_fp_trap_1                  0x08000347   Thumb Code     0  libinit2.o(.ARM.Collect$$libinit$$0000001F)
    __rt_lib_init_getenv_1                   0x08000347   Thumb Code     0  libinit2.o(.ARM.Collect$$libinit$$00000023)
    __rt_lib_init_heap_1                     0x08000347   Thumb Code     0  libinit2.o(.ARM.Collect$$libinit$$0000000A)
    __rt_lib_init_lc_collate_1               0x08000347   Thumb Code     0  libinit2.o(.ARM.Collect$$libinit$$00000011)
    __rt_lib_init_lc_ctype_1                 0x08000347   Thumb Code     0  libinit2.o(.ARM.Collect$$libinit$$00000013)
    __rt_lib_init_lc_monetary_1              0x08000347   Thumb Code     0  libinit2.o(.ARM.Collect$$libinit$$00000015)
    __rt_lib_init_lc_numeric_1               0x08000347   Thumb Code     0  libinit2.o(.ARM.Collect$$libinit$$00000017)
    __rt_lib_init_lc_time_1                  0x08000347   Thumb Code     0  libinit2.o(.ARM.Collect$$libinit$$00000019)
    __rt_lib_init_preinit_1                  0x08000347   Thumb Code     0  libinit2.o(.ARM.Collect$$libinit$$00000004)
    __rt_lib_init_rand_1                     0x08000347   Thumb Code     0  libinit2.o(.ARM.Collect$$libinit$$0000000E)
    __rt_lib_init_return                     0x08000347   Thumb Code     0  libinit2.o(.ARM.Collect$$libinit$$00000033)
    __rt_lib_init_signal_1                   0x08000347   Thumb Code     0  libinit2.o(.ARM.Collect$$libinit$$0000001D)
    __rt_lib_init_stdio_1                    0x08000347   Thumb Code     0  libinit2.o(.ARM.Collect$$libinit$$00000025)
    __rt_lib_init_user_alloc_1               0x08000347   Thumb Code     0  libinit2.o(.ARM.Collect$$libinit$$0000000C)
    __rt_lib_shutdown                        0x08000349   Thumb Code     0  libshutdown.o(.ARM.Collect$$libshutdown$$00000000)
    __rt_lib_shutdown_cpp_1                  0x0800034b   Thumb Code     0  libshutdown2.o(.ARM.Collect$$libshutdown$$00000002)
    __rt_lib_shutdown_fp_trap_1              0x0800034b   Thumb Code     0  libshutdown2.o(.ARM.Collect$$libshutdown$$00000007)
    __rt_lib_shutdown_heap_1                 0x0800034b   Thumb Code     0  libshutdown2.o(.ARM.Collect$$libshutdown$$0000000F)
    __rt_lib_shutdown_return                 0x0800034b   Thumb Code     0  libshutdown2.o(.ARM.Collect$$libshutdown$$00000010)
    __rt_lib_shutdown_signal_1               0x0800034b   Thumb Code     0  libshutdown2.o(.ARM.Collect$$libshutdown$$0000000A)
    __rt_lib_shutdown_stdio_1                0x0800034b   Thumb Code     0  libshutdown2.o(.ARM.Collect$$libshutdown$$00000004)
    __rt_lib_shutdown_user_alloc_1           0x0800034b   Thumb Code     0  libshutdown2.o(.ARM.Collect$$libshutdown$$0000000C)
    __rt_entry                               0x0800034d   Thumb Code     0  __rtentry.o(.ARM.Collect$$rtentry$$00000000)
    __rt_entry_presh_1                       0x0800034d   Thumb Code     0  __rtentry2.o(.ARM.Collect$$rtentry$$00000002)
    __rt_entry_sh                            0x0800034d   Thumb Code     0  __rtentry4.o(.ARM.Collect$$rtentry$$00000004)
    __rt_entry_li                            0x08000353   Thumb Code     0  __rtentry2.o(.ARM.Collect$$rtentry$$0000000A)
    __rt_entry_postsh_1                      0x08000353   Thumb Code     0  __rtentry2.o(.ARM.Collect$$rtentry$$00000009)
    __rt_entry_main                          0x08000357   Thumb Code     0  __rtentry2.o(.ARM.Collect$$rtentry$$0000000D)
    __rt_entry_postli_1                      0x08000357   Thumb Code     0  __rtentry2.o(.ARM.Collect$$rtentry$$0000000C)
    __rt_exit                                0x0800035f   Thumb Code     0  rtexit.o(.ARM.Collect$$rtexit$$00000000)
    __rt_exit_ls                             0x08000361   Thumb Code     0  rtexit2.o(.ARM.Collect$$rtexit$$00000003)
    __rt_exit_prels_1                        0x08000361   Thumb Code     0  rtexit2.o(.ARM.Collect$$rtexit$$00000002)
    __rt_exit_exit                           0x08000365   Thumb Code     0  rtexit2.o(.ARM.Collect$$rtexit$$00000004)
    Reset_Handler                            0x0800036d   Thumb Code     8  startup_stm32h723xx.o(.text)
    ADC3_IRQHandler                          0x08000387   Thumb Code     0  startup_stm32h723xx.o(.text)
    ADC_IRQHandler                           0x08000387   Thumb Code     0  startup_stm32h723xx.o(.text)
    BDMA_Channel0_IRQHandler                 0x08000387   Thumb Code     0  startup_stm32h723xx.o(.text)
    BDMA_Channel1_IRQHandler                 0x08000387   Thumb Code     0  startup_stm32h723xx.o(.text)
    BDMA_Channel2_IRQHandler                 0x08000387   Thumb Code     0  startup_stm32h723xx.o(.text)
    BDMA_Channel3_IRQHandler                 0x08000387   Thumb Code     0  startup_stm32h723xx.o(.text)
    BDMA_Channel4_IRQHandler                 0x08000387   Thumb Code     0  startup_stm32h723xx.o(.text)
    BDMA_Channel5_IRQHandler                 0x08000387   Thumb Code     0  startup_stm32h723xx.o(.text)
    BDMA_Channel6_IRQHandler                 0x08000387   Thumb Code     0  startup_stm32h723xx.o(.text)
    BDMA_Channel7_IRQHandler                 0x08000387   Thumb Code     0  startup_stm32h723xx.o(.text)
    CEC_IRQHandler                           0x08000387   Thumb Code     0  startup_stm32h723xx.o(.text)
    COMP1_IRQHandler                         0x08000387   Thumb Code     0  startup_stm32h723xx.o(.text)
    CORDIC_IRQHandler                        0x08000387   Thumb Code     0  startup_stm32h723xx.o(.text)
    CRS_IRQHandler                           0x08000387   Thumb Code     0  startup_stm32h723xx.o(.text)
    DCMI_PSSI_IRQHandler                     0x08000387   Thumb Code     0  startup_stm32h723xx.o(.text)
    DFSDM1_FLT0_IRQHandler                   0x08000387   Thumb Code     0  startup_stm32h723xx.o(.text)
    DFSDM1_FLT1_IRQHandler                   0x08000387   Thumb Code     0  startup_stm32h723xx.o(.text)
    DFSDM1_FLT2_IRQHandler                   0x08000387   Thumb Code     0  startup_stm32h723xx.o(.text)
    DFSDM1_FLT3_IRQHandler                   0x08000387   Thumb Code     0  startup_stm32h723xx.o(.text)
    DMA1_Stream0_IRQHandler                  0x08000387   Thumb Code     0  startup_stm32h723xx.o(.text)
    DMA1_Stream1_IRQHandler                  0x08000387   Thumb Code     0  startup_stm32h723xx.o(.text)
    DMA1_Stream2_IRQHandler                  0x08000387   Thumb Code     0  startup_stm32h723xx.o(.text)
    DMA1_Stream3_IRQHandler                  0x08000387   Thumb Code     0  startup_stm32h723xx.o(.text)
    DMA1_Stream4_IRQHandler                  0x08000387   Thumb Code     0  startup_stm32h723xx.o(.text)
    DMA1_Stream5_IRQHandler                  0x08000387   Thumb Code     0  startup_stm32h723xx.o(.text)
    DMA1_Stream6_IRQHandler                  0x08000387   Thumb Code     0  startup_stm32h723xx.o(.text)
    DMA1_Stream7_IRQHandler                  0x08000387   Thumb Code     0  startup_stm32h723xx.o(.text)
    DMA2D_IRQHandler                         0x08000387   Thumb Code     0  startup_stm32h723xx.o(.text)
    DMA2_Stream0_IRQHandler                  0x08000387   Thumb Code     0  startup_stm32h723xx.o(.text)
    DMA2_Stream1_IRQHandler                  0x08000387   Thumb Code     0  startup_stm32h723xx.o(.text)
    DMA2_Stream2_IRQHandler                  0x08000387   Thumb Code     0  startup_stm32h723xx.o(.text)
    DMA2_Stream3_IRQHandler                  0x08000387   Thumb Code     0  startup_stm32h723xx.o(.text)
    DMA2_Stream4_IRQHandler                  0x08000387   Thumb Code     0  startup_stm32h723xx.o(.text)
    DMA2_Stream5_IRQHandler                  0x08000387   Thumb Code     0  startup_stm32h723xx.o(.text)
    DMA2_Stream6_IRQHandler                  0x08000387   Thumb Code     0  startup_stm32h723xx.o(.text)
    DMA2_Stream7_IRQHandler                  0x08000387   Thumb Code     0  startup_stm32h723xx.o(.text)
    DMAMUX1_OVR_IRQHandler                   0x08000387   Thumb Code     0  startup_stm32h723xx.o(.text)
    DMAMUX2_OVR_IRQHandler                   0x08000387   Thumb Code     0  startup_stm32h723xx.o(.text)
    DTS_IRQHandler                           0x08000387   Thumb Code     0  startup_stm32h723xx.o(.text)
    ECC_IRQHandler                           0x08000387   Thumb Code     0  startup_stm32h723xx.o(.text)
    ETH_IRQHandler                           0x08000387   Thumb Code     0  startup_stm32h723xx.o(.text)
    ETH_WKUP_IRQHandler                      0x08000387   Thumb Code     0  startup_stm32h723xx.o(.text)
    EXTI0_IRQHandler                         0x08000387   Thumb Code     0  startup_stm32h723xx.o(.text)
    EXTI15_10_IRQHandler                     0x08000387   Thumb Code     0  startup_stm32h723xx.o(.text)
    EXTI1_IRQHandler                         0x08000387   Thumb Code     0  startup_stm32h723xx.o(.text)
    EXTI2_IRQHandler                         0x08000387   Thumb Code     0  startup_stm32h723xx.o(.text)
    EXTI3_IRQHandler                         0x08000387   Thumb Code     0  startup_stm32h723xx.o(.text)
    EXTI4_IRQHandler                         0x08000387   Thumb Code     0  startup_stm32h723xx.o(.text)
    EXTI9_5_IRQHandler                       0x08000387   Thumb Code     0  startup_stm32h723xx.o(.text)
    FDCAN1_IT0_IRQHandler                    0x08000387   Thumb Code     0  startup_stm32h723xx.o(.text)
    FDCAN1_IT1_IRQHandler                    0x08000387   Thumb Code     0  startup_stm32h723xx.o(.text)
    FDCAN2_IT0_IRQHandler                    0x08000387   Thumb Code     0  startup_stm32h723xx.o(.text)
    FDCAN2_IT1_IRQHandler                    0x08000387   Thumb Code     0  startup_stm32h723xx.o(.text)
    FDCAN3_IT0_IRQHandler                    0x08000387   Thumb Code     0  startup_stm32h723xx.o(.text)
    FDCAN3_IT1_IRQHandler                    0x08000387   Thumb Code     0  startup_stm32h723xx.o(.text)
    FDCAN_CAL_IRQHandler                     0x08000387   Thumb Code     0  startup_stm32h723xx.o(.text)
    FLASH_IRQHandler                         0x08000387   Thumb Code     0  startup_stm32h723xx.o(.text)
    FMAC_IRQHandler                          0x08000387   Thumb Code     0  startup_stm32h723xx.o(.text)
    FMC_IRQHandler                           0x08000387   Thumb Code     0  startup_stm32h723xx.o(.text)
    FPU_IRQHandler                           0x08000387   Thumb Code     0  startup_stm32h723xx.o(.text)
    HSEM1_IRQHandler                         0x08000387   Thumb Code     0  startup_stm32h723xx.o(.text)
    I2C1_ER_IRQHandler                       0x08000387   Thumb Code     0  startup_stm32h723xx.o(.text)
    I2C1_EV_IRQHandler                       0x08000387   Thumb Code     0  startup_stm32h723xx.o(.text)
    I2C2_ER_IRQHandler                       0x08000387   Thumb Code     0  startup_stm32h723xx.o(.text)
    I2C2_EV_IRQHandler                       0x08000387   Thumb Code     0  startup_stm32h723xx.o(.text)
    I2C3_ER_IRQHandler                       0x08000387   Thumb Code     0  startup_stm32h723xx.o(.text)
    I2C3_EV_IRQHandler                       0x08000387   Thumb Code     0  startup_stm32h723xx.o(.text)
    I2C4_ER_IRQHandler                       0x08000387   Thumb Code     0  startup_stm32h723xx.o(.text)
    I2C4_EV_IRQHandler                       0x08000387   Thumb Code     0  startup_stm32h723xx.o(.text)
    I2C5_ER_IRQHandler                       0x08000387   Thumb Code     0  startup_stm32h723xx.o(.text)
    I2C5_EV_IRQHandler                       0x08000387   Thumb Code     0  startup_stm32h723xx.o(.text)
    LPTIM1_IRQHandler                        0x08000387   Thumb Code     0  startup_stm32h723xx.o(.text)
    LPTIM2_IRQHandler                        0x08000387   Thumb Code     0  startup_stm32h723xx.o(.text)
    LPTIM3_IRQHandler                        0x08000387   Thumb Code     0  startup_stm32h723xx.o(.text)
    LPTIM4_IRQHandler                        0x08000387   Thumb Code     0  startup_stm32h723xx.o(.text)
    LPTIM5_IRQHandler                        0x08000387   Thumb Code     0  startup_stm32h723xx.o(.text)
    LPUART1_IRQHandler                       0x08000387   Thumb Code     0  startup_stm32h723xx.o(.text)
    LTDC_ER_IRQHandler                       0x08000387   Thumb Code     0  startup_stm32h723xx.o(.text)
    LTDC_IRQHandler                          0x08000387   Thumb Code     0  startup_stm32h723xx.o(.text)
    MDIOS_IRQHandler                         0x08000387   Thumb Code     0  startup_stm32h723xx.o(.text)
    MDIOS_WKUP_IRQHandler                    0x08000387   Thumb Code     0  startup_stm32h723xx.o(.text)
    MDMA_IRQHandler                          0x08000387   Thumb Code     0  startup_stm32h723xx.o(.text)
    OCTOSPI1_IRQHandler                      0x08000387   Thumb Code     0  startup_stm32h723xx.o(.text)
    OCTOSPI2_IRQHandler                      0x08000387   Thumb Code     0  startup_stm32h723xx.o(.text)
    OTG_HS_EP1_IN_IRQHandler                 0x08000387   Thumb Code     0  startup_stm32h723xx.o(.text)
    OTG_HS_EP1_OUT_IRQHandler                0x08000387   Thumb Code     0  startup_stm32h723xx.o(.text)
    OTG_HS_IRQHandler                        0x08000387   Thumb Code     0  startup_stm32h723xx.o(.text)
    OTG_HS_WKUP_IRQHandler                   0x08000387   Thumb Code     0  startup_stm32h723xx.o(.text)
    PVD_AVD_IRQHandler                       0x08000387   Thumb Code     0  startup_stm32h723xx.o(.text)
    RCC_IRQHandler                           0x08000387   Thumb Code     0  startup_stm32h723xx.o(.text)
    RNG_IRQHandler                           0x08000387   Thumb Code     0  startup_stm32h723xx.o(.text)
    RTC_Alarm_IRQHandler                     0x08000387   Thumb Code     0  startup_stm32h723xx.o(.text)
    RTC_WKUP_IRQHandler                      0x08000387   Thumb Code     0  startup_stm32h723xx.o(.text)
    SAI1_IRQHandler                          0x08000387   Thumb Code     0  startup_stm32h723xx.o(.text)
    SAI4_IRQHandler                          0x08000387   Thumb Code     0  startup_stm32h723xx.o(.text)
    SDMMC1_IRQHandler                        0x08000387   Thumb Code     0  startup_stm32h723xx.o(.text)
    SDMMC2_IRQHandler                        0x08000387   Thumb Code     0  startup_stm32h723xx.o(.text)
    SPDIF_RX_IRQHandler                      0x08000387   Thumb Code     0  startup_stm32h723xx.o(.text)
    SPI1_IRQHandler                          0x08000387   Thumb Code     0  startup_stm32h723xx.o(.text)
    SPI2_IRQHandler                          0x08000387   Thumb Code     0  startup_stm32h723xx.o(.text)
    SPI3_IRQHandler                          0x08000387   Thumb Code     0  startup_stm32h723xx.o(.text)
    SPI4_IRQHandler                          0x08000387   Thumb Code     0  startup_stm32h723xx.o(.text)
    SPI5_IRQHandler                          0x08000387   Thumb Code     0  startup_stm32h723xx.o(.text)
    SPI6_IRQHandler                          0x08000387   Thumb Code     0  startup_stm32h723xx.o(.text)
    SWPMI1_IRQHandler                        0x08000387   Thumb Code     0  startup_stm32h723xx.o(.text)
    TAMP_STAMP_IRQHandler                    0x08000387   Thumb Code     0  startup_stm32h723xx.o(.text)
    TIM15_IRQHandler                         0x08000387   Thumb Code     0  startup_stm32h723xx.o(.text)
    TIM16_IRQHandler                         0x08000387   Thumb Code     0  startup_stm32h723xx.o(.text)
    TIM17_IRQHandler                         0x08000387   Thumb Code     0  startup_stm32h723xx.o(.text)
    TIM1_BRK_IRQHandler                      0x08000387   Thumb Code     0  startup_stm32h723xx.o(.text)
    TIM1_CC_IRQHandler                       0x08000387   Thumb Code     0  startup_stm32h723xx.o(.text)
    TIM1_TRG_COM_IRQHandler                  0x08000387   Thumb Code     0  startup_stm32h723xx.o(.text)
    TIM1_UP_IRQHandler                       0x08000387   Thumb Code     0  startup_stm32h723xx.o(.text)
    TIM23_IRQHandler                         0x08000387   Thumb Code     0  startup_stm32h723xx.o(.text)
    TIM24_IRQHandler                         0x08000387   Thumb Code     0  startup_stm32h723xx.o(.text)
    TIM2_IRQHandler                          0x08000387   Thumb Code     0  startup_stm32h723xx.o(.text)
    TIM3_IRQHandler                          0x08000387   Thumb Code     0  startup_stm32h723xx.o(.text)
    TIM4_IRQHandler                          0x08000387   Thumb Code     0  startup_stm32h723xx.o(.text)
    TIM5_IRQHandler                          0x08000387   Thumb Code     0  startup_stm32h723xx.o(.text)
    TIM6_DAC_IRQHandler                      0x08000387   Thumb Code     0  startup_stm32h723xx.o(.text)
    TIM7_IRQHandler                          0x08000387   Thumb Code     0  startup_stm32h723xx.o(.text)
    TIM8_BRK_TIM12_IRQHandler                0x08000387   Thumb Code     0  startup_stm32h723xx.o(.text)
    TIM8_CC_IRQHandler                       0x08000387   Thumb Code     0  startup_stm32h723xx.o(.text)
    TIM8_TRG_COM_TIM14_IRQHandler            0x08000387   Thumb Code     0  startup_stm32h723xx.o(.text)
    TIM8_UP_TIM13_IRQHandler                 0x08000387   Thumb Code     0  startup_stm32h723xx.o(.text)
    UART4_IRQHandler                         0x08000387   Thumb Code     0  startup_stm32h723xx.o(.text)
    UART5_IRQHandler                         0x08000387   Thumb Code     0  startup_stm32h723xx.o(.text)
    UART7_IRQHandler                         0x08000387   Thumb Code     0  startup_stm32h723xx.o(.text)
    UART8_IRQHandler                         0x08000387   Thumb Code     0  startup_stm32h723xx.o(.text)
    USART10_IRQHandler                       0x08000387   Thumb Code     0  startup_stm32h723xx.o(.text)
    USART3_IRQHandler                        0x08000387   Thumb Code     0  startup_stm32h723xx.o(.text)
    USART6_IRQHandler                        0x08000387   Thumb Code     0  startup_stm32h723xx.o(.text)
    WAKEUP_PIN_IRQHandler                    0x08000387   Thumb Code     0  startup_stm32h723xx.o(.text)
    WWDG_IRQHandler                          0x08000387   Thumb Code     0  startup_stm32h723xx.o(.text)
    __user_initial_stackheap                 0x08000389   Thumb Code     0  startup_stm32h723xx.o(.text)
    __aeabi_uldivmod                         0x080003ad   Thumb Code     0  lludivv7m.o(.text)
    _ll_udiv                                 0x080003ad   Thumb Code   238  lludivv7m.o(.text)
    __aeabi_memclr4                          0x0800049b   Thumb Code     0  rt_memclr_w.o(.text)
    __aeabi_memclr8                          0x0800049b   Thumb Code     0  rt_memclr_w.o(.text)
    __rt_memclr_w                            0x0800049b   Thumb Code    78  rt_memclr_w.o(.text)
    _memset_w                                0x0800049f   Thumb Code     0  rt_memclr_w.o(.text)
    __use_two_region_memory                  0x080004e9   Thumb Code     2  heapauxi.o(.text)
    __rt_heap_escrow$2region                 0x080004eb   Thumb Code     2  heapauxi.o(.text)
    __rt_heap_expand$2region                 0x080004ed   Thumb Code     2  heapauxi.o(.text)
    __user_libspace                          0x080004f1   Thumb Code     8  libspace.o(.text)
    __user_perproc_libspace                  0x080004f1   Thumb Code     0  libspace.o(.text)
    __user_perthread_libspace                0x080004f1   Thumb Code     0  libspace.o(.text)
    __user_setup_stackheap                   0x080004f9   Thumb Code    74  sys_stackheap_outer.o(.text)
    exit                                     0x08000543   Thumb Code    18  exit.o(.text)
    _sys_exit                                0x08000555   Thumb Code     8  sys_exit.o(.text)
    __I$use$semihosting                      0x08000561   Thumb Code     0  use_no_semi.o(.text)
    __use_no_semihosting_swi                 0x08000561   Thumb Code     2  use_no_semi.o(.text)
    BusFault_Handler                         0x08000563   Thumb Code     2  stm32h7xx_it.o(.text.BusFault_Handler)
    __semihosting_library_function           0x08000563   Thumb Code     0  indicate_semi.o(.text)
    DebugMon_Handler                         0x08000565   Thumb Code     2  stm32h7xx_it.o(.text.DebugMon_Handler)
    Emm_V5_Pos_Control                       0x08000569   Thumb Code    92  main.o(.text.Emm_V5_Pos_Control)
    Emm_V5_Synchronous_motion                0x080005c1   Thumb Code    52  main.o(.text.Emm_V5_Synchronous_motion)
    Error_Handler                            0x080005f5   Thumb Code     8  main.o(.text.Error_Handler)
    HAL_DMA_Abort                            0x080005fd   Thumb Code   780  stm32h7xx_hal_dma.o(.text.HAL_DMA_Abort)
    HAL_DMA_Abort_IT                         0x080008e9   Thumb Code   472  stm32h7xx_hal_dma.o(.text.HAL_DMA_Abort_IT)
    HAL_Delay                                0x08000ac1   Thumb Code    44  stm32h7xx_hal.o(.text.HAL_Delay)
    HAL_GPIO_Init                            0x08000ae9   Thumb Code   404  stm32h7xx_hal_gpio.o(.text.HAL_GPIO_Init)
    HAL_GetTick                              0x08000c79   Thumb Code    12  stm32h7xx_hal.o(.text.HAL_GetTick)
    HAL_IncTick                              0x08000c81   Thumb Code    16  stm32h7xx_hal.o(.text.HAL_IncTick)
    HAL_Init                                 0x08000c8d   Thumb Code    92  stm32h7xx_hal.o(.text.HAL_Init)
    HAL_InitTick                             0x08000ce1   Thumb Code    72  stm32h7xx_hal.o(.text.HAL_InitTick)
    HAL_MPU_ConfigRegion                     0x08000d29   Thumb Code    84  stm32h7xx_hal_cortex.o(.text.HAL_MPU_ConfigRegion)
    HAL_MPU_Disable                          0x08000d7d   Thumb Code    24  stm32h7xx_hal_cortex.o(.text.HAL_MPU_Disable)
    HAL_MPU_Enable                           0x08000d91   Thumb Code    32  stm32h7xx_hal_cortex.o(.text.HAL_MPU_Enable)
    HAL_MspInit                              0x08000db1   Thumb Code    32  stm32h7xx_hal_msp.o(.text.HAL_MspInit)
    HAL_NVIC_EnableIRQ                       0x08000dd1   Thumb Code    28  stm32h7xx_hal_cortex.o(.text.HAL_NVIC_EnableIRQ)
    HAL_NVIC_SetPriority                     0x08000ded   Thumb Code    92  stm32h7xx_hal_cortex.o(.text.HAL_NVIC_SetPriority)
    HAL_NVIC_SetPriorityGrouping             0x08000e45   Thumb Code    32  stm32h7xx_hal_cortex.o(.text.HAL_NVIC_SetPriorityGrouping)
    HAL_PWREx_ConfigSupply                   0x08000e65   Thumb Code    76  stm32h7xx_hal_pwr_ex.o(.text.HAL_PWREx_ConfigSupply)
    HAL_RCCEx_GetD3PCLK1Freq                 0x08000eb1   Thumb Code    36  stm32h7xx_hal_rcc_ex.o(.text.HAL_RCCEx_GetD3PCLK1Freq)
    HAL_RCCEx_GetPLL2ClockFreq               0x08000ed5   Thumb Code   340  stm32h7xx_hal_rcc_ex.o(.text.HAL_RCCEx_GetPLL2ClockFreq)
    HAL_RCCEx_GetPLL3ClockFreq               0x08001029   Thumb Code   340  stm32h7xx_hal_rcc_ex.o(.text.HAL_RCCEx_GetPLL3ClockFreq)
    HAL_RCCEx_PeriphCLKConfig                0x0800117d   Thumb Code  2240  stm32h7xx_hal_rcc_ex.o(.text.HAL_RCCEx_PeriphCLKConfig)
    HAL_RCC_ClockConfig                      0x08001a3d   Thumb Code   556  stm32h7xx_hal_rcc.o(.text.HAL_RCC_ClockConfig)
    HAL_RCC_GetHCLKFreq                      0x08001c59   Thumb Code    68  stm32h7xx_hal_rcc.o(.text.HAL_RCC_GetHCLKFreq)
    HAL_RCC_GetPCLK1Freq                     0x08001c99   Thumb Code    36  stm32h7xx_hal_rcc.o(.text.HAL_RCC_GetPCLK1Freq)
    HAL_RCC_GetPCLK2Freq                     0x08001cb5   Thumb Code    36  stm32h7xx_hal_rcc.o(.text.HAL_RCC_GetPCLK2Freq)
    HAL_RCC_GetSysClockFreq                  0x08001cd9   Thumb Code   332  stm32h7xx_hal_rcc.o(.text.HAL_RCC_GetSysClockFreq)
    HAL_RCC_OscConfig                        0x08001e25   Thumb Code  1246  stm32h7xx_hal_rcc.o(.text.HAL_RCC_OscConfig)
    HAL_SYSTICK_Config                       0x08002305   Thumb Code    40  stm32h7xx_hal_cortex.o(.text.HAL_SYSTICK_Config)
    HAL_TIMEx_MasterConfigSynchronization    0x0800232d   Thumb Code   188  stm32h7xx_hal_tim_ex.o(.text.HAL_TIMEx_MasterConfigSynchronization)
    HAL_TIM_Base_Init                        0x080023e9   Thumb Code    96  stm32h7xx_hal_tim.o(.text.HAL_TIM_Base_Init)
    HAL_TIM_Base_MspInit                     0x08002449   Thumb Code    40  tim.o(.text.HAL_TIM_Base_MspInit)
    HAL_TIM_ConfigClockSource                0x08002471   Thumb Code   292  stm32h7xx_hal_tim.o(.text.HAL_TIM_ConfigClockSource)
    HAL_TIM_MspPostInit                      0x08002595   Thumb Code    80  tim.o(.text.HAL_TIM_MspPostInit)
    HAL_TIM_PWM_ConfigChannel                0x080025e5   Thumb Code   188  stm32h7xx_hal_tim.o(.text.HAL_TIM_PWM_ConfigChannel)
    HAL_TIM_PWM_Init                         0x080026a1   Thumb Code    96  stm32h7xx_hal_tim.o(.text.HAL_TIM_PWM_Init)
    HAL_TIM_PWM_MspInit                      0x08002701   Thumb Code     2  stm32h7xx_hal_tim.o(.text.HAL_TIM_PWM_MspInit)
    HAL_TIM_PWM_Start                        0x08002705   Thumb Code   360  stm32h7xx_hal_tim.o(.text.HAL_TIM_PWM_Start)
    HAL_UARTEx_DisableFifoMode               0x0800286d   Thumb Code    54  stm32h7xx_hal_uart_ex.o(.text.HAL_UARTEx_DisableFifoMode)
    HAL_UARTEx_RxEventCallback               0x080028a3   Thumb Code     2  stm32h7xx_hal_uart.o(.text.HAL_UARTEx_RxEventCallback)
    HAL_UARTEx_RxFifoFullCallback            0x080028a5   Thumb Code     2  stm32h7xx_hal_uart_ex.o(.text.HAL_UARTEx_RxFifoFullCallback)
    HAL_UARTEx_SetRxFifoThreshold            0x080028a7   Thumb Code    76  stm32h7xx_hal_uart_ex.o(.text.HAL_UARTEx_SetRxFifoThreshold)
    HAL_UARTEx_SetTxFifoThreshold            0x080028f3   Thumb Code    76  stm32h7xx_hal_uart_ex.o(.text.HAL_UARTEx_SetTxFifoThreshold)
    HAL_UARTEx_TxFifoEmptyCallback           0x0800293f   Thumb Code     2  stm32h7xx_hal_uart_ex.o(.text.HAL_UARTEx_TxFifoEmptyCallback)
    HAL_UARTEx_WakeupCallback                0x08002941   Thumb Code     2  stm32h7xx_hal_uart_ex.o(.text.HAL_UARTEx_WakeupCallback)
    HAL_UART_ErrorCallback                   0x08002943   Thumb Code     2  stm32h7xx_hal_uart.o(.text.HAL_UART_ErrorCallback)
    HAL_UART_IRQHandler                      0x08002945   Thumb Code   980  stm32h7xx_hal_uart.o(.text.HAL_UART_IRQHandler)
    HAL_UART_Init                            0x08002d19   Thumb Code   100  stm32h7xx_hal_uart.o(.text.HAL_UART_Init)
    HAL_UART_MspInit                         0x08002d7d   Thumb Code   440  usart.o(.text.HAL_UART_MspInit)
    HAL_UART_Receive_IT                      0x08002f31   Thumb Code    84  stm32h7xx_hal_uart.o(.text.HAL_UART_Receive_IT)
    HAL_UART_RxCpltCallback                  0x08002f89   Thumb Code   196  main.o(.text.HAL_UART_RxCpltCallback)
    HAL_UART_Transmit                        0x08003049   Thumb Code   188  stm32h7xx_hal_uart.o(.text.HAL_UART_Transmit)
    HAL_UART_Transmit_IT                     0x08003105   Thumb Code   156  stm32h7xx_hal_uart.o(.text.HAL_UART_Transmit_IT)
    HAL_UART_TxCpltCallback                  0x080031a1   Thumb Code     2  main.o(.text.HAL_UART_TxCpltCallback)
    HardFault_Handler                        0x080031a3   Thumb Code     2  stm32h7xx_it.o(.text.HardFault_Handler)
    MX_GPIO_Init                             0x080031a5   Thumb Code    96  gpio.o(.text.MX_GPIO_Init)
    MX_TIM2_Init                             0x08003205   Thumb Code   156  tim.o(.text.MX_TIM2_Init)
    MX_UART9_Init                            0x080032a1   Thumb Code   100  usart.o(.text.MX_UART9_Init)
    MX_USART1_UART_Init                      0x08003305   Thumb Code   100  usart.o(.text.MX_USART1_UART_Init)
    MX_USART2_UART_Init                      0x08003369   Thumb Code   100  usart.o(.text.MX_USART2_UART_Init)
    MemManage_Handler                        0x080033cd   Thumb Code     2  stm32h7xx_it.o(.text.MemManage_Handler)
    NMI_Handler                              0x080033cf   Thumb Code     2  stm32h7xx_it.o(.text.NMI_Handler)
    PendSV_Handler                           0x080033d1   Thumb Code     2  stm32h7xx_it.o(.text.PendSV_Handler)
    SVC_Handler                              0x080035ed   Thumb Code     2  stm32h7xx_it.o(.text.SVC_Handler)
    SysTick_Handler                          0x080035ef   Thumb Code     4  stm32h7xx_it.o(.text.SysTick_Handler)
    SystemClock_Config                       0x080035f5   Thumb Code   168  main.o(.text.SystemClock_Config)
    SystemInit                               0x0800369d   Thumb Code   152  system_stm32h7xx.o(.text.SystemInit)
    TIM_Base_SetConfig                       0x08003735   Thumb Code   236  stm32h7xx_hal_tim.o(.text.TIM_Base_SetConfig)
    TIM_OC2_SetConfig                        0x0800389d   Thumb Code   156  stm32h7xx_hal_tim.o(.text.TIM_OC2_SetConfig)
    UART9_IRQHandler                         0x08003b45   Thumb Code    12  stm32h7xx_it.o(.text.UART9_IRQHandler)
    UART_AdvFeatureConfig                    0x08003bad   Thumb Code   212  stm32h7xx_hal_uart.o(.text.UART_AdvFeatureConfig)
    UART_CheckIdleState                      0x08003c81   Thumb Code   188  stm32h7xx_hal_uart.o(.text.UART_CheckIdleState)
    UART_SetConfig                           0x080042b9   Thumb Code  1056  stm32h7xx_hal_uart.o(.text.UART_SetConfig)
    UART_Start_Receive_IT                    0x080046d9   Thumb Code   300  stm32h7xx_hal_uart.o(.text.UART_Start_Receive_IT)
    UART_WaitOnFlagUntilTimeout              0x08004985   Thumb Code   158  stm32h7xx_hal_uart.o(.text.UART_WaitOnFlagUntilTimeout)
    USART1_IRQHandler                        0x08004a25   Thumb Code    12  stm32h7xx_it.o(.text.USART1_IRQHandler)
    USART2_IRQHandler                        0x08004a31   Thumb Code    12  stm32h7xx_it.o(.text.USART2_IRQHandler)
    UsageFault_Handler                       0x08004a39   Thumb Code     2  stm32h7xx_it.o(.text.UsageFault_Handler)
    draw_line_in_angle                       0x08004a3d   Thumb Code   116  main.o(.text.draw_line_in_angle)
    draw_triangle_in_angle                   0x08004aa9   Thumb Code   128  main.o(.text.draw_triangle_in_angle)
    execute_path                             0x08004b29   Thumb Code    48  main.o(.text.execute_path)
    main                                     0x08004b59   Thumb Code   124  main.o(.text.main)
    move_to_angle1                           0x08004bd1   Thumb Code   260  main.o(.text.move_to_angle1)
    __hardfp__fabsf                          0x08004cd5   Thumb Code    14  fabsf.o(i.__hardfp__fabsf)
    _fp_init                                 0x08004ce3   Thumb Code    10  fpinit.o(x$fpl$fpinit)
    __fplib_config_fpu_vfp                   0x08004ceb   Thumb Code     0  fpinit.o(x$fpl$fpinit)
    __fplib_config_pureend_doubles           0x08004ceb   Thumb Code     0  fpinit.o(x$fpl$fpinit)
    D1CorePrescTable                         0x08004cec   Data          16  system_stm32h7xx.o(.rodata.D1CorePrescTable)
    __I$use$fp                               0x08004cec   Number         0  usenofp.o(x$fpl$usenofp)
    UARTPrescTable                           0x08004cfc   Data          24  stm32h7xx_hal_uart.o(.rodata.UARTPrescTable)
    Region$$Table$$Base                      0x08004d14   Number         0  anon$$obj.o(Region$$Table)
    Region$$Table$$Limit                     0x08004d44   Number         0  anon$$obj.o(Region$$Table)
    uwTickFreq                               0x20000000   Data           1  stm32h7xx_hal.o(.data..L_MergedGlobals)
    uwTickPrio                               0x20000004   Data           4  stm32h7xx_hal.o(.data..L_MergedGlobals)
    uwTick                                   0x20000008   Data           4  stm32h7xx_hal.o(.data..L_MergedGlobals)
    SystemCoreClock                          0x2000000c   Data           4  system_stm32h7xx.o(.data..L_MergedGlobals)
    SystemD2Clock                            0x20000010   Data           4  system_stm32h7xx.o(.data..L_MergedGlobals)
    __libspace_start                         0x20000018   Data          96  libspace.o(.bss)
    __temporary_stack_top$libspace           0x20000078   Data           0  libspace.o(.bss)
    htim2                                    0x20000078   Data          76  tim.o(.bss.htim2)
    huart1                                   0x200000c4   Data         148  usart.o(.bss.huart1)
    huart9                                   0x20000158   Data         148  usart.o(.bss.huart9)
    path_count                               0x200001ec   Data           2  main.o(.bss.path_count)
    rxIndex                                  0x24000000   Data           1  main.o(.bss..L_MergedGlobals)
    packetReady                              0x24000001   Data           1  main.o(.bss..L_MergedGlobals)
    targetX_cm                               0x24000002   Data           1  main.o(.bss..L_MergedGlobals)
    targetY_cm                               0x24000003   Data           1  main.o(.bss..L_MergedGlobals)
    x_limit_triggered                        0x24000004   Data           1  main.o(.bss..L_MergedGlobals)
    y_limit_triggered                        0x24000005   Data           1  main.o(.bss..L_MergedGlobals)
    z_limit_triggered                        0x24000006   Data           1  main.o(.bss..L_MergedGlobals)
    targetX_m                                0x24000008   Data           4  main.o(.bss..L_MergedGlobals)
    targetY_m                                0x2400000c   Data           4  main.o(.bss..L_MergedGlobals)
    current_h_angle                          0x24000010   Data           4  main.o(.bss..L_MergedGlobals)
    current_v_angle                          0x24000014   Data           4  main.o(.bss..L_MergedGlobals)
    steps_h                                  0x24000018   Data           4  main.o(.bss..L_MergedGlobals)
    steps_v                                  0x2400001c   Data           4  main.o(.bss..L_MergedGlobals)
    rxBuffer                                 0x24000020   Data           7  main.o(.bss..L_MergedGlobals)
    currentPosition                          0x24000028   Data          12  main.o(.bss..L_MergedGlobals)
    huart2                                   0x24000034   Data         148  usart.o(.bss.huart2)
    path_points                              0x240000c8   Data         800  main.o(.bss.path_points)



==============================================================================

Memory Map of the image

  Image Entry point : 0x080002cd

  Load Region LR_IROM1 (Base: 0x08000000, Size: 0x00004d60, Max: 0x00100000, ABSOLUTE)

    Execution Region ER_IROM1 (Exec base: 0x08000000, Load base: 0x08000000, Size: 0x00004d44, Max: 0x00100000, ABSOLUTE)

    Exec Addr    Load Addr    Size         Type   Attr      Idx    E Section Name        Object

    0x08000000   0x08000000   0x000002cc   Data   RO            3    RESET               startup_stm32h723xx.o
    0x080002cc   0x080002cc   0x00000008   Code   RO         1660  * !!!main             c_w.l(__main.o)
    0x080002d4   0x080002d4   0x00000034   Code   RO         1906    !!!scatter          c_w.l(__scatter.o)
    0x08000308   0x08000308   0x0000001a   Code   RO         1908    !!handler_copy      c_w.l(__scatter_copy.o)
    0x08000322   0x08000322   0x00000002   PAD
    0x08000324   0x08000324   0x0000001c   Code   RO         1910    !!handler_zi        c_w.l(__scatter_zi.o)
    0x08000340   0x08000340   0x00000002   Code   RO         1773    .ARM.Collect$$libinit$$00000000  c_w.l(libinit.o)
    0x08000342   0x08000342   0x00000004   Code   RO         1782    .ARM.Collect$$libinit$$00000001  c_w.l(libinit2.o)
    0x08000346   0x08000346   0x00000000   Code   RO         1785    .ARM.Collect$$libinit$$00000004  c_w.l(libinit2.o)
    0x08000346   0x08000346   0x00000000   Code   RO         1788    .ARM.Collect$$libinit$$0000000A  c_w.l(libinit2.o)
    0x08000346   0x08000346   0x00000000   Code   RO         1790    .ARM.Collect$$libinit$$0000000C  c_w.l(libinit2.o)
    0x08000346   0x08000346   0x00000000   Code   RO         1792    .ARM.Collect$$libinit$$0000000E  c_w.l(libinit2.o)
    0x08000346   0x08000346   0x00000000   Code   RO         1795    .ARM.Collect$$libinit$$00000011  c_w.l(libinit2.o)
    0x08000346   0x08000346   0x00000000   Code   RO         1797    .ARM.Collect$$libinit$$00000013  c_w.l(libinit2.o)
    0x08000346   0x08000346   0x00000000   Code   RO         1799    .ARM.Collect$$libinit$$00000015  c_w.l(libinit2.o)
    0x08000346   0x08000346   0x00000000   Code   RO         1801    .ARM.Collect$$libinit$$00000017  c_w.l(libinit2.o)
    0x08000346   0x08000346   0x00000000   Code   RO         1803    .ARM.Collect$$libinit$$00000019  c_w.l(libinit2.o)
    0x08000346   0x08000346   0x00000000   Code   RO         1805    .ARM.Collect$$libinit$$0000001B  c_w.l(libinit2.o)
    0x08000346   0x08000346   0x00000000   Code   RO         1807    .ARM.Collect$$libinit$$0000001D  c_w.l(libinit2.o)
    0x08000346   0x08000346   0x00000000   Code   RO         1809    .ARM.Collect$$libinit$$0000001F  c_w.l(libinit2.o)
    0x08000346   0x08000346   0x00000000   Code   RO         1811    .ARM.Collect$$libinit$$00000021  c_w.l(libinit2.o)
    0x08000346   0x08000346   0x00000000   Code   RO         1813    .ARM.Collect$$libinit$$00000023  c_w.l(libinit2.o)
    0x08000346   0x08000346   0x00000000   Code   RO         1815    .ARM.Collect$$libinit$$00000025  c_w.l(libinit2.o)
    0x08000346   0x08000346   0x00000000   Code   RO         1819    .ARM.Collect$$libinit$$0000002C  c_w.l(libinit2.o)
    0x08000346   0x08000346   0x00000000   Code   RO         1821    .ARM.Collect$$libinit$$0000002E  c_w.l(libinit2.o)
    0x08000346   0x08000346   0x00000000   Code   RO         1823    .ARM.Collect$$libinit$$00000030  c_w.l(libinit2.o)
    0x08000346   0x08000346   0x00000000   Code   RO         1825    .ARM.Collect$$libinit$$00000032  c_w.l(libinit2.o)
    0x08000346   0x08000346   0x00000002   Code   RO         1826    .ARM.Collect$$libinit$$00000033  c_w.l(libinit2.o)
    0x08000348   0x08000348   0x00000002   Code   RO         1861    .ARM.Collect$$libshutdown$$00000000  c_w.l(libshutdown.o)
    0x0800034a   0x0800034a   0x00000000   Code   RO         1889    .ARM.Collect$$libshutdown$$00000002  c_w.l(libshutdown2.o)
    0x0800034a   0x0800034a   0x00000000   Code   RO         1891    .ARM.Collect$$libshutdown$$00000004  c_w.l(libshutdown2.o)
    0x0800034a   0x0800034a   0x00000000   Code   RO         1894    .ARM.Collect$$libshutdown$$00000007  c_w.l(libshutdown2.o)
    0x0800034a   0x0800034a   0x00000000   Code   RO         1897    .ARM.Collect$$libshutdown$$0000000A  c_w.l(libshutdown2.o)
    0x0800034a   0x0800034a   0x00000000   Code   RO         1899    .ARM.Collect$$libshutdown$$0000000C  c_w.l(libshutdown2.o)
    0x0800034a   0x0800034a   0x00000000   Code   RO         1902    .ARM.Collect$$libshutdown$$0000000F  c_w.l(libshutdown2.o)
    0x0800034a   0x0800034a   0x00000002   Code   RO         1903    .ARM.Collect$$libshutdown$$00000010  c_w.l(libshutdown2.o)
    0x0800034c   0x0800034c   0x00000000   Code   RO         1700    .ARM.Collect$$rtentry$$00000000  c_w.l(__rtentry.o)
    0x0800034c   0x0800034c   0x00000000   Code   RO         1732    .ARM.Collect$$rtentry$$00000002  c_w.l(__rtentry2.o)
    0x0800034c   0x0800034c   0x00000006   Code   RO         1744    .ARM.Collect$$rtentry$$00000004  c_w.l(__rtentry4.o)
    0x08000352   0x08000352   0x00000000   Code   RO         1734    .ARM.Collect$$rtentry$$00000009  c_w.l(__rtentry2.o)
    0x08000352   0x08000352   0x00000004   Code   RO         1735    .ARM.Collect$$rtentry$$0000000A  c_w.l(__rtentry2.o)
    0x08000356   0x08000356   0x00000000   Code   RO         1737    .ARM.Collect$$rtentry$$0000000C  c_w.l(__rtentry2.o)
    0x08000356   0x08000356   0x00000008   Code   RO         1738    .ARM.Collect$$rtentry$$0000000D  c_w.l(__rtentry2.o)
    0x0800035e   0x0800035e   0x00000002   Code   RO         1774    .ARM.Collect$$rtexit$$00000000  c_w.l(rtexit.o)
    0x08000360   0x08000360   0x00000000   Code   RO         1832    .ARM.Collect$$rtexit$$00000002  c_w.l(rtexit2.o)
    0x08000360   0x08000360   0x00000004   Code   RO         1833    .ARM.Collect$$rtexit$$00000003  c_w.l(rtexit2.o)
    0x08000364   0x08000364   0x00000006   Code   RO         1834    .ARM.Collect$$rtexit$$00000004  c_w.l(rtexit2.o)
    0x0800036a   0x0800036a   0x00000002   PAD
    0x0800036c   0x0800036c   0x00000040   Code   RO            4    .text               startup_stm32h723xx.o
    0x080003ac   0x080003ac   0x000000ee   Code   RO         1654    .text               c_w.l(lludivv7m.o)
    0x0800049a   0x0800049a   0x0000004e   Code   RO         1656    .text               c_w.l(rt_memclr_w.o)
    0x080004e8   0x080004e8   0x00000006   Code   RO         1658    .text               c_w.l(heapauxi.o)
    0x080004ee   0x080004ee   0x00000002   PAD
    0x080004f0   0x080004f0   0x00000008   Code   RO         1757    .text               c_w.l(libspace.o)
    0x080004f8   0x080004f8   0x0000004a   Code   RO         1760    .text               c_w.l(sys_stackheap_outer.o)
    0x08000542   0x08000542   0x00000012   Code   RO         1762    .text               c_w.l(exit.o)
    0x08000554   0x08000554   0x0000000c   Code   RO         1827    .text               c_w.l(sys_exit.o)
    0x08000560   0x08000560   0x00000002   Code   RO         1850    .text               c_w.l(use_no_semi.o)
    0x08000562   0x08000562   0x00000000   Code   RO         1852    .text               c_w.l(indicate_semi.o)
    0x08000562   0x08000562   0x00000002   Code   RO          167    .text.BusFault_Handler  stm32h7xx_it.o
    0x08000564   0x08000564   0x00000002   Code   RO          173    .text.DebugMon_Handler  stm32h7xx_it.o
    0x08000566   0x08000566   0x00000002   PAD
    0x08000568   0x08000568   0x00000058   Code   RO           38    .text.Emm_V5_Pos_Control  main.o
    0x080005c0   0x080005c0   0x00000034   Code   RO           40    .text.Emm_V5_Synchronous_motion  main.o
    0x080005f4   0x080005f4   0x00000008   Code   RO           32    .text.Error_Handler  main.o
    0x080005fc   0x080005fc   0x000002ec   Code   RO          512    .text.HAL_DMA_Abort  stm32h7xx_hal_dma.o
    0x080008e8   0x080008e8   0x000001d8   Code   RO          514    .text.HAL_DMA_Abort_IT  stm32h7xx_hal_dma.o
    0x08000ac0   0x08000ac0   0x00000028   Code   RO          769    .text.HAL_Delay     stm32h7xx_hal.o
    0x08000ae8   0x08000ae8   0x00000190   Code   RO          436    .text.HAL_GPIO_Init  stm32h7xx_hal_gpio.o
    0x08000c78   0x08000c78   0x00000008   Code   RO          761    .text.HAL_GetTick   stm32h7xx_hal.o
    0x08000c80   0x08000c80   0x0000000c   Code   RO          759    .text.HAL_IncTick   stm32h7xx_hal.o
    0x08000c8c   0x08000c8c   0x00000054   Code   RO          749    .text.HAL_Init      stm32h7xx_hal.o
    0x08000ce0   0x08000ce0   0x00000048   Code   RO          751    .text.HAL_InitTick  stm32h7xx_hal.o
    0x08000d28   0x08000d28   0x00000054   Code   RO          228    .text.HAL_MPU_ConfigRegion  stm32h7xx_hal_cortex.o
    0x08000d7c   0x08000d7c   0x00000014   Code   RO          220    .text.HAL_MPU_Disable  stm32h7xx_hal_cortex.o
    0x08000d90   0x08000d90   0x00000020   Code   RO          222    .text.HAL_MPU_Enable  stm32h7xx_hal_cortex.o
    0x08000db0   0x08000db0   0x00000020   Code   RO          195    .text.HAL_MspInit   stm32h7xx_hal_msp.o
    0x08000dd0   0x08000dd0   0x0000001c   Code   RO          212    .text.HAL_NVIC_EnableIRQ  stm32h7xx_hal_cortex.o
    0x08000dec   0x08000dec   0x00000058   Code   RO          210    .text.HAL_NVIC_SetPriority  stm32h7xx_hal_cortex.o
    0x08000e44   0x08000e44   0x00000020   Code   RO          208    .text.HAL_NVIC_SetPriorityGrouping  stm32h7xx_hal_cortex.o
    0x08000e64   0x08000e64   0x0000004c   Code   RO          662    .text.HAL_PWREx_ConfigSupply  stm32h7xx_hal_pwr_ex.o
    0x08000eb0   0x08000eb0   0x00000024   Code   RO          316    .text.HAL_RCCEx_GetD3PCLK1Freq  stm32h7xx_hal_rcc_ex.o
    0x08000ed4   0x08000ed4   0x00000154   Code   RO          312    .text.HAL_RCCEx_GetPLL2ClockFreq  stm32h7xx_hal_rcc_ex.o
    0x08001028   0x08001028   0x00000154   Code   RO          314    .text.HAL_RCCEx_GetPLL3ClockFreq  stm32h7xx_hal_rcc_ex.o
    0x0800117c   0x0800117c   0x000008c0   Code   RO          300    .text.HAL_RCCEx_PeriphCLKConfig  stm32h7xx_hal_rcc_ex.o
    0x08001a3c   0x08001a3c   0x0000021c   Code   RO          265    .text.HAL_RCC_ClockConfig  stm32h7xx_hal_rcc.o
    0x08001c58   0x08001c58   0x00000040   Code   RO          275    .text.HAL_RCC_GetHCLKFreq  stm32h7xx_hal_rcc.o
    0x08001c98   0x08001c98   0x0000001c   Code   RO          277    .text.HAL_RCC_GetPCLK1Freq  stm32h7xx_hal_rcc.o
    0x08001cb4   0x08001cb4   0x00000024   Code   RO          279    .text.HAL_RCC_GetPCLK2Freq  stm32h7xx_hal_rcc.o
    0x08001cd8   0x08001cd8   0x0000014c   Code   RO          267    .text.HAL_RCC_GetSysClockFreq  stm32h7xx_hal_rcc.o
    0x08001e24   0x08001e24   0x000004de   Code   RO          263    .text.HAL_RCC_OscConfig  stm32h7xx_hal_rcc.o
    0x08002302   0x08002302   0x00000002   PAD
    0x08002304   0x08002304   0x00000028   Code   RO          218    .text.HAL_SYSTICK_Config  stm32h7xx_hal_cortex.o
    0x0800232c   0x0800232c   0x000000bc   Code   RO         1402    .text.HAL_TIMEx_MasterConfigSynchronization  stm32h7xx_hal_tim_ex.o
    0x080023e8   0x080023e8   0x00000060   Code   RO         1088    .text.HAL_TIM_Base_Init  stm32h7xx_hal_tim.o
    0x08002448   0x08002448   0x00000028   Code   RO          121    .text.HAL_TIM_Base_MspInit  tim.o
    0x08002470   0x08002470   0x00000124   Code   RO         1280    .text.HAL_TIM_ConfigClockSource  stm32h7xx_hal_tim.o
    0x08002594   0x08002594   0x00000050   Code   RO          119    .text.HAL_TIM_MspPostInit  tim.o
    0x080025e4   0x080025e4   0x000000bc   Code   RO         1254    .text.HAL_TIM_PWM_ConfigChannel  stm32h7xx_hal_tim.o
    0x080026a0   0x080026a0   0x00000060   Code   RO         1142    .text.HAL_TIM_PWM_Init  stm32h7xx_hal_tim.o
    0x08002700   0x08002700   0x00000002   Code   RO         1144    .text.HAL_TIM_PWM_MspInit  stm32h7xx_hal_tim.o
    0x08002702   0x08002702   0x00000002   PAD
    0x08002704   0x08002704   0x00000168   Code   RO         1150    .text.HAL_TIM_PWM_Start  stm32h7xx_hal_tim.o
    0x0800286c   0x0800286c   0x00000036   Code   RO         1611    .text.HAL_UARTEx_DisableFifoMode  stm32h7xx_hal_uart_ex.o
    0x080028a2   0x080028a2   0x00000002   Code   RO         1535    .text.HAL_UARTEx_RxEventCallback  stm32h7xx_hal_uart.o
    0x080028a4   0x080028a4   0x00000002   Code   RO         1595    .text.HAL_UARTEx_RxFifoFullCallback  stm32h7xx_hal_uart_ex.o
    0x080028a6   0x080028a6   0x0000004c   Code   RO         1615    .text.HAL_UARTEx_SetRxFifoThreshold  stm32h7xx_hal_uart_ex.o
    0x080028f2   0x080028f2   0x0000004c   Code   RO         1613    .text.HAL_UARTEx_SetTxFifoThreshold  stm32h7xx_hal_uart_ex.o
    0x0800293e   0x0800293e   0x00000002   Code   RO         1597    .text.HAL_UARTEx_TxFifoEmptyCallback  stm32h7xx_hal_uart_ex.o
    0x08002940   0x08002940   0x00000002   Code   RO         1593    .text.HAL_UARTEx_WakeupCallback  stm32h7xx_hal_uart_ex.o
    0x08002942   0x08002942   0x00000002   Code   RO         1533    .text.HAL_UART_ErrorCallback  stm32h7xx_hal_uart.o
    0x08002944   0x08002944   0x000003d4   Code   RO         1529    .text.HAL_UART_IRQHandler  stm32h7xx_hal_uart.o
    0x08002d18   0x08002d18   0x00000064   Code   RO         1441    .text.HAL_UART_Init  stm32h7xx_hal_uart.o
    0x08002d7c   0x08002d7c   0x000001b4   Code   RO          143    .text.HAL_UART_MspInit  usart.o
    0x08002f30   0x08002f30   0x00000054   Code   RO         1477    .text.HAL_UART_Receive_IT  stm32h7xx_hal_uart.o
    0x08002f84   0x08002f84   0x00000004   PAD
    0x08002f88   0x08002f88   0x000000c0   Code   RO           34    .text.HAL_UART_RxCpltCallback  main.o
    0x08003048   0x08003048   0x000000bc   Code   RO         1461    .text.HAL_UART_Transmit  stm32h7xx_hal_uart.o
    0x08003104   0x08003104   0x0000009c   Code   RO         1467    .text.HAL_UART_Transmit_IT  stm32h7xx_hal_uart.o
    0x080031a0   0x080031a0   0x00000002   Code   RO           36    .text.HAL_UART_TxCpltCallback  main.o
    0x080031a2   0x080031a2   0x00000002   Code   RO          163    .text.HardFault_Handler  stm32h7xx_it.o
    0x080031a4   0x080031a4   0x00000060   Code   RO           11    .text.MX_GPIO_Init  gpio.o
    0x08003204   0x08003204   0x0000009c   Code   RO          117    .text.MX_TIM2_Init  tim.o
    0x080032a0   0x080032a0   0x00000064   Code   RO          137    .text.MX_UART9_Init  usart.o
    0x08003304   0x08003304   0x00000064   Code   RO          139    .text.MX_USART1_UART_Init  usart.o
    0x08003368   0x08003368   0x00000064   Code   RO          141    .text.MX_USART2_UART_Init  usart.o
    0x080033cc   0x080033cc   0x00000002   Code   RO          165    .text.MemManage_Handler  stm32h7xx_it.o
    0x080033ce   0x080033ce   0x00000002   Code   RO          161    .text.NMI_Handler   stm32h7xx_it.o
    0x080033d0   0x080033d0   0x00000002   Code   RO          175    .text.PendSV_Handler  stm32h7xx_it.o
    0x080033d2   0x080033d2   0x00000002   PAD
    0x080033d4   0x080033d4   0x0000010c   Code   RO          302    .text.RCCEx_PLL2_Config  stm32h7xx_hal_rcc_ex.o
    0x080034e0   0x080034e0   0x0000010c   Code   RO          304    .text.RCCEx_PLL3_Config  stm32h7xx_hal_rcc_ex.o
    0x080035ec   0x080035ec   0x00000002   Code   RO          171    .text.SVC_Handler   stm32h7xx_it.o
    0x080035ee   0x080035ee   0x00000004   Code   RO          177    .text.SysTick_Handler  stm32h7xx_it.o
    0x080035f2   0x080035f2   0x00000002   PAD
    0x080035f4   0x080035f4   0x000000a8   Code   RO           28    .text.SystemClock_Config  main.o
    0x0800369c   0x0800369c   0x00000098   Code   RO         1636    .text.SystemInit    system_stm32h7xx.o
    0x08003734   0x08003734   0x000000d8   Code   RO         1092    .text.TIM_Base_SetConfig  stm32h7xx_hal_tim.o
    0x0800380c   0x0800380c   0x00000090   Code   RO         1236    .text.TIM_OC1_SetConfig  stm32h7xx_hal_tim.o
    0x0800389c   0x0800389c   0x00000084   Code   RO         1238    .text.TIM_OC2_SetConfig  stm32h7xx_hal_tim.o
    0x08003920   0x08003920   0x00000088   Code   RO         1240    .text.TIM_OC3_SetConfig  stm32h7xx_hal_tim.o
    0x080039a8   0x080039a8   0x00000068   Code   RO         1242    .text.TIM_OC4_SetConfig  stm32h7xx_hal_tim.o
    0x08003a10   0x08003a10   0x00000070   Code   RO         1244    .text.TIM_OC5_SetConfig  stm32h7xx_hal_tim.o
    0x08003a80   0x08003a80   0x0000007c   Code   RO         1246    .text.TIM_OC6_SetConfig  stm32h7xx_hal_tim.o
    0x08003afc   0x08003afc   0x00000022   Code   RO         1282    .text.TIM_TI1_ConfigInputStage  stm32h7xx_hal_tim.o
    0x08003b1e   0x08003b1e   0x00000024   Code   RO         1284    .text.TIM_TI2_ConfigInputStage  stm32h7xx_hal_tim.o
    0x08003b42   0x08003b42   0x00000002   PAD
    0x08003b44   0x08003b44   0x0000000c   Code   RO          183    .text.UART9_IRQHandler  stm32h7xx_it.o
    0x08003b50   0x08003b50   0x0000005c   Code   RO         1609    .text.UARTEx_SetNbDataToProcess  stm32h7xx_hal_uart_ex.o
    0x08003bac   0x08003bac   0x000000d4   Code   RO         1445    .text.UART_AdvFeatureConfig  stm32h7xx_hal_uart.o
    0x08003c80   0x08003c80   0x000000bc   Code   RO         1449    .text.UART_CheckIdleState  stm32h7xx_hal_uart.o
    0x08003d3c   0x08003d3c   0x00000010   Code   RO         1531    .text.UART_DMAAbortOnError  stm32h7xx_hal_uart.o
    0x08003d4c   0x08003d4c   0x00000050   Code   RO         1501    .text.UART_EndRxTransfer  stm32h7xx_hal_uart.o
    0x08003d9c   0x08003d9c   0x000000cc   Code   RO         1571    .text.UART_RxISR_16BIT  stm32h7xx_hal_uart.o
    0x08003e68   0x08003e68   0x000001bc   Code   RO         1567    .text.UART_RxISR_16BIT_FIFOEN  stm32h7xx_hal_uart.o
    0x08004024   0x08004024   0x000000d0   Code   RO         1573    .text.UART_RxISR_8BIT  stm32h7xx_hal_uart.o
    0x080040f4   0x080040f4   0x000001c4   Code   RO         1569    .text.UART_RxISR_8BIT_FIFOEN  stm32h7xx_hal_uart.o
    0x080042b8   0x080042b8   0x00000420   Code   RO         1447    .text.UART_SetConfig  stm32h7xx_hal_uart.o
    0x080046d8   0x080046d8   0x0000012c   Code   RO         1479    .text.UART_Start_Receive_IT  stm32h7xx_hal_uart.o
    0x08004804   0x08004804   0x00000056   Code   RO         1473    .text.UART_TxISR_16BIT  stm32h7xx_hal_uart.o
    0x0800485a   0x0800485a   0x0000006e   Code   RO         1469    .text.UART_TxISR_16BIT_FIFOEN  stm32h7xx_hal_uart.o
    0x080048c8   0x080048c8   0x00000052   Code   RO         1475    .text.UART_TxISR_8BIT  stm32h7xx_hal_uart.o
    0x0800491a   0x0800491a   0x0000006a   Code   RO         1471    .text.UART_TxISR_8BIT_FIFOEN  stm32h7xx_hal_uart.o
    0x08004984   0x08004984   0x0000009e   Code   RO         1463    .text.UART_WaitOnFlagUntilTimeout  stm32h7xx_hal_uart.o
    0x08004a22   0x08004a22   0x00000002   PAD
    0x08004a24   0x08004a24   0x0000000c   Code   RO          179    .text.USART1_IRQHandler  stm32h7xx_it.o
    0x08004a30   0x08004a30   0x00000008   Code   RO          181    .text.USART2_IRQHandler  stm32h7xx_it.o
    0x08004a38   0x08004a38   0x00000002   Code   RO          169    .text.UsageFault_Handler  stm32h7xx_it.o
    0x08004a3a   0x08004a3a   0x00000002   PAD
    0x08004a3c   0x08004a3c   0x0000006c   Code   RO           76    .text.draw_line_in_angle  main.o
    0x08004aa8   0x08004aa8   0x00000080   Code   RO           30    .text.draw_triangle_in_angle  main.o
    0x08004b28   0x08004b28   0x00000030   Code   RO           80    .text.execute_path  main.o
    0x08004b58   0x08004b58   0x00000078   Code   RO           26    .text.main          main.o
    0x08004bd0   0x08004bd0   0x00000104   Code   RO           74    .text.move_to_angle1  main.o
    0x08004cd4   0x08004cd4   0x0000000e   Code   RO         1674    i.__hardfp__fabsf   m_wv.l(fabsf.o)
    0x08004ce2   0x08004ce2   0x0000000a   Code   RO         1844    x$fpl$fpinit        fz_wv.l(fpinit.o)
    0x08004cec   0x08004cec   0x00000000   Code   RO         1711    x$fpl$usenofp       fz_wv.l(usenofp.o)
    0x08004cec   0x08004cec   0x00000010   Data   RO         1640    .rodata.D1CorePrescTable  system_stm32h7xx.o
    0x08004cfc   0x08004cfc   0x00000018   Data   RO         1579    .rodata.UARTPrescTable  stm32h7xx_hal_uart.o
    0x08004d14   0x08004d14   0x00000030   Data   RO         1904    Region$$Table       anon$$obj.o


    Execution Region RW_IRAM1 (Exec base: 0x20000000, Load base: 0x08004d48, Size: 0x000005f0, Max: 0x00020000, ABSOLUTE)

    Exec Addr    Load Addr    Size         Type   Attr      Idx    E Section Name        Object

    0x20000000   0x08004d48   0x0000000c   Data   RW          857    .data..L_MergedGlobals  stm32h7xx_hal.o
    0x2000000c   0x08004d54   0x00000008   Data   RW         1641    .data..L_MergedGlobals  system_stm32h7xx.o
    0x20000014   0x08004d5c   0x00000004   PAD
    0x20000018        -       0x00000060   Zero   RW         1758    .bss                c_w.l(libspace.o)
    0x20000078        -       0x0000004c   Zero   RW          125    .bss.htim2          tim.o
    0x200000c4        -       0x00000094   Zero   RW          148    .bss.huart1         usart.o
    0x20000158        -       0x00000094   Zero   RW          147    .bss.huart9         usart.o
    0x200001ec        -       0x00000002   Zero   RW           94    .bss.path_count     main.o
    0x200001ee   0x08004d5c   0x00000002   PAD
    0x200001f0        -       0x00000400   Zero   RW            1    STACK               startup_stm32h723xx.o


    Execution Region RW_IRAM2 (Exec base: 0x24000000, Load base: 0x08004d60, Size: 0x000005e8, Max: 0x00020000, ABSOLUTE)

    Exec Addr    Load Addr    Size         Type   Attr      Idx    E Section Name        Object

    0x24000000        -       0x00000034   Zero   RW           97    .bss..L_MergedGlobals  main.o
    0x24000034        -       0x00000094   Zero   RW          149    .bss.huart2         usart.o
    0x240000c8        -       0x00000320   Zero   RW           95    .bss.path_points    main.o
    0x240003e8        -       0x00000200   Zero   RW            2    HEAP                startup_stm32h723xx.o


==============================================================================

Image component sizes


      Code (inc. data)   RO Data    RW Data    ZI Data      Debug   Object Name

        96          8          0          0          0       3019   gpio.o
      1174         60          0          0        854      21563   main.o
        64         26        716          0       1536        832   startup_stm32h723xx.o
       216         16          0         12          0      17141   stm32h7xx_hal.o
       324         32          0          0          0      12613   stm32h7xx_hal_cortex.o
      1220        160          0          0          0      12065   stm32h7xx_hal_dma.o
       400         20          0          0          0       7166   stm32h7xx_hal_gpio.o
        32          4          0          0          0       2310   stm32h7xx_hal_msp.o
        76          4          0          0          0      10525   stm32h7xx_hal_pwr_ex.o
      2246         64          0          0          0      11029   stm32h7xx_hal_rcc.o
      3492        148          0          0          0      16736   stm32h7xx_hal_rcc_ex.o
      2072        142          0          0          0      48811   stm32h7xx_hal_tim.o
       188         36          0          0          0      23469   stm32h7xx_hal_tim_ex.o
      5214        320         24          0          0      33113   stm32h7xx_hal_uart.o
       304         16          0          0          0      10467   stm32h7xx_hal_uart_ex.o
        52          8          0          0          0       1528   stm32h7xx_it.o
       152         28         16          8          0       5357   system_stm32h7xx.o
       276         16          0          0         76       8345   tim.o
       736         40          0          0        444      12903   usart.o

    ----------------------------------------------------------------------
     18354       1152        804         20       2916     258992   Object Totals
         0          0         48          0          0          0   (incl. Generated)
        20          4          0          0          6          0   (incl. Padding)

    ----------------------------------------------------------------------

      Code (inc. data)   RO Data    RW Data    ZI Data      Debug   Library Member Name

         8          0          0          0          0         68   __main.o
         0          0          0          0          0          0   __rtentry.o
        12          0          0          0          0          0   __rtentry2.o
         6          0          0          0          0          0   __rtentry4.o
        52          8          0          0          0          0   __scatter.o
        26          0          0          0          0          0   __scatter_copy.o
        28          0          0          0          0          0   __scatter_zi.o
        18          0          0          0          0         80   exit.o
         6          0          0          0          0        152   heapauxi.o
         0          0          0          0          0          0   indicate_semi.o
         2          0          0          0          0          0   libinit.o
         6          0          0          0          0          0   libinit2.o
         2          0          0          0          0          0   libshutdown.o
         2          0          0          0          0          0   libshutdown2.o
         8          4          0          0         96         68   libspace.o
       238          0          0          0          0        100   lludivv7m.o
        78          0          0          0          0         80   rt_memclr_w.o
         2          0          0          0          0          0   rtexit.o
        10          0          0          0          0          0   rtexit2.o
        12          4          0          0          0         68   sys_exit.o
        74          0          0          0          0         80   sys_stackheap_outer.o
         2          0          0          0          0         68   use_no_semi.o
        10          0          0          0          0        116   fpinit.o
         0          0          0          0          0          0   usenofp.o
        14          0          0          0          0        116   fabsf.o

    ----------------------------------------------------------------------
       622         16          0          0         96        996   Library Totals
         6          0          0          0          0          0   (incl. Padding)

    ----------------------------------------------------------------------

      Code (inc. data)   RO Data    RW Data    ZI Data      Debug   Library Name

       592         16          0          0         96        764   c_w.l
        10          0          0          0          0        116   fz_wv.l
        14          0          0          0          0        116   m_wv.l

    ----------------------------------------------------------------------
       622         16          0          0         96        996   Library Totals

    ----------------------------------------------------------------------

==============================================================================


      Code (inc. data)   RO Data    RW Data    ZI Data      Debug   

     18976       1168        804         20       3012     259456   Grand Totals
     18976       1168        804         20       3012     259456   ELF Image Totals
     18976       1168        804         20          0          0   ROM Totals

==============================================================================

    Total RO  Size (Code + RO Data)                19780 (  19.32kB)
    Total RW  Size (RW Data + ZI Data)              3032 (   2.96kB)
    Total ROM Size (Code + RO Data + RW Data)      19800 (  19.34kB)

==============================================================================

