Component: ARM Compiler 6.7 Tool: armlink [5c9ef700]

==============================================================================

Section Cross References

    startup_stm32h723xx.o(STACK) refers (Special) to heapauxi.o(.text) for __use_two_region_memory
    startup_stm32h723xx.o(HEAP) refers (Special) to heapauxi.o(.text) for __use_two_region_memory
    startup_stm32h723xx.o(RESET) refers (Special) to heapauxi.o(.text) for __use_two_region_memory
    startup_stm32h723xx.o(RESET) refers to startup_stm32h723xx.o(STACK) for __initial_sp
    startup_stm32h723xx.o(RESET) refers to startup_stm32h723xx.o(.text) for Reset_Handler
    startup_stm32h723xx.o(RESET) refers to stm32h7xx_it.o(.text.NMI_Handler) for NMI_Handler
    startup_stm32h723xx.o(RESET) refers to stm32h7xx_it.o(.text.HardFault_Handler) for HardFault_Handler
    startup_stm32h723xx.o(RESET) refers to stm32h7xx_it.o(.text.MemManage_Handler) for MemManage_Handler
    startup_stm32h723xx.o(RESET) refers to stm32h7xx_it.o(.text.BusFault_Handler) for BusFault_Handler
    startup_stm32h723xx.o(RESET) refers to stm32h7xx_it.o(.text.UsageFault_Handler) for UsageFault_Handler
    startup_stm32h723xx.o(RESET) refers to stm32h7xx_it.o(.text.SVC_Handler) for SVC_Handler
    startup_stm32h723xx.o(RESET) refers to stm32h7xx_it.o(.text.DebugMon_Handler) for DebugMon_Handler
    startup_stm32h723xx.o(RESET) refers to stm32h7xx_it.o(.text.PendSV_Handler) for PendSV_Handler
    startup_stm32h723xx.o(RESET) refers to stm32h7xx_it.o(.text.SysTick_Handler) for SysTick_Handler
    startup_stm32h723xx.o(RESET) refers to stm32h7xx_it.o(.text.USART1_IRQHandler) for USART1_IRQHandler
    startup_stm32h723xx.o(RESET) refers to stm32h7xx_it.o(.text.USART2_IRQHandler) for USART2_IRQHandler
    startup_stm32h723xx.o(RESET) refers to stm32h7xx_it.o(.text.UART9_IRQHandler) for UART9_IRQHandler
    startup_stm32h723xx.o(.text) refers (Special) to heapauxi.o(.text) for __use_two_region_memory
    startup_stm32h723xx.o(.text) refers to system_stm32h7xx.o(.text.SystemInit) for SystemInit
    startup_stm32h723xx.o(.text) refers to __main.o(!!!main) for __main
    startup_stm32h723xx.o(.text) refers to startup_stm32h723xx.o(HEAP) for Heap_Mem
    startup_stm32h723xx.o(.text) refers to startup_stm32h723xx.o(STACK) for Stack_Mem
    main.o(.text.__io_putchar) refers to stm32h7xx_hal_uart.o(.text.HAL_UART_Transmit) for HAL_UART_Transmit
    main.o(.text.__io_putchar) refers to usart.o(.bss.huart1) for huart1
    main.o(.ARM.exidx.text.__io_putchar) refers to main.o(.text.__io_putchar) for [Anonymous Symbol]
    main.o(.text.main) refers to stm32h7xx_hal_cortex.o(.text.HAL_MPU_Disable) for HAL_MPU_Disable
    main.o(.text.main) refers to stm32h7xx_hal_cortex.o(.text.HAL_MPU_ConfigRegion) for HAL_MPU_ConfigRegion
    main.o(.text.main) refers to stm32h7xx_hal_cortex.o(.text.HAL_MPU_Enable) for HAL_MPU_Enable
    main.o(.text.main) refers to stm32h7xx_hal.o(.text.HAL_Init) for HAL_Init
    main.o(.text.main) refers to main.o(.text.SystemClock_Config) for SystemClock_Config
    main.o(.text.main) refers to gpio.o(.text.MX_GPIO_Init) for MX_GPIO_Init
    main.o(.text.main) refers to usart.o(.text.MX_UART9_Init) for MX_UART9_Init
    main.o(.text.main) refers to usart.o(.text.MX_USART2_UART_Init) for MX_USART2_UART_Init
    main.o(.text.main) refers to usart.o(.text.MX_USART1_UART_Init) for MX_USART1_UART_Init
    main.o(.text.main) refers to stm32h7xx_hal.o(.text.HAL_Delay) for HAL_Delay
    main.o(.text.main) refers to stm32h7xx_hal_uart.o(.text.HAL_UART_Receive_IT) for HAL_UART_Receive_IT
    main.o(.text.main) refers to main.o(.text.MoveToPoint) for MoveToPoint
    main.o(.text.main) refers to main.o(.bss..L_MergedGlobals) for [Anonymous Symbol]
    main.o(.text.main) refers to usart.o(.bss.huart2) for huart2
    main.o(.ARM.exidx.text.main) refers to main.o(.text.main) for [Anonymous Symbol]
    main.o(.text.SystemClock_Config) refers to rt_memclr_w.o(.text) for __aeabi_memclr4
    main.o(.text.SystemClock_Config) refers to stm32h7xx_hal_pwr_ex.o(.text.HAL_PWREx_ConfigSupply) for HAL_PWREx_ConfigSupply
    main.o(.text.SystemClock_Config) refers to stm32h7xx_hal_rcc.o(.text.HAL_RCC_OscConfig) for HAL_RCC_OscConfig
    main.o(.text.SystemClock_Config) refers to stm32h7xx_hal_rcc.o(.text.HAL_RCC_ClockConfig) for HAL_RCC_ClockConfig
    main.o(.ARM.exidx.text.SystemClock_Config) refers to main.o(.text.SystemClock_Config) for [Anonymous Symbol]
    main.o(.text.MoveToPoint) refers to stm32h7xx_hal.o(.text.HAL_GetTick) for HAL_GetTick
    main.o(.text.MoveToPoint) refers to main.o(.text.motors12_backward) for motors12_backward
    main.o(.text.MoveToPoint) refers to main.o(.text.motors12_forward) for motors12_forward
    main.o(.text.MoveToPoint) refers to main.o(.text.motor3_backward) for motor3_backward
    main.o(.text.MoveToPoint) refers to main.o(.text.motor3_forward) for motor3_forward
    main.o(.text.MoveToPoint) refers to main.o(.text.motor4_down) for motor4_down
[...]
    __arm_cp.8_10                            0x08000930   Number         4  stm32h7xx_hal_dma.o(.text.HAL_DMA_Abort)
    __arm_cp.8_11                            0x08000934   Number         4  stm32h7xx_hal_dma.o(.text.HAL_DMA_Abort)
    __arm_cp.8_12                            0x08000938   Number         4  stm32h7xx_hal_dma.o(.text.HAL_DMA_Abort)
    __arm_cp.8_13                            0x0800093c   Number         4  stm32h7xx_hal_dma.o(.text.HAL_DMA_Abort)
    __arm_cp.8_14                            0x08000940   Number         4  stm32h7xx_hal_dma.o(.text.HAL_DMA_Abort)
    __arm_cp.8_15                            0x08000944   Number         4  stm32h7xx_hal_dma.o(.text.HAL_DMA_Abort)
    [Anonymous Symbol]                       0x08000948   Section        0  stm32h7xx_hal_dma.o(.text.HAL_DMA_Abort_IT)
    __arm_cp.9_0                             0x08000ac0   Number         4  stm32h7xx_hal_dma.o(.text.HAL_DMA_Abort_IT)
    __arm_cp.9_1                             0x08000ac4   Number         4  stm32h7xx_hal_dma.o(.text.HAL_DMA_Abort_IT)
    __arm_cp.9_2                             0x08000ac8   Number         4  stm32h7xx_hal_dma.o(.text.HAL_DMA_Abort_IT)
    __arm_cp.9_3                             0x08000acc   Number         4  stm32h7xx_hal_dma.o(.text.HAL_DMA_Abort_IT)
    __arm_cp.9_4                             0x08000ad0   Number         4  stm32h7xx_hal_dma.o(.text.HAL_DMA_Abort_IT)
    __arm_cp.9_5                             0x08000ad4   Number         4  stm32h7xx_hal_dma.o(.text.HAL_DMA_Abort_IT)
    __arm_cp.9_6                             0x08000ad8   Number         4  stm32h7xx_hal_dma.o(.text.HAL_DMA_Abort_IT)
    __arm_cp.9_7                             0x08000adc   Number         4  stm32h7xx_hal_dma.o(.text.HAL_DMA_Abort_IT)
    __arm_cp.9_8                             0x08000ae0   Number         4  stm32h7xx_hal_dma.o(.text.HAL_DMA_Abort_IT)
    __arm_cp.9_9                             0x08000ae4   Number         4  stm32h7xx_hal_dma.o(.text.HAL_DMA_Abort_IT)
    __arm_cp.9_10                            0x08000ae8   Number         4  stm32h7xx_hal_dma.o(.text.HAL_DMA_Abort_IT)
    __arm_cp.9_11                            0x08000aec   Number         4  stm32h7xx_hal_dma.o(.text.HAL_DMA_Abort_IT)
    __arm_cp.9_12                            0x08000af0   Number         4  stm32h7xx_hal_dma.o(.text.HAL_DMA_Abort_IT)
    __arm_cp.9_13                            0x08000af4   Number         4  stm32h7xx_hal_dma.o(.text.HAL_DMA_Abort_IT)
    __arm_cp.9_14                            0x08000af8   Number         4  stm32h7xx_hal_dma.o(.text.HAL_DMA_Abort_IT)
    __arm_cp.9_15                            0x08000afc   Number         4  stm32h7xx_hal_dma.o(.text.HAL_DMA_Abort_IT)
    __arm_cp.9_16                            0x08000b00   Number         4  stm32h7xx_hal_dma.o(.text.HAL_DMA_Abort_IT)
    __arm_cp.9_17                            0x08000b04   Number         4  stm32h7xx_hal_dma.o(.text.HAL_DMA_Abort_IT)
    __arm_cp.9_18                            0x08000b08   Number         4  stm32h7xx_hal_dma.o(.text.HAL_DMA_Abort_IT)
    __arm_cp.9_19                            0x08000b0c   Number         4  stm32h7xx_hal_dma.o(.text.HAL_DMA_Abort_IT)
    __arm_cp.9_20                            0x08000b10   Number         4  stm32h7xx_hal_dma.o(.text.HAL_DMA_Abort_IT)
    __arm_cp.9_21                            0x08000b14   Number         4  stm32h7xx_hal_dma.o(.text.HAL_DMA_Abort_IT)
    __arm_cp.9_22                            0x08000b18   Number         4  stm32h7xx_hal_dma.o(.text.HAL_DMA_Abort_IT)
    __arm_cp.9_23                            0x08000b1c   Number         4  stm32h7xx_hal_dma.o(.text.HAL_DMA_Abort_IT)
    [Anonymous Symbol]                       0x08000b20   Section        0  stm32h7xx_hal.o(.text.HAL_Delay)
    [Anonymous Symbol]                       0x08000b48   Section        0  stm32h7xx_hal_gpio.o(.text.HAL_GPIO_Init)
    __arm_cp.0_0                             0x08000cc4   Number         4  stm32h7xx_hal_gpio.o(.text.HAL_GPIO_Init)
    __arm_cp.0_1                             0x08000cc8   Number         4  stm32h7xx_hal_gpio.o(.text.HAL_GPIO_Init)
    __arm_cp.0_2                             0x08000ccc   Number         4  stm32h7xx_hal_gpio.o(.text.HAL_GPIO_Init)
    __arm_cp.0_4                             0x08000cd0   Number         4  stm32h7xx_hal_gpio.o(.text.HAL_GPIO_Init)
    __arm_cp.0_5                             0x08000cd4   Number         4  stm32h7xx_hal_gpio.o(.text.HAL_GPIO_Init)
    [Anonymous Symbol]                       0x08000cd8   Section        0  stm32h7xx_hal_gpio.o(.text.HAL_GPIO_ReadPin)
    [Anonymous Symbol]                       0x08000ce4   Section        0  stm32h7xx_hal.o(.text.HAL_GetTick)
    [Anonymous Symbol]                       0x08000cec   Section        0  stm32h7xx_hal.o(.text.HAL_IncTick)
    [Anonymous Symbol]                       0x08000cf8   Section        0  stm32h7xx_hal.o(.text.HAL_Init)
    __arm_cp.0_0                             0x08000d44   Number         4  stm32h7xx_hal.o(.text.HAL_Init)
    __arm_cp.0_2                             0x08000d48   Number         4  stm32h7xx_hal.o(.text.HAL_Init)
    [Anonymous Symbol]                       0x08000d4c   Section        0  stm32h7xx_hal.o(.text.HAL_InitTick)
    __arm_cp.1_0                             0x08000d8c   Number         4  stm32h7xx_hal.o(.text.HAL_InitTick)
    __arm_cp.1_1                             0x08000d90   Number         4  stm32h7xx_hal.o(.text.HAL_InitTick)
    [Anonymous Symbol]                       0x08000d94   Section        0  stm32h7xx_hal_cortex.o(.text.HAL_MPU_ConfigRegion)
    __arm_cp.10_0                            0x08000de4   Number         4  stm32h7xx_hal_cortex.o(.text.HAL_MPU_ConfigRegion)
    [Anonymous Symbol]                       0x08000de8   Section        0  stm32h7xx_hal_cortex.o(.text.HAL_MPU_Disable)
    [Anonymous Symbol]                       0x08000dfc   Section        0  stm32h7xx_hal_cortex.o(.text.HAL_MPU_Enable)
    __arm_cp.7_0                             0x08000e18   Number         4  stm32h7xx_hal_cortex.o(.text.HAL_MPU_Enable)
    [Anonymous Symbol]                       0x08000e1c   Section        0  stm32h7xx_hal_msp.o(.text.HAL_MspInit)
    __arm_cp.0_0                             0x08000e38   Number         4  stm32h7xx_hal_msp.o(.text.HAL_MspInit)
    [Anonymous Symbol]                       0x08000e3c   Section        0  stm32h7xx_hal_cortex.o(.text.HAL_NVIC_EnableIRQ)
    __arm_cp.2_0                             0x08000e54   Number         4  stm32h7xx_hal_cortex.o(.text.HAL_NVIC_EnableIRQ)
    [Anonymous Symbol]                       0x08000e58   Section        0  stm32h7xx_hal_cortex.o(.text.HAL_NVIC_SetPriority)
    __arm_cp.1_0                             0x08000eac   Number         4  stm32h7xx_hal_cortex.o(.text.HAL_NVIC_SetPriority)
    [Anonymous Symbol]                       0x08000eb0   Section        0  stm32h7xx_hal_cortex.o(.text.HAL_NVIC_SetPriorityGrouping)
    __arm_cp.0_0                             0x08000ec8   Number         4  stm32h7xx_hal_cortex.o(.text.HAL_NVIC_SetPriorityGrouping)
    __arm_cp.0_1                             0x08000ecc   Number         4  stm32h7xx_hal_cortex.o(.text.HAL_NVIC_SetPriorityGrouping)
    [Anonymous Symbol]                       0x08000ed0   Section        0  stm32h7xx_hal_pwr_ex.o(.text.HAL_PWREx_ConfigSupply)
    __arm_cp.0_0                             0x08000f18   Number         4  stm32h7xx_hal_pwr_ex.o(.text.HAL_PWREx_ConfigSupply)
    [Anonymous Symbol]                       0x08000f1c   Section        0  stm32h7xx_hal_rcc_ex.o(.text.HAL_RCCEx_GetD3PCLK1Freq)
    __arm_cp.8_0                             0x08000f38   Number         4  stm32h7xx_hal_rcc_ex.o(.text.HAL_RCCEx_GetD3PCLK1Freq)
    __arm_cp.8_1                             0x08000f3c   Number         4  stm32h7xx_hal_rcc_ex.o(.text.HAL_RCCEx_GetD3PCLK1Freq)
    [Anonymous Symbol]                       0x08000f40   Section        0  stm32h7xx_hal_rcc_ex.o(.text.HAL_RCCEx_GetPLL2ClockFreq)
    __arm_cp.6_0                             0x0800107c   Number         4  stm32h7xx_hal_rcc_ex.o(.text.HAL_RCCEx_GetPLL2ClockFreq)
    __arm_cp.6_4                             0x0800108c   Number         4  stm32h7xx_hal_rcc_ex.o(.text.HAL_RCCEx_GetPLL2ClockFreq)
    [Anonymous Symbol]                       0x08001094   Section        0  stm32h7xx_hal_rcc_ex.o(.text.HAL_RCCEx_GetPLL3ClockFreq)
    __arm_cp.7_0                             0x080011d0   Number         4  stm32h7xx_hal_rcc_ex.o(.text.HAL_RCCEx_GetPLL3ClockFreq)
    __arm_cp.7_4                             0x080011e0   Number         4  stm32h7xx_hal_rcc_ex.o(.text.HAL_RCCEx_GetPLL3ClockFreq)
    [Anonymous Symbol]                       0x080011e8   Section        0  stm32h7xx_hal_rcc_ex.o(.text.HAL_RCCEx_PeriphCLKConfig)
    __arm_cp.0_17                            0x08001488   Number         4  stm32h7xx_hal_rcc_ex.o(.text.HAL_RCCEx_PeriphCLKConfig)
    __arm_cp.0_1                             0x08001aa4   Number         4  stm32h7xx_hal_rcc_ex.o(.text.HAL_RCCEx_PeriphCLKConfig)
    [Anonymous Symbol]                       0x08001aa8   Section        0  stm32h7xx_hal_rcc.o(.text.HAL_RCC_ClockConfig)
    __arm_cp.2_0                             0x08001cbc   Number         4  stm32h7xx_hal_rcc.o(.text.HAL_RCC_ClockConfig)
    __arm_cp.2_5                             0x08001cc0   Number         4  stm32h7xx_hal_rcc.o(.text.HAL_RCC_ClockConfig)
    [Anonymous Symbol]                       0x08001cc4   Section        0  stm32h7xx_hal_rcc.o(.text.HAL_RCC_GetHCLKFreq)
    __arm_cp.7_0                             0x08001cf8   Number         4  stm32h7xx_hal_rcc.o(.text.HAL_RCC_GetHCLKFreq)
    __arm_cp.7_2                             0x08001cfc   Number         4  stm32h7xx_hal_rcc.o(.text.HAL_RCC_GetHCLKFreq)
    __arm_cp.7_3                             0x08001d00   Number         4  stm32h7xx_hal_rcc.o(.text.HAL_RCC_GetHCLKFreq)
    [Anonymous Symbol]                       0x08001d04   Section        0  stm32h7xx_hal_rcc.o(.text.HAL_RCC_GetPCLK1Freq)
    [Anonymous Symbol]                       0x08001d20   Section        0  stm32h7xx_hal_rcc.o(.text.HAL_RCC_GetPCLK2Freq)
    __arm_cp.9_0                             0x08001d3c   Number         4  stm32h7xx_hal_rcc.o(.text.HAL_RCC_GetPCLK2Freq)
    __arm_cp.9_1                             0x08001d40   Number         4  stm32h7xx_hal_rcc.o(.text.HAL_RCC_GetPCLK2Freq)
    [Anonymous Symbol]                       0x08001d44   Section        0  stm32h7xx_hal_rcc.o(.text.HAL_RCC_GetSysClockFreq)
    __arm_cp.3_0                             0x08001e70   Number         4  stm32h7xx_hal_rcc.o(.text.HAL_RCC_GetSysClockFreq)
    __arm_cp.3_1                             0x08001e74   Number         4  stm32h7xx_hal_rcc.o(.text.HAL_RCC_GetSysClockFreq)
    __arm_cp.3_2                             0x08001e78   Number         4  stm32h7xx_hal_rcc.o(.text.HAL_RCC_GetSysClockFreq)
    __arm_cp.3_3                             0x08001e7c   Number         4  stm32h7xx_hal_rcc.o(.text.HAL_RCC_GetSysClockFreq)
    [Anonymous Symbol]                       0x08001e90   Section        0  stm32h7xx_hal_rcc.o(.text.HAL_RCC_OscConfig)
    __arm_cp.1_1                             0x080021dc   Number         4  stm32h7xx_hal_rcc.o(.text.HAL_RCC_OscConfig)
    [Anonymous Symbol]                       0x08002370   Section        0  stm32h7xx_hal_cortex.o(.text.HAL_SYSTICK_Config)
    __arm_cp.5_0                             0x08002390   Number         4  stm32h7xx_hal_cortex.o(.text.HAL_SYSTICK_Config)
    __arm_cp.5_1                             0x08002394   Number         4  stm32h7xx_hal_cortex.o(.text.HAL_SYSTICK_Config)
    [Anonymous Symbol]                       0x08002398   Section        0  stm32h7xx_hal_uart_ex.o(.text.HAL_UARTEx_DisableFifoMode)
    [Anonymous Symbol]                       0x080023ce   Section        0  stm32h7xx_hal_uart.o(.text.HAL_UARTEx_RxEventCallback)
    [Anonymous Symbol]                       0x080023d0   Section        0  stm32h7xx_hal_uart_ex.o(.text.HAL_UARTEx_RxFifoFullCallback)
    [Anonymous Symbol]                       0x080023d2   Section        0  stm32h7xx_hal_uart_ex.o(.text.HAL_UARTEx_SetRxFifoThreshold)
    [Anonymous Symbol]                       0x0800241e   Section        0  stm32h7xx_hal_uart_ex.o(.text.HAL_UARTEx_SetTxFifoThreshold)
    [Anonymous Symbol]                       0x0800246a   Section        0  stm32h7xx_hal_uart_ex.o(.text.HAL_UARTEx_TxFifoEmptyCallback)
    [Anonymous Symbol]                       0x0800246c   Section        0  stm32h7xx_hal_uart_ex.o(.text.HAL_UARTEx_WakeupCallback)
    [Anonymous Symbol]                       0x0800246e   Section        0  stm32h7xx_hal_uart.o(.text.HAL_UART_ErrorCallback)
    [Anonymous Symbol]                       0x08002470   Section        0  stm32h7xx_hal_uart.o(.text.HAL_UART_IRQHandler)
    __arm_cp.44_0                            0x080027f4   Number         4  stm32h7xx_hal_uart.o(.text.HAL_UART_IRQHandler)
    __arm_cp.44_1                            0x080027f8   Number         4  stm32h7xx_hal_uart.o(.text.HAL_UART_IRQHandler)
    __arm_cp.44_2                            0x080027fc   Number         4  stm32h7xx_hal_uart.o(.text.HAL_UART_IRQHandler)
    __arm_cp.44_3                            0x08002800   Number         4  stm32h7xx_hal_uart.o(.text.HAL_UART_IRQHandler)
    __arm_cp.44_4                            0x08002804   Number         4  stm32h7xx_hal_uart.o(.text.HAL_UART_IRQHandler)
    __arm_cp.44_5                            0x08002808   Number         4  stm32h7xx_hal_uart.o(.text.HAL_UART_IRQHandler)
    __arm_cp.44_6                            0x0800280c   Number         4  stm32h7xx_hal_uart.o(.text.HAL_UART_IRQHandler)
    __arm_cp.44_7                            0x08002810   Number         4  stm32h7xx_hal_uart.o(.text.HAL_UART_IRQHandler)
    __arm_cp.44_8                            0x08002814   Number         4  stm32h7xx_hal_uart.o(.text.HAL_UART_IRQHandler)
    __arm_cp.44_9                            0x08002818   Number         4  stm32h7xx_hal_uart.o(.text.HAL_UART_IRQHandler)
    __arm_cp.44_10                           0x0800281c   Number         4  stm32h7xx_hal_uart.o(.text.HAL_UART_IRQHandler)
    __arm_cp.44_11                           0x08002820   Number         4  stm32h7xx_hal_uart.o(.text.HAL_UART_IRQHandler)
    __arm_cp.44_12                           0x08002824   Number         4  stm32h7xx_hal_uart.o(.text.HAL_UART_IRQHandler)
    __arm_cp.44_13                           0x08002828   Number         4  stm32h7xx_hal_uart.o(.text.HAL_UART_IRQHandler)
    __arm_cp.44_14                           0x0800282c   Number         4  stm32h7xx_hal_uart.o(.text.HAL_UART_IRQHandler)
    __arm_cp.44_15                           0x08002830   Number         4  stm32h7xx_hal_uart.o(.text.HAL_UART_IRQHandler)
    __arm_cp.44_16                           0x08002834   Number         4  stm32h7xx_hal_uart.o(.text.HAL_UART_IRQHandler)
    __arm_cp.44_17                           0x08002838   Number         4  stm32h7xx_hal_uart.o(.text.HAL_UART_IRQHandler)
    __arm_cp.44_18                           0x0800283c   Number         4  stm32h7xx_hal_uart.o(.text.HAL_UART_IRQHandler)
    __arm_cp.44_19                           0x08002840   Number         4  stm32h7xx_hal_uart.o(.text.HAL_UART_IRQHandler)
    [Anonymous Symbol]                       0x08002844   Section        0  stm32h7xx_hal_uart.o(.text.HAL_UART_Init)
    [Anonymous Symbol]                       0x080028a8   Section        0  usart.o(.text.HAL_UART_MspInit)
    __arm_cp.3_0                             0x08002a64   Number         4  usart.o(.text.HAL_UART_MspInit)
    __arm_cp.3_1                             0x08002a68   Number         4  usart.o(.text.HAL_UART_MspInit)
    __arm_cp.3_3                             0x08002a6c   Number         4  usart.o(.text.HAL_UART_MspInit)
    __arm_cp.3_4                             0x08002a70   Number         4  usart.o(.text.HAL_UART_MspInit)
    [Anonymous Symbol]                       0x08002a74   Section        0  stm32h7xx_hal_uart.o(.text.HAL_UART_Receive_IT)
    __arm_cp.18_0                            0x08002ac4   Number         4  stm32h7xx_hal_uart.o(.text.HAL_UART_Receive_IT)
    [Anonymous Symbol]                       0x08002ac8   Section        0  main.o(.text.HAL_UART_RxCpltCallback)
    __arm_cp.5_0                             0x08002b78   Number         4  main.o(.text.HAL_UART_RxCpltCallback)
    __arm_cp.5_1                             0x08002b7c   Number         4  main.o(.text.HAL_UART_RxCpltCallback)
    [Anonymous Symbol]                       0x08002b80   Section        0  stm32h7xx_hal_uart.o(.text.HAL_UART_Transmit)
    [Anonymous Symbol]                       0x08002c3c   Section        0  stm32h7xx_hal_uart.o(.text.HAL_UART_Transmit_IT)
    __arm_cp.13_0                            0x08002cc8   Number         4  stm32h7xx_hal_uart.o(.text.HAL_UART_Transmit_IT)
    __arm_cp.13_1                            0x08002ccc   Number         4  stm32h7xx_hal_uart.o(.text.HAL_UART_Transmit_IT)
    __arm_cp.13_2                            0x08002cd0   Number         4  stm32h7xx_hal_uart.o(.text.HAL_UART_Transmit_IT)
    __arm_cp.13_3                            0x08002cd4   Number         4  stm32h7xx_hal_uart.o(.text.HAL_UART_Transmit_IT)
    [Anonymous Symbol]                       0x08002cd8   Section        0  main.o(.text.HAL_UART_TxCpltCallback)
    [Anonymous Symbol]                       0x08002cda   Section        0  stm32h7xx_it.o(.text.HardFault_Handler)
    [Anonymous Symbol]                       0x08002cdc   Section        0  gpio.o(.text.MX_GPIO_Init)
    __arm_cp.0_0                             0x08002d34   Number         4  gpio.o(.text.MX_GPIO_Init)
    __arm_cp.0_1                             0x08002d38   Number         4  gpio.o(.text.MX_GPIO_Init)
    [Anonymous Symbol]                       0x08002d3c   Section        0  usart.o(.text.MX_UART9_Init)
    __arm_cp.0_0                             0x08002d98   Number         4  usart.o(.text.MX_UART9_Init)
    __arm_cp.0_1                             0x08002d9c   Number         4  usart.o(.text.MX_UART9_Init)
    [Anonymous Symbol]                       0x08002da0   Section        0  usart.o(.text.MX_USART1_UART_Init)
    __arm_cp.1_0                             0x08002dfc   Number         4  usart.o(.text.MX_USART1_UART_Init)
    __arm_cp.1_1                             0x08002e00   Number         4  usart.o(.text.MX_USART1_UART_Init)
    [Anonymous Symbol]                       0x08002e04   Section        0  usart.o(.text.MX_USART2_UART_Init)
    __arm_cp.2_0                             0x08002e60   Number         4  usart.o(.text.MX_USART2_UART_Init)
    __arm_cp.2_1                             0x08002e64   Number         4  usart.o(.text.MX_USART2_UART_Init)
    [Anonymous Symbol]                       0x08002e68   Section        0  stm32h7xx_it.o(.text.MemManage_Handler)
    [Anonymous Symbol]                       0x08002e70   Section        0  main.o(.text.MoveToPoint)
    __arm_cp.3_0                             0x08003090   Number         4  main.o(.text.MoveToPoint)
    __arm_cp.3_1                             0x08003094   Number         4  main.o(.text.MoveToPoint)
    __arm_cp.3_5                             0x08003098   Number         4  main.o(.text.MoveToPoint)
    [Anonymous Symbol]                       0x0800309c   Section        0  stm32h7xx_it.o(.text.NMI_Handler)
    [Anonymous Symbol]                       0x0800309e   Section        0  stm32h7xx_it.o(.text.PendSV_Handler)
    [Anonymous Symbol]                       0x080030a0   Section        0  stm32h7xx_hal_rcc_ex.o(.text.RCCEx_PLL2_Config)
    RCCEx_PLL2_Config                        0x080030a1   Thumb Code   272  stm32h7xx_hal_rcc_ex.o(.text.RCCEx_PLL2_Config)
    [Anonymous Symbol]                       0x080031ac   Section        0  stm32h7xx_hal_rcc_ex.o(.text.RCCEx_PLL3_Config)
    RCCEx_PLL3_Config                        0x080031ad   Thumb Code   272  stm32h7xx_hal_rcc_ex.o(.text.RCCEx_PLL3_Config)
    [Anonymous Symbol]                       0x080032b8   Section        0  stm32h7xx_it.o(.text.SVC_Handler)
    [Anonymous Symbol]                       0x080032ba   Section        0  main.o(.text.Stop_Motor)
    [Anonymous Symbol]                       0x080032d0   Section        0  stm32h7xx_it.o(.text.SysTick_Handler)
    [Anonymous Symbol]                       0x080032d4   Section        0  main.o(.text.SystemClock_Config)
    __arm_cp.2_0                             0x08003378   Number         4  main.o(.text.SystemClock_Config)
    [Anonymous Symbol]                       0x0800337c   Section        0  system_stm32h7xx.o(.text.SystemInit)
    __arm_cp.0_0                             0x080033f8   Number         4  system_stm32h7xx.o(.text.SystemInit)
    __arm_cp.0_1                             0x080033fc   Number         4  system_stm32h7xx.o(.text.SystemInit)
    __arm_cp.0_2                             0x08003400   Number         4  system_stm32h7xx.o(.text.SystemInit)
    __arm_cp.0_3                             0x08003404   Number         4  system_stm32h7xx.o(.text.SystemInit)
    __arm_cp.0_4                             0x08003408   Number         4  system_stm32h7xx.o(.text.SystemInit)
    __arm_cp.0_5                             0x0800340c   Number         4  system_stm32h7xx.o(.text.SystemInit)
    __arm_cp.0_6                             0x08003410   Number         4  system_stm32h7xx.o(.text.SystemInit)
    [Anonymous Symbol]                       0x08003414   Section        0  stm32h7xx_it.o(.text.UART9_IRQHandler)
    __arm_cp.11_0                            0x0800341c   Number         4  stm32h7xx_it.o(.text.UART9_IRQHandler)
    [Anonymous Symbol]                       0x08003420   Section        0  stm32h7xx_hal_uart_ex.o(.text.UARTEx_SetNbDataToProcess)
    UARTEx_SetNbDataToProcess                0x08003421   Thumb Code    92  stm32h7xx_hal_uart_ex.o(.text.UARTEx_SetNbDataToProcess)
    UARTEx_SetNbDataToProcess.denominator    0x0800346c   Number         0  stm32h7xx_hal_uart_ex.o(.text.UARTEx_SetNbDataToProcess)
    UARTEx_SetNbDataToProcess.numerator      0x08003474   Number         0  stm32h7xx_hal_uart_ex.o(.text.UARTEx_SetNbDataToProcess)
    [Anonymous Symbol]                       0x0800347c   Section        0  stm32h7xx_hal_uart.o(.text.UART_AdvFeatureConfig)
    [Anonymous Symbol]                       0x08003550   Section        0  stm32h7xx_hal_uart.o(.text.UART_CheckIdleState)
    __arm_cp.4_0                             0x08003608   Number         4  stm32h7xx_hal_uart.o(.text.UART_CheckIdleState)
    [Anonymous Symbol]                       0x0800360c   Section        0  stm32h7xx_hal_uart.o(.text.UART_DMAAbortOnError)
    UART_DMAAbortOnError                     0x0800360d   Thumb Code    16  stm32h7xx_hal_uart.o(.text.UART_DMAAbortOnError)
    [Anonymous Symbol]                       0x0800361c   Section        0  stm32h7xx_hal_uart.o(.text.UART_EndRxTransfer)
    UART_EndRxTransfer                       0x0800361d   Thumb Code    84  stm32h7xx_hal_uart.o(.text.UART_EndRxTransfer)
    [Anonymous Symbol]                       0x0800366c   Section        0  stm32h7xx_hal_uart.o(.text.UART_RxISR_16BIT)
    UART_RxISR_16BIT                         0x0800366d   Thumb Code   208  stm32h7xx_hal_uart.o(.text.UART_RxISR_16BIT)
    [Anonymous Symbol]                       0x08003738   Section        0  stm32h7xx_hal_uart.o(.text.UART_RxISR_16BIT_FIFOEN)
    UART_RxISR_16BIT_FIFOEN                  0x08003739   Thumb Code   448  stm32h7xx_hal_uart.o(.text.UART_RxISR_16BIT_FIFOEN)
    __arm_cp.63_0                            0x080038ec   Number         4  stm32h7xx_hal_uart.o(.text.UART_RxISR_16BIT_FIFOEN)
    __arm_cp.63_1                            0x080038f0   Number         4  stm32h7xx_hal_uart.o(.text.UART_RxISR_16BIT_FIFOEN)
    [Anonymous Symbol]                       0x080038f4   Section        0  stm32h7xx_hal_uart.o(.text.UART_RxISR_8BIT)
    UART_RxISR_8BIT                          0x080038f5   Thumb Code   208  stm32h7xx_hal_uart.o(.text.UART_RxISR_8BIT)
    __arm_cp.66_0                            0x080039c0   Number         4  stm32h7xx_hal_uart.o(.text.UART_RxISR_8BIT)
    [Anonymous Symbol]                       0x080039c4   Section        0  stm32h7xx_hal_uart.o(.text.UART_RxISR_8BIT_FIFOEN)
    UART_RxISR_8BIT_FIFOEN                   0x080039c5   Thumb Code   452  stm32h7xx_hal_uart.o(.text.UART_RxISR_8BIT_FIFOEN)
    __arm_cp.64_0                            0x08003b7c   Number         4  stm32h7xx_hal_uart.o(.text.UART_RxISR_8BIT_FIFOEN)
    __arm_cp.64_1                            0x08003b80   Number         4  stm32h7xx_hal_uart.o(.text.UART_RxISR_8BIT_FIFOEN)
    __arm_cp.64_2                            0x08003b84   Number         4  stm32h7xx_hal_uart.o(.text.UART_RxISR_8BIT_FIFOEN)
    [Anonymous Symbol]                       0x08003b88   Section        0  stm32h7xx_hal_uart.o(.text.UART_SetConfig)
    __arm_cp.3_32                            0x08003df8   Number         4  stm32h7xx_hal_uart.o(.text.UART_SetConfig)
    __arm_cp.3_33                            0x08003dfc   Number         4  stm32h7xx_hal_uart.o(.text.UART_SetConfig)
    __arm_cp.3_34                            0x08003e00   Number         4  stm32h7xx_hal_uart.o(.text.UART_SetConfig)
    __arm_cp.3_35                            0x08003e04   Number         4  stm32h7xx_hal_uart.o(.text.UART_SetConfig)
    __arm_cp.3_36                            0x08003e08   Number         4  stm32h7xx_hal_uart.o(.text.UART_SetConfig)
    __arm_cp.3_37                            0x08003e0c   Number         4  stm32h7xx_hal_uart.o(.text.UART_SetConfig)
    __arm_cp.3_38                            0x08003e10   Number         4  stm32h7xx_hal_uart.o(.text.UART_SetConfig)
    __arm_cp.3_39                            0x08003e14   Number         4  stm32h7xx_hal_uart.o(.text.UART_SetConfig)
    __arm_cp.3_40                            0x08003e18   Number         4  stm32h7xx_hal_uart.o(.text.UART_SetConfig)
    __arm_cp.3_41                            0x08003e1c   Number         4  stm32h7xx_hal_uart.o(.text.UART_SetConfig)
    __arm_cp.3_42                            0x08003e20   Number         4  stm32h7xx_hal_uart.o(.text.UART_SetConfig)
    __arm_cp.3_43                            0x08003e24   Number         4  stm32h7xx_hal_uart.o(.text.UART_SetConfig)
    __arm_cp.3_44                            0x08003e28   Number         4  stm32h7xx_hal_uart.o(.text.UART_SetConfig)
    __arm_cp.3_45                            0x08003e2c   Number         4  stm32h7xx_hal_uart.o(.text.UART_SetConfig)
    __arm_cp.3_46                            0x08003e30   Number         4  stm32h7xx_hal_uart.o(.text.UART_SetConfig)
    __arm_cp.3_47                            0x08003e34   Number         4  stm32h7xx_hal_uart.o(.text.UART_SetConfig)
    __arm_cp.3_48                            0x08003e38   Number         4  stm32h7xx_hal_uart.o(.text.UART_SetConfig)
    __arm_cp.3_17                            0x08003fa0   Number         4  stm32h7xx_hal_uart.o(.text.UART_SetConfig)
    __arm_cp.3_18                            0x08003fa4   Number         4  stm32h7xx_hal_uart.o(.text.UART_SetConfig)
    [Anonymous Symbol]                       0x08003fa8   Section        0  stm32h7xx_hal_uart.o(.text.UART_Start_Receive_IT)
    __arm_cp.19_0                            0x080040c4   Number         4  stm32h7xx_hal_uart.o(.text.UART_Start_Receive_IT)
    __arm_cp.19_1                            0x080040c8   Number         4  stm32h7xx_hal_uart.o(.text.UART_Start_Receive_IT)
    __arm_cp.19_2                            0x080040cc   Number         4  stm32h7xx_hal_uart.o(.text.UART_Start_Receive_IT)
    __arm_cp.19_3                            0x080040d0   Number         4  stm32h7xx_hal_uart.o(.text.UART_Start_Receive_IT)
    [Anonymous Symbol]                       0x080040d4   Section        0  stm32h7xx_hal_uart.o(.text.UART_TxISR_16BIT)
    UART_TxISR_16BIT                         0x080040d5   Thumb Code    86  stm32h7xx_hal_uart.o(.text.UART_TxISR_16BIT)
    [Anonymous Symbol]                       0x0800412a   Section        0  stm32h7xx_hal_uart.o(.text.UART_TxISR_16BIT_FIFOEN)
    UART_TxISR_16BIT_FIFOEN                  0x0800412b   Thumb Code   110  stm32h7xx_hal_uart.o(.text.UART_TxISR_16BIT_FIFOEN)
    [Anonymous Symbol]                       0x08004198   Section        0  stm32h7xx_hal_uart.o(.text.UART_TxISR_8BIT)
    UART_TxISR_8BIT                          0x08004199   Thumb Code    82  stm32h7xx_hal_uart.o(.text.UART_TxISR_8BIT)
    [Anonymous Symbol]                       0x080041ea   Section        0  stm32h7xx_hal_uart.o(.text.UART_TxISR_8BIT_FIFOEN)
    UART_TxISR_8BIT_FIFOEN                   0x080041eb   Thumb Code   106  stm32h7xx_hal_uart.o(.text.UART_TxISR_8BIT_FIFOEN)
    [Anonymous Symbol]                       0x08004254   Section        0  stm32h7xx_hal_uart.o(.text.UART_WaitOnFlagUntilTimeout)
    [Anonymous Symbol]                       0x080042f4   Section        0  stm32h7xx_it.o(.text.USART1_IRQHandler)
    __arm_cp.9_0                             0x080042fc   Number         4  stm32h7xx_it.o(.text.USART1_IRQHandler)
    [Anonymous Symbol]                       0x08004300   Section        0  stm32h7xx_it.o(.text.USART2_IRQHandler)
    [Anonymous Symbol]                       0x08004308   Section        0  stm32h7xx_it.o(.text.UsageFault_Handler)
    [Anonymous Symbol]                       0x0800430c   Section        0  main.o(.text.main)
    __arm_cp.1_0                             0x0800439c   Number         4  main.o(.text.main)
    __arm_cp.1_1                             0x080043a0   Number         4  main.o(.text.main)
    [Anonymous Symbol]                       0x080043a8   Section        0  main.o(.text.motor3_backward)
    [Anonymous Symbol]                       0x08004418   Section        0  main.o(.text.motor3_forward)
    [Anonymous Symbol]                       0x08004488   Section        0  main.o(.text.motor4_down)
    [Anonymous Symbol]                       0x080044f8   Section        0  main.o(.text.motor4_up)
    [Anonymous Symbol]                       0x08004568   Section        0  main.o(.text.motors12_backward)
    [Anonymous Symbol]                       0x08004608   Section        0  main.o(.text.motors12_forward)
    __arm_cp.11_0                            0x080046a8   Number         4  main.o(.text.motors12_forward)
    i.__hardfp__fabsf                        0x080046ac   Section        0  fabsf.o(i.__hardfp__fabsf)
    x$fpl$fpinit                             0x080046ba   Section       10  fpinit.o(x$fpl$fpinit)
    $v0                                      0x080046ba   Number         0  fpinit.o(x$fpl$fpinit)
    x$fpl$usenofp                            0x080046c4   Section        0  usenofp.o(x$fpl$usenofp)
    [Anonymous Symbol]                       0x20000000   Section        0  system_stm32h7xx.o(.data..L_MergedGlobals)
    [Anonymous Symbol]                       0x20000010   Section        0  main.o(.bss..L_MergedGlobals)
    STACK                                    0x20000038   Section     1024  startup_stm32h723xx.o(STACK)
    Stack_Mem                                0x20000038   Data        1024  startup_stm32h723xx.o(STACK)
    __initial_sp                             0x20000438   Data           0  startup_stm32h723xx.o(STACK)
    [Anonymous Symbol]                       0x24000000   Section        0  stm32h7xx_hal.o(.data..L_MergedGlobals)
    .bss                                     0x24000010   Section       96  libspace.o(.bss)
    HEAP                                     0x24000230   Section      512  startup_stm32h723xx.o(HEAP)
    Heap_Mem                                 0x24000230   Data         512  startup_stm32h723xx.o(HEAP)

    Global Symbols

    Symbol Name                              Value     Ov Type        Size  Object(Section)

    BuildAttributes$$THM_ISAv4$E$P$D$K$B$S$7EM$VFPv5_D16$PE$PLD8$A:L22UL41UL21$X:L11$S22US41US21$IEEE1$IW$~IW$USESV6$~STKCKD$USESV7$~SHL$OTIME$ROPI$IEEEJ$EBA8$UX$STANDARDLIB$REQ8$PRES8$EABIv2 0x00000000   Number         0  anon$$obj.o ABSOLUTE
    __ARM_exceptions_init                     - Undefined Weak Reference
    __alloca_initialize                       - Undefined Weak Reference
    __arm_preinit_                            - Undefined Weak Reference
    __cpp_initialize__aeabi_                  - Undefined Weak Reference
    __cxa_finalize                            - Undefined Weak Reference
    __rt_locale                               - Undefined Weak Reference
    __sigvec_lookup                           - Undefined Weak Reference
    _atexit_init                              - Undefined Weak Reference
    _call_atexit_fns                          - Undefined Weak Reference
    _clock_init                               - Undefined Weak Reference
    _fp_trap_init                             - Undefined Weak Reference
    _fp_trap_shutdown                         - Undefined Weak Reference
    _get_lc_collate                           - Undefined Weak Reference
    _get_lc_ctype                             - Undefined Weak Reference
    _get_lc_monetary                          - Undefined Weak Reference
    _get_lc_numeric                           - Undefined Weak Reference
    _get_lc_time                              - Undefined Weak Reference
    _getenv_init                              - Undefined Weak Reference
    _handle_redirection                       - Undefined Weak Reference
    _init_alloc                               - Undefined Weak Reference
    _init_user_alloc                          - Undefined Weak Reference
    _initio                                   - Undefined Weak Reference
    _rand_init                                - Undefined Weak Reference
    _signal_finish                            - Undefined Weak Reference
    _signal_init                              - Undefined Weak Reference
    _terminate_alloc                          - Undefined Weak Reference
    _terminate_user_alloc                     - Undefined Weak Reference
    _terminateio                              - Undefined Weak Reference
    __Vectors_Size                           0x000002cc   Number         0  startup_stm32h723xx.o ABSOLUTE
    __Vectors                                0x08000000   Data           4  startup_stm32h723xx.o(RESET)
    __Vectors_End                            0x080002cc   Data           0  startup_stm32h723xx.o(RESET)
    __main                                   0x080002cd   Thumb Code     8  __main.o(!!!main)
    __scatterload                            0x080002d5   Thumb Code     0  __scatter.o(!!!scatter)
    __scatterload_rt2                        0x080002d5   Thumb Code    44  __scatter.o(!!!scatter)
    __scatterload_rt2_thumb_only             0x080002d5   Thumb Code     0  __scatter.o(!!!scatter)
    __scatterload_null                       0x080002e3   Thumb Code     0  __scatter.o(!!!scatter)
    __scatterload_copy                       0x08000309   Thumb Code    26  __scatter_copy.o(!!handler_copy)
    __scatterload_zeroinit                   0x08000325   Thumb Code    28  __scatter_zi.o(!!handler_zi)
    __rt_lib_init                            0x08000341   Thumb Code     0  libinit.o(.ARM.Collect$$libinit$$00000000)
    __rt_lib_init_fp_1                       0x08000343   Thumb Code     0  libinit2.o(.ARM.Collect$$libinit$$00000001)
    __rt_lib_init_alloca_1                   0x08000347   Thumb Code     0  libinit2.o(.ARM.Collect$$libinit$$0000002E)
    __rt_lib_init_argv_1                     0x08000347   Thumb Code     0  libinit2.o(.ARM.Collect$$libinit$$0000002C)
    __rt_lib_init_atexit_1                   0x08000347   Thumb Code     0  libinit2.o(.ARM.Collect$$libinit$$0000001B)
    __rt_lib_init_clock_1                    0x08000347   Thumb Code     0  libinit2.o(.ARM.Collect$$libinit$$00000021)
    __rt_lib_init_cpp_1                      0x08000347   Thumb Code     0  libinit2.o(.ARM.Collect$$libinit$$00000032)
    __rt_lib_init_exceptions_1               0x08000347   Thumb Code     0  libinit2.o(.ARM.Collect$$libinit$$00000030)
    __rt_lib_init_fp_trap_1                  0x08000347   Thumb Code     0  libinit2.o(.ARM.Collect$$libinit$$0000001F)
    __rt_lib_init_getenv_1                   0x08000347   Thumb Code     0  libinit2.o(.ARM.Collect$$libinit$$00000023)
    __rt_lib_init_heap_1                     0x08000347   Thumb Code     0  libinit2.o(.ARM.Collect$$libinit$$0000000A)
    __rt_lib_init_lc_collate_1               0x08000347   Thumb Code     0  libinit2.o(.ARM.Collect$$libinit$$00000011)
    __rt_lib_init_lc_ctype_1                 0x08000347   Thumb Code     0  libinit2.o(.ARM.Collect$$libinit$$00000013)
    __rt_lib_init_lc_monetary_1              0x08000347   Thumb Code     0  libinit2.o(.ARM.Collect$$libinit$$00000015)
    __rt_lib_init_lc_numeric_1               0x08000347   Thumb Code     0  libinit2.o(.ARM.Collect$$libinit$$00000017)
    __rt_lib_init_lc_time_1                  0x08000347   Thumb Code     0  libinit2.o(.ARM.Collect$$libinit$$00000019)
    __rt_lib_init_preinit_1                  0x08000347   Thumb Code     0  libinit2.o(.ARM.Collect$$libinit$$00000004)
    __rt_lib_init_rand_1                     0x08000347   Thumb Code     0  libinit2.o(.ARM.Collect$$libinit$$0000000E)
    __rt_lib_init_return                     0x08000347   Thumb Code     0  libinit2.o(.ARM.Collect$$libinit$$00000033)
    __rt_lib_init_signal_1                   0x08000347   Thumb Code     0  libinit2.o(.ARM.Collect$$libinit$$0000001D)
    __rt_lib_init_stdio_1                    0x08000347   Thumb Code     0  libinit2.o(.ARM.Collect$$libinit$$00000025)
    __rt_lib_init_user_alloc_1               0x08000347   Thumb Code     0  libinit2.o(.ARM.Collect$$libinit$$0000000C)
    __rt_lib_shutdown                        0x08000349   Thumb Code     0  libshutdown.o(.ARM.Collect$$libshutdown$$00000000)
    __rt_lib_shutdown_cpp_1                  0x0800034b   Thumb Code     0  libshutdown2.o(.ARM.Collect$$libshutdown$$00000002)
    __rt_lib_shutdown_fp_trap_1              0x0800034b   Thumb Code     0  libshutdown2.o(.ARM.Collect$$libshutdown$$00000007)
    __rt_lib_shutdown_heap_1                 0x0800034b   Thumb Code     0  libshutdown2.o(.ARM.Collect$$libshutdown$$0000000F)
    __rt_lib_shutdown_return                 0x0800034b   Thumb Code     0  libshutdown2.o(.ARM.Collect$$libshutdown$$00000010)
    __rt_lib_shutdown_signal_1               0x0800034b   Thumb Code     0  libshutdown2.o(.ARM.Collect$$libshutdown$$0000000A)
    __rt_lib_shutdown_stdio_1                0x0800034b   Thumb Code     0  libshutdown2.o(.ARM.Collect$$libshutdown$$00000004)
    __rt_lib_shutdown_user_alloc_1           0x0800034b   Thumb Code     0  libshutdown2.o(.ARM.Collect$$libshutdown$$0000000C)
    __rt_entry                               0x0800034d   Thumb Code     0  __rtentry.o(.ARM.Collect$$rtentry$$00000000)
    __rt_entry_presh_1                       0x0800034d   Thumb Code     0  __rtentry2.o(.ARM.Collect$$rtentry$$00000002)
    __rt_entry_sh                            0x0800034d   Thumb Code     0  __rtentry4.o(.ARM.Collect$$rtentry$$00000004)
    __rt_entry_li                            0x08000353   Thumb Code     0  __rtentry2.o(.ARM.Collect$$rtentry$$0000000A)
    __rt_entry_postsh_1                      0x08000353   Thumb Code     0  __rtentry2.o(.ARM.Collect$$rtentry$$00000009)
    __rt_entry_main                          0x08000357   Thumb Code     0  __rtentry2.o(.ARM.Collect$$rtentry$$0000000D)
    __rt_entry_postli_1                      0x08000357   Thumb Code     0  __rtentry2.o(.ARM.Collect$$rtentry$$0000000C)
    __rt_exit                                0x0800035f   Thumb Code     0  rtexit.o(.ARM.Collect$$rtexit$$00000000)
    __rt_exit_ls                             0x08000361   Thumb Code     0  rtexit2.o(.ARM.Collect$$rtexit$$00000003)
    __rt_exit_prels_1                        0x08000361   Thumb Code     0  rtexit2.o(.ARM.Collect$$rtexit$$00000002)
    __rt_exit_exit                           0x08000365   Thumb Code     0  rtexit2.o(.ARM.Collect$$rtexit$$00000004)
    Reset_Handler                            0x0800036d   Thumb Code     8  startup_stm32h723xx.o(.text)
    ADC3_IRQHandler                          0x08000387   Thumb Code     0  startup_stm32h723xx.o(.text)
    ADC_IRQHandler                           0x08000387   Thumb Code     0  startup_stm32h723xx.o(.text)
    BDMA_Channel0_IRQHandler                 0x08000387   Thumb Code     0  startup_stm32h723xx.o(.text)
    BDMA_Channel1_IRQHandler                 0x08000387   Thumb Code     0  startup_stm32h723xx.o(.text)
    BDMA_Channel2_IRQHandler                 0x08000387   Thumb Code     0  startup_stm32h723xx.o(.text)
    BDMA_Channel3_IRQHandler                 0x08000387   Thumb Code     0  startup_stm32h723xx.o(.text)
    BDMA_Channel4_IRQHandler                 0x08000387   Thumb Code     0  startup_stm32h723xx.o(.text)
    BDMA_Channel5_IRQHandler                 0x08000387   Thumb Code     0  startup_stm32h723xx.o(.text)
    BDMA_Channel6_IRQHandler                 0x08000387   Thumb Code     0  startup_stm32h723xx.o(.text)
    BDMA_Channel7_IRQHandler                 0x08000387   Thumb Code     0  startup_stm32h723xx.o(.text)
    CEC_IRQHandler                           0x08000387   Thumb Code     0  startup_stm32h723xx.o(.text)
    COMP1_IRQHandler                         0x08000387   Thumb Code     0  startup_stm32h723xx.o(.text)
    CORDIC_IRQHandler                        0x08000387   Thumb Code     0  startup_stm32h723xx.o(.text)
    CRS_IRQHandler                           0x08000387   Thumb Code     0  startup_stm32h723xx.o(.text)
    DCMI_PSSI_IRQHandler                     0x08000387   Thumb Code     0  startup_stm32h723xx.o(.text)
    DFSDM1_FLT0_IRQHandler                   0x08000387   Thumb Code     0  startup_stm32h723xx.o(.text)
    DFSDM1_FLT1_IRQHandler                   0x08000387   Thumb Code     0  startup_stm32h723xx.o(.text)
    DFSDM1_FLT2_IRQHandler                   0x08000387   Thumb Code     0  startup_stm32h723xx.o(.text)
    DFSDM1_FLT3_IRQHandler                   0x08000387   Thumb Code     0  startup_stm32h723xx.o(.text)
    DMA1_Stream0_IRQHandler                  0x08000387   Thumb Code     0  startup_stm32h723xx.o(.text)
    DMA1_Stream1_IRQHandler                  0x08000387   Thumb Code     0  startup_stm32h723xx.o(.text)
    DMA1_Stream2_IRQHandler                  0x08000387   Thumb Code     0  startup_stm32h723xx.o(.text)
    DMA1_Stream3_IRQHandler                  0x08000387   Thumb Code     0  startup_stm32h723xx.o(.text)
    DMA1_Stream4_IRQHandler                  0x08000387   Thumb Code     0  startup_stm32h723xx.o(.text)
    DMA1_Stream5_IRQHandler                  0x08000387   Thumb Code     0  startup_stm32h723xx.o(.text)
    DMA1_Stream6_IRQHandler                  0x08000387   Thumb Code     0  startup_stm32h723xx.o(.text)
    DMA1_Stream7_IRQHandler                  0x08000387   Thumb Code     0  startup_stm32h723xx.o(.text)
    DMA2D_IRQHandler                         0x08000387   Thumb Code     0  startup_stm32h723xx.o(.text)
    DMA2_Stream0_IRQHandler                  0x08000387   Thumb Code     0  startup_stm32h723xx.o(.text)
    DMA2_Stream1_IRQHandler                  0x08000387   Thumb Code     0  startup_stm32h723xx.o(.text)
    DMA2_Stream2_IRQHandler                  0x08000387   Thumb Code     0  startup_stm32h723xx.o(.text)
    DMA2_Stream3_IRQHandler                  0x08000387   Thumb Code     0  startup_stm32h723xx.o(.text)
    DMA2_Stream4_IRQHandler                  0x08000387   Thumb Code     0  startup_stm32h723xx.o(.text)
    DMA2_Stream5_IRQHandler                  0x08000387   Thumb Code     0  startup_stm32h723xx.o(.text)
    DMA2_Stream6_IRQHandler                  0x08000387   Thumb Code     0  startup_stm32h723xx.o(.text)
    DMA2_Stream7_IRQHandler                  0x08000387   Thumb Code     0  startup_stm32h723xx.o(.text)
    DMAMUX1_OVR_IRQHandler                   0x08000387   Thumb Code     0  startup_stm32h723xx.o(.text)
    DMAMUX2_OVR_IRQHandler                   0x08000387   Thumb Code     0  startup_stm32h723xx.o(.text)
    DTS_IRQHandler                           0x08000387   Thumb Code     0  startup_stm32h723xx.o(.text)
    ECC_IRQHandler                           0x08000387   Thumb Code     0  startup_stm32h723xx.o(.text)
    ETH_IRQHandler                           0x08000387   Thumb Code     0  startup_stm32h723xx.o(.text)
    ETH_WKUP_IRQHandler                      0x08000387   Thumb Code     0  startup_stm32h723xx.o(.text)
    EXTI0_IRQHandler                         0x08000387   Thumb Code     0  startup_stm32h723xx.o(.text)
    EXTI15_10_IRQHandler                     0x08000387   Thumb Code     0  startup_stm32h723xx.o(.text)
    EXTI1_IRQHandler                         0x08000387   Thumb Code     0  startup_stm32h723xx.o(.text)
    EXTI2_IRQHandler                         0x08000387   Thumb Code     0  startup_stm32h723xx.o(.text)
    EXTI3_IRQHandler                         0x08000387   Thumb Code     0  startup_stm32h723xx.o(.text)
    EXTI4_IRQHandler                         0x08000387   Thumb Code     0  startup_stm32h723xx.o(.text)
    EXTI9_5_IRQHandler                       0x08000387   Thumb Code     0  startup_stm32h723xx.o(.text)
    FDCAN1_IT0_IRQHandler                    0x08000387   Thumb Code     0  startup_stm32h723xx.o(.text)
    FDCAN1_IT1_IRQHandler                    0x08000387   Thumb Code     0  startup_stm32h723xx.o(.text)
    FDCAN2_IT0_IRQHandler                    0x08000387   Thumb Code     0  startup_stm32h723xx.o(.text)
    FDCAN2_IT1_IRQHandler                    0x08000387   Thumb Code     0  startup_stm32h723xx.o(.text)
    FDCAN3_IT0_IRQHandler                    0x08000387   Thumb Code     0  startup_stm32h723xx.o(.text)
    FDCAN3_IT1_IRQHandler                    0x08000387   Thumb Code     0  startup_stm32h723xx.o(.text)
    FDCAN_CAL_IRQHandler                     0x08000387   Thumb Code     0  startup_stm32h723xx.o(.text)
    FLASH_IRQHandler                         0x08000387   Thumb Code     0  startup_stm32h723xx.o(.text)
    FMAC_IRQHandler                          0x08000387   Thumb Code     0  startup_stm32h723xx.o(.text)
    FMC_IRQHandler                           0x08000387   Thumb Code     0  startup_stm32h723xx.o(.text)
    FPU_IRQHandler                           0x08000387   Thumb Code     0  startup_stm32h723xx.o(.text)
    HSEM1_IRQHandler                         0x08000387   Thumb Code     0  startup_stm32h723xx.o(.text)
    I2C1_ER_IRQHandler                       0x08000387   Thumb Code     0  startup_stm32h723xx.o(.text)
    I2C1_EV_IRQHandler                       0x08000387   Thumb Code     0  startup_stm32h723xx.o(.text)
    I2C2_ER_IRQHandler                       0x08000387   Thumb Code     0  startup_stm32h723xx.o(.text)
    I2C2_EV_IRQHandler                       0x08000387   Thumb Code     0  startup_stm32h723xx.o(.text)
    I2C3_ER_IRQHandler                       0x08000387   Thumb Code     0  startup_stm32h723xx.o(.text)
    I2C3_EV_IRQHandler                       0x08000387   Thumb Code     0  startup_stm32h723xx.o(.text)
    I2C4_ER_IRQHandler                       0x08000387   Thumb Code     0  startup_stm32h723xx.o(.text)
    I2C4_EV_IRQHandler                       0x08000387   Thumb Code     0  startup_stm32h723xx.o(.text)
    I2C5_ER_IRQHandler                       0x08000387   Thumb Code     0  startup_stm32h723xx.o(.text)
    I2C5_EV_IRQHandler                       0x08000387   Thumb Code     0  startup_stm32h723xx.o(.text)
    LPTIM1_IRQHandler                        0x08000387   Thumb Code     0  startup_stm32h723xx.o(.text)
    LPTIM2_IRQHandler                        0x08000387   Thumb Code     0  startup_stm32h723xx.o(.text)
    LPTIM3_IRQHandler                        0x08000387   Thumb Code     0  startup_stm32h723xx.o(.text)
    LPTIM4_IRQHandler                        0x08000387   Thumb Code     0  startup_stm32h723xx.o(.text)
    LPTIM5_IRQHandler                        0x08000387   Thumb Code     0  startup_stm32h723xx.o(.text)
    LPUART1_IRQHandler                       0x08000387   Thumb Code     0  startup_stm32h723xx.o(.text)
    LTDC_ER_IRQHandler                       0x08000387   Thumb Code     0  startup_stm32h723xx.o(.text)
    LTDC_IRQHandler                          0x08000387   Thumb Code     0  startup_stm32h723xx.o(.text)
    MDIOS_IRQHandler                         0x08000387   Thumb Code     0  startup_stm32h723xx.o(.text)
    MDIOS_WKUP_IRQHandler                    0x08000387   Thumb Code     0  startup_stm32h723xx.o(.text)
    MDMA_IRQHandler                          0x08000387   Thumb Code     0  startup_stm32h723xx.o(.text)
    OCTOSPI1_IRQHandler                      0x08000387   Thumb Code     0  startup_stm32h723xx.o(.text)
    OCTOSPI2_IRQHandler                      0x08000387   Thumb Code     0  startup_stm32h723xx.o(.text)
    OTG_HS_EP1_IN_IRQHandler                 0x08000387   Thumb Code     0  startup_stm32h723xx.o(.text)
    OTG_HS_EP1_OUT_IRQHandler                0x08000387   Thumb Code     0  startup_stm32h723xx.o(.text)
    OTG_HS_IRQHandler                        0x08000387   Thumb Code     0  startup_stm32h723xx.o(.text)
    OTG_HS_WKUP_IRQHandler                   0x08000387   Thumb Code     0  startup_stm32h723xx.o(.text)
    PVD_AVD_IRQHandler                       0x08000387   Thumb Code     0  startup_stm32h723xx.o(.text)
    RCC_IRQHandler                           0x08000387   Thumb Code     0  startup_stm32h723xx.o(.text)
    RNG_IRQHandler                           0x08000387   Thumb Code     0  startup_stm32h723xx.o(.text)
    RTC_Alarm_IRQHandler                     0x08000387   Thumb Code     0  startup_stm32h723xx.o(.text)
    RTC_WKUP_IRQHandler                      0x08000387   Thumb Code     0  startup_stm32h723xx.o(.text)
    SAI1_IRQHandler                          0x08000387   Thumb Code     0  startup_stm32h723xx.o(.text)
    SAI4_IRQHandler                          0x08000387   Thumb Code     0  startup_stm32h723xx.o(.text)
    SDMMC1_IRQHandler                        0x08000387   Thumb Code     0  startup_stm32h723xx.o(.text)
    SDMMC2_IRQHandler                        0x08000387   Thumb Code     0  startup_stm32h723xx.o(.text)
    SPDIF_RX_IRQHandler                      0x08000387   Thumb Code     0  startup_stm32h723xx.o(.text)
    SPI1_IRQHandler                          0x08000387   Thumb Code     0  startup_stm32h723xx.o(.text)
    SPI2_IRQHandler                          0x08000387   Thumb Code     0  startup_stm32h723xx.o(.text)
    SPI3_IRQHandler                          0x08000387   Thumb Code     0  startup_stm32h723xx.o(.text)
    SPI4_IRQHandler                          0x08000387   Thumb Code     0  startup_stm32h723xx.o(.text)
    SPI5_IRQHandler                          0x08000387   Thumb Code     0  startup_stm32h723xx.o(.text)
    SPI6_IRQHandler                          0x08000387   Thumb Code     0  startup_stm32h723xx.o(.text)
    SWPMI1_IRQHandler                        0x08000387   Thumb Code     0  startup_stm32h723xx.o(.text)
    TAMP_STAMP_IRQHandler                    0x08000387   Thumb Code     0  startup_stm32h723xx.o(.text)
    TIM15_IRQHandler                         0x08000387   Thumb Code     0  startup_stm32h723xx.o(.text)
    TIM16_IRQHandler                         0x08000387   Thumb Code     0  startup_stm32h723xx.o(.text)
    TIM17_IRQHandler                         0x08000387   Thumb Code     0  startup_stm32h723xx.o(.text)
    TIM1_BRK_IRQHandler                      0x08000387   Thumb Code     0  startup_stm32h723xx.o(.text)
    TIM1_CC_IRQHandler                       0x08000387   Thumb Code     0  startup_stm32h723xx.o(.text)
    TIM1_TRG_COM_IRQHandler                  0x08000387   Thumb Code     0  startup_stm32h723xx.o(.text)
    TIM1_UP_IRQHandler                       0x08000387   Thumb Code     0  startup_stm32h723xx.o(.text)
    TIM23_IRQHandler                         0x08000387   Thumb Code     0  startup_stm32h723xx.o(.text)
    TIM24_IRQHandler                         0x08000387   Thumb Code     0  startup_stm32h723xx.o(.text)
    TIM2_IRQHandler                          0x08000387   Thumb Code     0  startup_stm32h723xx.o(.text)
    TIM3_IRQHandler                          0x08000387   Thumb Code     0  startup_stm32h723xx.o(.text)
    TIM4_IRQHandler                          0x08000387   Thumb Code     0  startup_stm32h723xx.o(.text)
    TIM5_IRQHandler                          0x08000387   Thumb Code     0  startup_stm32h723xx.o(.text)
    TIM6_DAC_IRQHandler                      0x08000387   Thumb Code     0  startup_stm32h723xx.o(.text)
    TIM7_IRQHandler                          0x08000387   Thumb Code     0  startup_stm32h723xx.o(.text)
    TIM8_BRK_TIM12_IRQHandler                0x08000387   Thumb Code     0  startup_stm32h723xx.o(.text)
    TIM8_CC_IRQHandler                       0x08000387   Thumb Code     0  startup_stm32h723xx.o(.text)
    TIM8_TRG_COM_TIM14_IRQHandler            0x08000387   Thumb Code     0  startup_stm32h723xx.o(.text)
    TIM8_UP_TIM13_IRQHandler                 0x08000387   Thumb Code     0  startup_stm32h723xx.o(.text)
    UART4_IRQHandler                         0x08000387   Thumb Code     0  startup_stm32h723xx.o(.text)
    UART5_IRQHandler                         0x08000387   Thumb Code     0  startup_stm32h723xx.o(.text)
    UART7_IRQHandler                         0x08000387   Thumb Code     0  startup_stm32h723xx.o(.text)
    UART8_IRQHandler                         0x08000387   Thumb Code     0  startup_stm32h723xx.o(.text)
    USART10_IRQHandler                       0x08000387   Thumb Code     0  startup_stm32h723xx.o(.text)
    USART3_IRQHandler                        0x08000387   Thumb Code     0  startup_stm32h723xx.o(.text)
    USART6_IRQHandler                        0x08000387   Thumb Code     0  startup_stm32h723xx.o(.text)
    WAKEUP_PIN_IRQHandler                    0x08000387   Thumb Code     0  startup_stm32h723xx.o(.text)
    WWDG_IRQHandler                          0x08000387   Thumb Code     0  startup_stm32h723xx.o(.text)
    __user_initial_stackheap                 0x08000389   Thumb Code     0  startup_stm32h723xx.o(.text)
    __aeabi_uldivmod                         0x080003ad   Thumb Code     0  lludivv7m.o(.text)
    _ll_udiv                                 0x080003ad   Thumb Code   238  lludivv7m.o(.text)
    __aeabi_memclr4                          0x0800049b   Thumb Code     0  rt_memclr_w.o(.text)
    __aeabi_memclr8                          0x0800049b   Thumb Code     0  rt_memclr_w.o(.text)
    __rt_memclr_w                            0x0800049b   Thumb Code    78  rt_memclr_w.o(.text)
    _memset_w                                0x0800049f   Thumb Code     0  rt_memclr_w.o(.text)
    __use_two_region_memory                  0x080004e9   Thumb Code     2  heapauxi.o(.text)
    __rt_heap_escrow$2region                 0x080004eb   Thumb Code     2  heapauxi.o(.text)
    __rt_heap_expand$2region                 0x080004ed   Thumb Code     2  heapauxi.o(.text)
    __user_setup_stackheap                   0x080004ef   Thumb Code    74  sys_stackheap_outer.o(.text)
    exit                                     0x08000539   Thumb Code    18  exit.o(.text)
    __user_libspace                          0x0800054d   Thumb Code     8  libspace.o(.text)
    __user_perproc_libspace                  0x0800054d   Thumb Code     0  libspace.o(.text)
    __user_perthread_libspace                0x0800054d   Thumb Code     0  libspace.o(.text)
    _sys_exit                                0x08000555   Thumb Code     8  sys_exit.o(.text)
    __I$use$semihosting                      0x08000561   Thumb Code     0  use_no_semi.o(.text)
    __use_no_semihosting_swi                 0x08000561   Thumb Code     2  use_no_semi.o(.text)
    BusFault_Handler                         0x08000563   Thumb Code     2  stm32h7xx_it.o(.text.BusFault_Handler)
    __semihosting_library_function           0x08000563   Thumb Code     0  indicate_semi.o(.text)
    CheckLimitSwitches                       0x08000565   Thumb Code    92  main.o(.text.CheckLimitSwitches)
    DebugMon_Handler                         0x080005c1   Thumb Code     2  stm32h7xx_it.o(.text.DebugMon_Handler)
    Emm_V5_Pos_Control                       0x080005c5   Thumb Code    96  main.o(.text.Emm_V5_Pos_Control)
    Emm_V5_Synchronous_motion                0x08000621   Thumb Code    52  main.o(.text.Emm_V5_Synchronous_motion)
    Error_Handler                            0x08000655   Thumb Code     8  main.o(.text.Error_Handler)
    HAL_DMA_Abort                            0x0800065d   Thumb Code   780  stm32h7xx_hal_dma.o(.text.HAL_DMA_Abort)
    HAL_DMA_Abort_IT                         0x08000949   Thumb Code   472  stm32h7xx_hal_dma.o(.text.HAL_DMA_Abort_IT)
    HAL_Delay                                0x08000b21   Thumb Code    44  stm32h7xx_hal.o(.text.HAL_Delay)
    HAL_GPIO_Init                            0x08000b49   Thumb Code   404  stm32h7xx_hal_gpio.o(.text.HAL_GPIO_Init)
    HAL_GPIO_ReadPin                         0x08000cd9   Thumb Code    10  stm32h7xx_hal_gpio.o(.text.HAL_GPIO_ReadPin)
    HAL_GetTick                              0x08000ce5   Thumb Code    12  stm32h7xx_hal.o(.text.HAL_GetTick)
    HAL_IncTick                              0x08000ced   Thumb Code    16  stm32h7xx_hal.o(.text.HAL_IncTick)
    HAL_Init                                 0x08000cf9   Thumb Code    92  stm32h7xx_hal.o(.text.HAL_Init)
    HAL_InitTick                             0x08000d4d   Thumb Code    72  stm32h7xx_hal.o(.text.HAL_InitTick)
    HAL_MPU_ConfigRegion                     0x08000d95   Thumb Code    84  stm32h7xx_hal_cortex.o(.text.HAL_MPU_ConfigRegion)
    HAL_MPU_Disable                          0x08000de9   Thumb Code    24  stm32h7xx_hal_cortex.o(.text.HAL_MPU_Disable)
    HAL_MPU_Enable                           0x08000dfd   Thumb Code    32  stm32h7xx_hal_cortex.o(.text.HAL_MPU_Enable)
    HAL_MspInit                              0x08000e1d   Thumb Code    32  stm32h7xx_hal_msp.o(.text.HAL_MspInit)
    HAL_NVIC_EnableIRQ                       0x08000e3d   Thumb Code    28  stm32h7xx_hal_cortex.o(.text.HAL_NVIC_EnableIRQ)
    HAL_NVIC_SetPriority                     0x08000e59   Thumb Code    92  stm32h7xx_hal_cortex.o(.text.HAL_NVIC_SetPriority)
    HAL_NVIC_SetPriorityGrouping             0x08000eb1   Thumb Code    32  stm32h7xx_hal_cortex.o(.text.HAL_NVIC_SetPriorityGrouping)
    HAL_PWREx_ConfigSupply                   0x08000ed1   Thumb Code    76  stm32h7xx_hal_pwr_ex.o(.text.HAL_PWREx_ConfigSupply)
    HAL_RCCEx_GetD3PCLK1Freq                 0x08000f1d   Thumb Code    36  stm32h7xx_hal_rcc_ex.o(.text.HAL_RCCEx_GetD3PCLK1Freq)
    HAL_RCCEx_GetPLL2ClockFreq               0x08000f41   Thumb Code   340  stm32h7xx_hal_rcc_ex.o(.text.HAL_RCCEx_GetPLL2ClockFreq)
    HAL_RCCEx_GetPLL3ClockFreq               0x08001095   Thumb Code   340  stm32h7xx_hal_rcc_ex.o(.text.HAL_RCCEx_GetPLL3ClockFreq)
    HAL_RCCEx_PeriphCLKConfig                0x080011e9   Thumb Code  2240  stm32h7xx_hal_rcc_ex.o(.text.HAL_RCCEx_PeriphCLKConfig)
    HAL_RCC_ClockConfig                      0x08001aa9   Thumb Code   556  stm32h7xx_hal_rcc.o(.text.HAL_RCC_ClockConfig)
    HAL_RCC_GetHCLKFreq                      0x08001cc5   Thumb Code    68  stm32h7xx_hal_rcc.o(.text.HAL_RCC_GetHCLKFreq)
    HAL_RCC_GetPCLK1Freq                     0x08001d05   Thumb Code    36  stm32h7xx_hal_rcc.o(.text.HAL_RCC_GetPCLK1Freq)
    HAL_RCC_GetPCLK2Freq                     0x08001d21   Thumb Code    36  stm32h7xx_hal_rcc.o(.text.HAL_RCC_GetPCLK2Freq)
    HAL_RCC_GetSysClockFreq                  0x08001d45   Thumb Code   332  stm32h7xx_hal_rcc.o(.text.HAL_RCC_GetSysClockFreq)
    HAL_RCC_OscConfig                        0x08001e91   Thumb Code  1246  stm32h7xx_hal_rcc.o(.text.HAL_RCC_OscConfig)
    HAL_SYSTICK_Config                       0x08002371   Thumb Code    40  stm32h7xx_hal_cortex.o(.text.HAL_SYSTICK_Config)
    HAL_UARTEx_DisableFifoMode               0x08002399   Thumb Code    54  stm32h7xx_hal_uart_ex.o(.text.HAL_UARTEx_DisableFifoMode)
    HAL_UARTEx_RxEventCallback               0x080023cf   Thumb Code     2  stm32h7xx_hal_uart.o(.text.HAL_UARTEx_RxEventCallback)
    HAL_UARTEx_RxFifoFullCallback            0x080023d1   Thumb Code     2  stm32h7xx_hal_uart_ex.o(.text.HAL_UARTEx_RxFifoFullCallback)
    HAL_UARTEx_SetRxFifoThreshold            0x080023d3   Thumb Code    76  stm32h7xx_hal_uart_ex.o(.text.HAL_UARTEx_SetRxFifoThreshold)
    HAL_UARTEx_SetTxFifoThreshold            0x0800241f   Thumb Code    76  stm32h7xx_hal_uart_ex.o(.text.HAL_UARTEx_SetTxFifoThreshold)
    HAL_UARTEx_TxFifoEmptyCallback           0x0800246b   Thumb Code     2  stm32h7xx_hal_uart_ex.o(.text.HAL_UARTEx_TxFifoEmptyCallback)
    HAL_UARTEx_WakeupCallback                0x0800246d   Thumb Code     2  stm32h7xx_hal_uart_ex.o(.text.HAL_UARTEx_WakeupCallback)
    HAL_UART_ErrorCallback                   0x0800246f   Thumb Code     2  stm32h7xx_hal_uart.o(.text.HAL_UART_ErrorCallback)
    HAL_UART_IRQHandler                      0x08002471   Thumb Code   980  stm32h7xx_hal_uart.o(.text.HAL_UART_IRQHandler)
    HAL_UART_Init                            0x08002845   Thumb Code   100  stm32h7xx_hal_uart.o(.text.HAL_UART_Init)
    HAL_UART_MspInit                         0x080028a9   Thumb Code   464  usart.o(.text.HAL_UART_MspInit)
    HAL_UART_Receive_IT                      0x08002a75   Thumb Code    84  stm32h7xx_hal_uart.o(.text.HAL_UART_Receive_IT)
    HAL_UART_RxCpltCallback                  0x08002ac9   Thumb Code   188  main.o(.text.HAL_UART_RxCpltCallback)
    HAL_UART_Transmit                        0x08002b81   Thumb Code   188  stm32h7xx_hal_uart.o(.text.HAL_UART_Transmit)
    HAL_UART_Transmit_IT                     0x08002c3d   Thumb Code   156  stm32h7xx_hal_uart.o(.text.HAL_UART_Transmit_IT)
    HAL_UART_TxCpltCallback                  0x08002cd9   Thumb Code     2  main.o(.text.HAL_UART_TxCpltCallback)
    HardFault_Handler                        0x08002cdb   Thumb Code     2  stm32h7xx_it.o(.text.HardFault_Handler)
    MX_GPIO_Init                             0x08002cdd   Thumb Code    96  gpio.o(.text.MX_GPIO_Init)
    MX_UART9_Init                            0x08002d3d   Thumb Code   100  usart.o(.text.MX_UART9_Init)
    MX_USART1_UART_Init                      0x08002da1   Thumb Code   100  usart.o(.text.MX_USART1_UART_Init)
    MX_USART2_UART_Init                      0x08002e05   Thumb Code   100  usart.o(.text.MX_USART2_UART_Init)
    MemManage_Handler                        0x08002e69   Thumb Code     2  stm32h7xx_it.o(.text.MemManage_Handler)
    MoveToPoint                              0x08002e71   Thumb Code   556  main.o(.text.MoveToPoint)
    NMI_Handler                              0x0800309d   Thumb Code     2  stm32h7xx_it.o(.text.NMI_Handler)
    PendSV_Handler                           0x0800309f   Thumb Code     2  stm32h7xx_it.o(.text.PendSV_Handler)
    SVC_Handler                              0x080032b9   Thumb Code     2  stm32h7xx_it.o(.text.SVC_Handler)
    Stop_Motor                               0x080032bb   Thumb Code    22  main.o(.text.Stop_Motor)
    SysTick_Handler                          0x080032d1   Thumb Code     4  stm32h7xx_it.o(.text.SysTick_Handler)
    SystemClock_Config                       0x080032d5   Thumb Code   168  main.o(.text.SystemClock_Config)
    SystemInit                               0x0800337d   Thumb Code   152  system_stm32h7xx.o(.text.SystemInit)
    UART9_IRQHandler                         0x08003415   Thumb Code    12  stm32h7xx_it.o(.text.UART9_IRQHandler)
    UART_AdvFeatureConfig                    0x0800347d   Thumb Code   212  stm32h7xx_hal_uart.o(.text.UART_AdvFeatureConfig)
    UART_CheckIdleState                      0x08003551   Thumb Code   188  stm32h7xx_hal_uart.o(.text.UART_CheckIdleState)
    UART_SetConfig                           0x08003b89   Thumb Code  1056  stm32h7xx_hal_uart.o(.text.UART_SetConfig)
    UART_Start_Receive_IT                    0x08003fa9   Thumb Code   300  stm32h7xx_hal_uart.o(.text.UART_Start_Receive_IT)
    UART_WaitOnFlagUntilTimeout              0x08004255   Thumb Code   158  stm32h7xx_hal_uart.o(.text.UART_WaitOnFlagUntilTimeout)
    USART1_IRQHandler                        0x080042f5   Thumb Code    12  stm32h7xx_it.o(.text.USART1_IRQHandler)
    USART2_IRQHandler                        0x08004301   Thumb Code    12  stm32h7xx_it.o(.text.USART2_IRQHandler)
    UsageFault_Handler                       0x08004309   Thumb Code     2  stm32h7xx_it.o(.text.UsageFault_Handler)
    main                                     0x0800430d   Thumb Code   156  main.o(.text.main)
    motor3_backward                          0x080043a9   Thumb Code   112  main.o(.text.motor3_backward)
    motor3_forward                           0x08004419   Thumb Code   112  main.o(.text.motor3_forward)
    motor4_down                              0x08004489   Thumb Code   112  main.o(.text.motor4_down)
    motor4_up                                0x080044f9   Thumb Code   112  main.o(.text.motor4_up)
    motors12_backward                        0x08004569   Thumb Code   164  main.o(.text.motors12_backward)
    motors12_forward                         0x08004609   Thumb Code   164  main.o(.text.motors12_forward)
    __hardfp__fabsf                          0x080046ad   Thumb Code    14  fabsf.o(i.__hardfp__fabsf)
    _fp_init                                 0x080046bb   Thumb Code    10  fpinit.o(x$fpl$fpinit)
    __fplib_config_fpu_vfp                   0x080046c3   Thumb Code     0  fpinit.o(x$fpl$fpinit)
    __fplib_config_pureend_doubles           0x080046c3   Thumb Code     0  fpinit.o(x$fpl$fpinit)
    D1CorePrescTable                         0x080046c4   Data          16  system_stm32h7xx.o(.rodata.D1CorePrescTable)
    __I$use$fp                               0x080046c4   Number         0  usenofp.o(x$fpl$usenofp)
    UARTPrescTable                           0x080046d4   Data          24  stm32h7xx_hal_uart.o(.rodata.UARTPrescTable)
    Region$$Table$$Base                      0x080046ec   Number         0  anon$$obj.o(Region$$Table)
    Region$$Table$$Limit                     0x0800472c   Number         0  anon$$obj.o(Region$$Table)
    SystemCoreClock                          0x20000000   Data           4  system_stm32h7xx.o(.data..L_MergedGlobals)
    SystemD2Clock                            0x20000004   Data           4  system_stm32h7xx.o(.data..L_MergedGlobals)
    rxIndex                                  0x20000010   Data           1  main.o(.bss..L_MergedGlobals)
    packetReady                              0x20000011   Data           1  main.o(.bss..L_MergedGlobals)
    targetX_cm                               0x20000012   Data           1  main.o(.bss..L_MergedGlobals)
    targetY_cm                               0x20000013   Data           1  main.o(.bss..L_MergedGlobals)
    x_limit_triggered                        0x20000014   Data           1  main.o(.bss..L_MergedGlobals)
    y_limit_triggered                        0x20000015   Data           1  main.o(.bss..L_MergedGlobals)
    z_limit_triggered                        0x20000016   Data           1  main.o(.bss..L_MergedGlobals)
    targetX_m                                0x20000018   Data           4  main.o(.bss..L_MergedGlobals)
    targetY_m                                0x2000001c   Data           4  main.o(.bss..L_MergedGlobals)
    rxBuffer                                 0x20000020   Data           7  main.o(.bss..L_MergedGlobals)
    currentPosition                          0x20000028   Data          12  main.o(.bss..L_MergedGlobals)
    uwTickFreq                               0x24000000   Data           1  stm32h7xx_hal.o(.data..L_MergedGlobals)
    uwTickPrio                               0x24000004   Data           4  stm32h7xx_hal.o(.data..L_MergedGlobals)
    uwTick                                   0x24000008   Data           4  stm32h7xx_hal.o(.data..L_MergedGlobals)
    __libspace_start                         0x24000010   Data          96  libspace.o(.bss)
    __temporary_stack_top$libspace           0x24000070   Data           0  libspace.o(.bss)
    huart1                                   0x24000070   Data         148  usart.o(.bss.huart1)
    huart2                                   0x24000104   Data         148  usart.o(.bss.huart2)
    huart9                                   0x24000198   Data         148  usart.o(.bss.huart9)



==============================================================================

Memory Map of the image

  Image Entry point : 0x080002cd

  Load Region LR_IROM1 (Base: 0x08000000, Size: 0x00004750, Max: 0x00100000, ABSOLUTE)

    Execution Region ER_IROM1 (Exec base: 0x08000000, Load base: 0x08000000, Size: 0x0000472c, Max: 0x00100000, ABSOLUTE)

    Exec Addr    Load Addr    Size         Type   Attr      Idx    E Section Name        Object

    0x08000000   0x08000000   0x000002cc   Data   RO            3    RESET               startup_stm32h723xx.o
    0x080002cc   0x080002cc   0x00000008   Code   RO         1271  * !!!main             c_w.l(__main.o)
    0x080002d4   0x080002d4   0x00000034   Code   RO         1467    !!!scatter          c_w.l(__scatter.o)
    0x08000308   0x08000308   0x0000001a   Code   RO         1469    !!handler_copy      c_w.l(__scatter_copy.o)
    0x08000322   0x08000322   0x00000002   PAD
    0x08000324   0x08000324   0x0000001c   Code   RO         1471    !!handler_zi        c_w.l(__scatter_zi.o)
    0x08000340   0x08000340   0x00000002   Code   RO         1331    .ARM.Collect$$libinit$$00000000  c_w.l(libinit.o)
    0x08000342   0x08000342   0x00000004   Code   RO         1343    .ARM.Collect$$libinit$$00000001  c_w.l(libinit2.o)
    0x08000346   0x08000346   0x00000000   Code   RO         1346    .ARM.Collect$$libinit$$00000004  c_w.l(libinit2.o)
    0x08000346   0x08000346   0x00000000   Code   RO         1349    .ARM.Collect$$libinit$$0000000A  c_w.l(libinit2.o)
    0x08000346   0x08000346   0x00000000   Code   RO         1351    .ARM.Collect$$libinit$$0000000C  c_w.l(libinit2.o)
    0x08000346   0x08000346   0x00000000   Code   RO         1353    .ARM.Collect$$libinit$$0000000E  c_w.l(libinit2.o)
    0x08000346   0x08000346   0x00000000   Code   RO         1356    .ARM.Collect$$libinit$$00000011  c_w.l(libinit2.o)
    0x08000346   0x08000346   0x00000000   Code   RO         1358    .ARM.Collect$$libinit$$00000013  c_w.l(libinit2.o)
    0x08000346   0x08000346   0x00000000   Code   RO         1360    .ARM.Collect$$libinit$$00000015  c_w.l(libinit2.o)
    0x08000346   0x08000346   0x00000000   Code   RO         1362    .ARM.Collect$$libinit$$00000017  c_w.l(libinit2.o)
    0x08000346   0x08000346   0x00000000   Code   RO         1364    .ARM.Collect$$libinit$$00000019  c_w.l(libinit2.o)
    0x08000346   0x08000346   0x00000000   Code   RO         1366    .ARM.Collect$$libinit$$0000001B  c_w.l(libinit2.o)
    0x08000346   0x08000346   0x00000000   Code   RO         1368    .ARM.Collect$$libinit$$0000001D  c_w.l(libinit2.o)
    0x08000346   0x08000346   0x00000000   Code   RO         1370    .ARM.Collect$$libinit$$0000001F  c_w.l(libinit2.o)
    0x08000346   0x08000346   0x00000000   Code   RO         1372    .ARM.Collect$$libinit$$00000021  c_w.l(libinit2.o)
    0x08000346   0x08000346   0x00000000   Code   RO         1374    .ARM.Collect$$libinit$$00000023  c_w.l(libinit2.o)
    0x08000346   0x08000346   0x00000000   Code   RO         1376    .ARM.Collect$$libinit$$00000025  c_w.l(libinit2.o)
    0x08000346   0x08000346   0x00000000   Code   RO         1380    .ARM.Collect$$libinit$$0000002C  c_w.l(libinit2.o)
    0x08000346   0x08000346   0x00000000   Code   RO         1382    .ARM.Collect$$libinit$$0000002E  c_w.l(libinit2.o)
    0x08000346   0x08000346   0x00000000   Code   RO         1384    .ARM.Collect$$libinit$$00000030  c_w.l(libinit2.o)
    0x08000346   0x08000346   0x00000000   Code   RO         1386    .ARM.Collect$$libinit$$00000032  c_w.l(libinit2.o)
    0x08000346   0x08000346   0x00000002   Code   RO         1387    .ARM.Collect$$libinit$$00000033  c_w.l(libinit2.o)
    0x08000348   0x08000348   0x00000002   Code   RO         1422    .ARM.Collect$$libshutdown$$00000000  c_w.l(libshutdown.o)
    0x0800034a   0x0800034a   0x00000000   Code   RO         1450    .ARM.Collect$$libshutdown$$00000002  c_w.l(libshutdown2.o)
    0x0800034a   0x0800034a   0x00000000   Code   RO         1452    .ARM.Collect$$libshutdown$$00000004  c_w.l(libshutdown2.o)
    0x0800034a   0x0800034a   0x00000000   Code   RO         1455    .ARM.Collect$$libshutdown$$00000007  c_w.l(libshutdown2.o)
    0x0800034a   0x0800034a   0x00000000   Code   RO         1458    .ARM.Collect$$libshutdown$$0000000A  c_w.l(libshutdown2.o)
    0x0800034a   0x0800034a   0x00000000   Code   RO         1460    .ARM.Collect$$libshutdown$$0000000C  c_w.l(libshutdown2.o)
    0x0800034a   0x0800034a   0x00000000   Code   RO         1463    .ARM.Collect$$libshutdown$$0000000F  c_w.l(libshutdown2.o)
    0x0800034a   0x0800034a   0x00000002   Code   RO         1464    .ARM.Collect$$libshutdown$$00000010  c_w.l(libshutdown2.o)
    0x0800034c   0x0800034c   0x00000000   Code   RO         1287    .ARM.Collect$$rtentry$$00000000  c_w.l(__rtentry.o)
    0x0800034c   0x0800034c   0x00000000   Code   RO         1298    .ARM.Collect$$rtentry$$00000002  c_w.l(__rtentry2.o)
    0x0800034c   0x0800034c   0x00000006   Code   RO         1310    .ARM.Collect$$rtentry$$00000004  c_w.l(__rtentry4.o)
    0x08000352   0x08000352   0x00000000   Code   RO         1300    .ARM.Collect$$rtentry$$00000009  c_w.l(__rtentry2.o)
    0x08000352   0x08000352   0x00000004   Code   RO         1301    .ARM.Collect$$rtentry$$0000000A  c_w.l(__rtentry2.o)
    0x08000356   0x08000356   0x00000000   Code   RO         1303    .ARM.Collect$$rtentry$$0000000C  c_w.l(__rtentry2.o)
    0x08000356   0x08000356   0x00000008   Code   RO         1304    .ARM.Collect$$rtentry$$0000000D  c_w.l(__rtentry2.o)
    0x0800035e   0x0800035e   0x00000002   Code   RO         1335    .ARM.Collect$$rtexit$$00000000  c_w.l(rtexit.o)
    0x08000360   0x08000360   0x00000000   Code   RO         1393    .ARM.Collect$$rtexit$$00000002  c_w.l(rtexit2.o)
    0x08000360   0x08000360   0x00000004   Code   RO         1394    .ARM.Collect$$rtexit$$00000003  c_w.l(rtexit2.o)
    0x08000364   0x08000364   0x00000006   Code   RO         1395    .ARM.Collect$$rtexit$$00000004  c_w.l(rtexit2.o)
    0x0800036a   0x0800036a   0x00000002   PAD
    0x0800036c   0x0800036c   0x00000040   Code   RO            4    .text               startup_stm32h723xx.o
    0x080003ac   0x080003ac   0x000000ee   Code   RO         1265    .text               c_w.l(lludivv7m.o)
    0x0800049a   0x0800049a   0x0000004e   Code   RO         1267    .text               c_w.l(rt_memclr_w.o)
    0x080004e8   0x080004e8   0x00000006   Code   RO         1269    .text               c_w.l(heapauxi.o)
    0x080004ee   0x080004ee   0x0000004a   Code   RO         1318    .text               c_w.l(sys_stackheap_outer.o)
    0x08000538   0x08000538   0x00000012   Code   RO         1320    .text               c_w.l(exit.o)
    0x0800054a   0x0800054a   0x00000002   PAD
    0x0800054c   0x0800054c   0x00000008   Code   RO         1332    .text               c_w.l(libspace.o)
    0x08000554   0x08000554   0x0000000c   Code   RO         1388    .text               c_w.l(sys_exit.o)
    0x08000560   0x08000560   0x00000002   Code   RO         1411    .text               c_w.l(use_no_semi.o)
    0x08000562   0x08000562   0x00000000   Code   RO         1413    .text               c_w.l(indicate_semi.o)
    0x08000562   0x08000562   0x00000002   Code   RO          115    .text.BusFault_Handler  stm32h7xx_it.o
    0x08000564   0x08000564   0x0000005c   Code   RO           45    .text.CheckLimitSwitches  main.o
    0x080005c0   0x080005c0   0x00000002   Code   RO          121    .text.DebugMon_Handler  stm32h7xx_it.o
    0x080005c2   0x080005c2   0x00000002   PAD
    0x080005c4   0x080005c4   0x0000005c   Code   RO           25    .text.Emm_V5_Pos_Control  main.o
    0x08000620   0x08000620   0x00000034   Code   RO           27    .text.Emm_V5_Synchronous_motion  main.o
    0x08000654   0x08000654   0x00000008   Code   RO           19    .text.Error_Handler  main.o
    0x0800065c   0x0800065c   0x000002ec   Code   RO          460    .text.HAL_DMA_Abort  stm32h7xx_hal_dma.o
    0x08000948   0x08000948   0x000001d8   Code   RO          462    .text.HAL_DMA_Abort_IT  stm32h7xx_hal_dma.o
    0x08000b20   0x08000b20   0x00000028   Code   RO          717    .text.HAL_Delay     stm32h7xx_hal.o
    0x08000b48   0x08000b48   0x00000190   Code   RO          384    .text.HAL_GPIO_Init  stm32h7xx_hal_gpio.o
    0x08000cd8   0x08000cd8   0x0000000a   Code   RO          388    .text.HAL_GPIO_ReadPin  stm32h7xx_hal_gpio.o
    0x08000ce2   0x08000ce2   0x00000002   PAD
    0x08000ce4   0x08000ce4   0x00000008   Code   RO          709    .text.HAL_GetTick   stm32h7xx_hal.o
    0x08000cec   0x08000cec   0x0000000c   Code   RO          707    .text.HAL_IncTick   stm32h7xx_hal.o
    0x08000cf8   0x08000cf8   0x00000054   Code   RO          697    .text.HAL_Init      stm32h7xx_hal.o
    0x08000d4c   0x08000d4c   0x00000048   Code   RO          699    .text.HAL_InitTick  stm32h7xx_hal.o
    0x08000d94   0x08000d94   0x00000054   Code   RO          176    .text.HAL_MPU_ConfigRegion  stm32h7xx_hal_cortex.o
    0x08000de8   0x08000de8   0x00000014   Code   RO          168    .text.HAL_MPU_Disable  stm32h7xx_hal_cortex.o
    0x08000dfc   0x08000dfc   0x00000020   Code   RO          170    .text.HAL_MPU_Enable  stm32h7xx_hal_cortex.o
    0x08000e1c   0x08000e1c   0x00000020   Code   RO          143    .text.HAL_MspInit   stm32h7xx_hal_msp.o
    0x08000e3c   0x08000e3c   0x0000001c   Code   RO          160    .text.HAL_NVIC_EnableIRQ  stm32h7xx_hal_cortex.o
    0x08000e58   0x08000e58   0x00000058   Code   RO          158    .text.HAL_NVIC_SetPriority  stm32h7xx_hal_cortex.o
    0x08000eb0   0x08000eb0   0x00000020   Code   RO          156    .text.HAL_NVIC_SetPriorityGrouping  stm32h7xx_hal_cortex.o
    0x08000ed0   0x08000ed0   0x0000004c   Code   RO          610    .text.HAL_PWREx_ConfigSupply  stm32h7xx_hal_pwr_ex.o
    0x08000f1c   0x08000f1c   0x00000024   Code   RO          264    .text.HAL_RCCEx_GetD3PCLK1Freq  stm32h7xx_hal_rcc_ex.o
    0x08000f40   0x08000f40   0x00000154   Code   RO          260    .text.HAL_RCCEx_GetPLL2ClockFreq  stm32h7xx_hal_rcc_ex.o
    0x08001094   0x08001094   0x00000154   Code   RO          262    .text.HAL_RCCEx_GetPLL3ClockFreq  stm32h7xx_hal_rcc_ex.o
    0x080011e8   0x080011e8   0x000008c0   Code   RO          248    .text.HAL_RCCEx_PeriphCLKConfig  stm32h7xx_hal_rcc_ex.o
    0x08001aa8   0x08001aa8   0x0000021c   Code   RO          213    .text.HAL_RCC_ClockConfig  stm32h7xx_hal_rcc.o
    0x08001cc4   0x08001cc4   0x00000040   Code   RO          223    .text.HAL_RCC_GetHCLKFreq  stm32h7xx_hal_rcc.o
    0x08001d04   0x08001d04   0x0000001c   Code   RO          225    .text.HAL_RCC_GetPCLK1Freq  stm32h7xx_hal_rcc.o
    0x08001d20   0x08001d20   0x00000024   Code   RO          227    .text.HAL_RCC_GetPCLK2Freq  stm32h7xx_hal_rcc.o
    0x08001d44   0x08001d44   0x0000014c   Code   RO          215    .text.HAL_RCC_GetSysClockFreq  stm32h7xx_hal_rcc.o
    0x08001e90   0x08001e90   0x000004de   Code   RO          211    .text.HAL_RCC_OscConfig  stm32h7xx_hal_rcc.o
    0x0800236e   0x0800236e   0x00000002   PAD
    0x08002370   0x08002370   0x00000028   Code   RO          166    .text.HAL_SYSTICK_Config  stm32h7xx_hal_cortex.o
    0x08002398   0x08002398   0x00000036   Code   RO         1222    .text.HAL_UARTEx_DisableFifoMode  stm32h7xx_hal_uart_ex.o
    0x080023ce   0x080023ce   0x00000002   Code   RO         1146    .text.HAL_UARTEx_RxEventCallback  stm32h7xx_hal_uart.o
    0x080023d0   0x080023d0   0x00000002   Code   RO         1206    .text.HAL_UARTEx_RxFifoFullCallback  stm32h7xx_hal_uart_ex.o
    0x080023d2   0x080023d2   0x0000004c   Code   RO         1226    .text.HAL_UARTEx_SetRxFifoThreshold  stm32h7xx_hal_uart_ex.o
    0x0800241e   0x0800241e   0x0000004c   Code   RO         1224    .text.HAL_UARTEx_SetTxFifoThreshold  stm32h7xx_hal_uart_ex.o
    0x0800246a   0x0800246a   0x00000002   Code   RO         1208    .text.HAL_UARTEx_TxFifoEmptyCallback  stm32h7xx_hal_uart_ex.o
    0x0800246c   0x0800246c   0x00000002   Code   RO         1204    .text.HAL_UARTEx_WakeupCallback  stm32h7xx_hal_uart_ex.o
    0x0800246e   0x0800246e   0x00000002   Code   RO         1144    .text.HAL_UART_ErrorCallback  stm32h7xx_hal_uart.o
    0x08002470   0x08002470   0x000003d4   Code   RO         1140    .text.HAL_UART_IRQHandler  stm32h7xx_hal_uart.o
    0x08002844   0x08002844   0x00000064   Code   RO         1052    .text.HAL_UART_Init  stm32h7xx_hal_uart.o
    0x080028a8   0x080028a8   0x000001cc   Code   RO           91    .text.HAL_UART_MspInit  usart.o
    0x08002a74   0x08002a74   0x00000054   Code   RO         1088    .text.HAL_UART_Receive_IT  stm32h7xx_hal_uart.o
    0x08002ac8   0x08002ac8   0x000000b8   Code   RO           21    .text.HAL_UART_RxCpltCallback  main.o
    0x08002b80   0x08002b80   0x000000bc   Code   RO         1072    .text.HAL_UART_Transmit  stm32h7xx_hal_uart.o
    0x08002c3c   0x08002c3c   0x0000009c   Code   RO         1078    .text.HAL_UART_Transmit_IT  stm32h7xx_hal_uart.o
    0x08002cd8   0x08002cd8   0x00000002   Code   RO           23    .text.HAL_UART_TxCpltCallback  main.o
    0x08002cda   0x08002cda   0x00000002   Code   RO          111    .text.HardFault_Handler  stm32h7xx_it.o
    0x08002cdc   0x08002cdc   0x00000060   Code   RO           64    .text.MX_GPIO_Init  gpio.o
    0x08002d3c   0x08002d3c   0x00000064   Code   RO           85    .text.MX_UART9_Init  usart.o
    0x08002da0   0x08002da0   0x00000064   Code   RO           87    .text.MX_USART1_UART_Init  usart.o
    0x08002e04   0x08002e04   0x00000064   Code   RO           89    .text.MX_USART2_UART_Init  usart.o
    0x08002e68   0x08002e68   0x00000002   Code   RO          113    .text.MemManage_Handler  stm32h7xx_it.o
    0x08002e6a   0x08002e6a   0x00000006   PAD
    0x08002e70   0x08002e70   0x0000022c   Code   RO           17    .text.MoveToPoint   main.o
    0x0800309c   0x0800309c   0x00000002   Code   RO          109    .text.NMI_Handler   stm32h7xx_it.o
    0x0800309e   0x0800309e   0x00000002   Code   RO          123    .text.PendSV_Handler  stm32h7xx_it.o
    0x080030a0   0x080030a0   0x0000010c   Code   RO          250    .text.RCCEx_PLL2_Config  stm32h7xx_hal_rcc_ex.o
    0x080031ac   0x080031ac   0x0000010c   Code   RO          252    .text.RCCEx_PLL3_Config  stm32h7xx_hal_rcc_ex.o
    0x080032b8   0x080032b8   0x00000002   Code   RO          119    .text.SVC_Handler   stm32h7xx_it.o
    0x080032ba   0x080032ba   0x00000016   Code   RO           29    .text.Stop_Motor    main.o
    0x080032d0   0x080032d0   0x00000004   Code   RO          125    .text.SysTick_Handler  stm32h7xx_it.o
    0x080032d4   0x080032d4   0x000000a8   Code   RO           15    .text.SystemClock_Config  main.o
    0x0800337c   0x0800337c   0x00000098   Code   RO         1247    .text.SystemInit    system_stm32h7xx.o
    0x08003414   0x08003414   0x0000000c   Code   RO          131    .text.UART9_IRQHandler  stm32h7xx_it.o
    0x08003420   0x08003420   0x0000005c   Code   RO         1220    .text.UARTEx_SetNbDataToProcess  stm32h7xx_hal_uart_ex.o
    0x0800347c   0x0800347c   0x000000d4   Code   RO         1056    .text.UART_AdvFeatureConfig  stm32h7xx_hal_uart.o
    0x08003550   0x08003550   0x000000bc   Code   RO         1060    .text.UART_CheckIdleState  stm32h7xx_hal_uart.o
    0x0800360c   0x0800360c   0x00000010   Code   RO         1142    .text.UART_DMAAbortOnError  stm32h7xx_hal_uart.o
    0x0800361c   0x0800361c   0x00000050   Code   RO         1112    .text.UART_EndRxTransfer  stm32h7xx_hal_uart.o
    0x0800366c   0x0800366c   0x000000cc   Code   RO         1182    .text.UART_RxISR_16BIT  stm32h7xx_hal_uart.o
    0x08003738   0x08003738   0x000001bc   Code   RO         1178    .text.UART_RxISR_16BIT_FIFOEN  stm32h7xx_hal_uart.o
    0x080038f4   0x080038f4   0x000000d0   Code   RO         1184    .text.UART_RxISR_8BIT  stm32h7xx_hal_uart.o
    0x080039c4   0x080039c4   0x000001c4   Code   RO         1180    .text.UART_RxISR_8BIT_FIFOEN  stm32h7xx_hal_uart.o
    0x08003b88   0x08003b88   0x00000420   Code   RO         1058    .text.UART_SetConfig  stm32h7xx_hal_uart.o
    0x08003fa8   0x08003fa8   0x0000012c   Code   RO         1090    .text.UART_Start_Receive_IT  stm32h7xx_hal_uart.o
    0x080040d4   0x080040d4   0x00000056   Code   RO         1084    .text.UART_TxISR_16BIT  stm32h7xx_hal_uart.o
    0x0800412a   0x0800412a   0x0000006e   Code   RO         1080    .text.UART_TxISR_16BIT_FIFOEN  stm32h7xx_hal_uart.o
    0x08004198   0x08004198   0x00000052   Code   RO         1086    .text.UART_TxISR_8BIT  stm32h7xx_hal_uart.o
    0x080041ea   0x080041ea   0x0000006a   Code   RO         1082    .text.UART_TxISR_8BIT_FIFOEN  stm32h7xx_hal_uart.o
    0x08004254   0x08004254   0x0000009e   Code   RO         1074    .text.UART_WaitOnFlagUntilTimeout  stm32h7xx_hal_uart.o
    0x080042f2   0x080042f2   0x00000002   PAD
    0x080042f4   0x080042f4   0x0000000c   Code   RO          127    .text.USART1_IRQHandler  stm32h7xx_it.o
    0x08004300   0x08004300   0x00000008   Code   RO          129    .text.USART2_IRQHandler  stm32h7xx_it.o
    0x08004308   0x08004308   0x00000002   Code   RO          117    .text.UsageFault_Handler  stm32h7xx_it.o
    0x0800430a   0x0800430a   0x00000002   PAD
    0x0800430c   0x0800430c   0x0000009c   Code   RO           13    .text.main          main.o
    0x080043a8   0x080043a8   0x00000070   Code   RO           37    .text.motor3_backward  main.o
    0x08004418   0x08004418   0x00000070   Code   RO           39    .text.motor3_forward  main.o
    0x08004488   0x08004488   0x00000070   Code   RO           41    .text.motor4_down   main.o
    0x080044f8   0x080044f8   0x00000070   Code   RO           43    .text.motor4_up     main.o
    0x08004568   0x08004568   0x000000a0   Code   RO           35    .text.motors12_backward  main.o
    0x08004608   0x08004608   0x000000a4   Code   RO           33    .text.motors12_forward  main.o
    0x080046ac   0x080046ac   0x0000000e   Code   RO         1273    i.__hardfp__fabsf   m_wv.l(fabsf.o)
    0x080046ba   0x080046ba   0x0000000a   Code   RO         1405    x$fpl$fpinit        fz_wv.l(fpinit.o)
    0x080046c4   0x080046c4   0x00000000   Code   RO         1296    x$fpl$usenofp       fz_wv.l(usenofp.o)
    0x080046c4   0x080046c4   0x00000010   Data   RO         1251    .rodata.D1CorePrescTable  system_stm32h7xx.o
    0x080046d4   0x080046d4   0x00000018   Data   RO         1190    .rodata.UARTPrescTable  stm32h7xx_hal_uart.o
    0x080046ec   0x080046ec   0x00000040   Data   RO         1465    Region$$Table       anon$$obj.o


    Execution Region RW_IRAM1 (Exec base: 0x20000000, Load base: 0x08004730, Size: 0x00000438, Max: 0x00020000, ABSOLUTE)

    Exec Addr    Load Addr    Size         Type   Attr      Idx    E Section Name        Object

    0x20000000   0x08004730   0x00000008   Data   RW         1252    .data..L_MergedGlobals  system_stm32h7xx.o
    0x20000008   0x08004738   0x00000008   PAD
    0x20000010        -       0x00000024   Zero   RW           52    .bss..L_MergedGlobals  main.o
    0x20000034   0x08004738   0x00000004   PAD
    0x20000038        -       0x00000400   Zero   RW            1    STACK               startup_stm32h723xx.o


    Execution Region RW_IRAM2 (Exec base: 0x24000000, Load base: 0x08004740, Size: 0x00000430, Max: 0x00020000, ABSOLUTE)

    Exec Addr    Load Addr    Size         Type   Attr      Idx    E Section Name        Object

    0x24000000   0x08004740   0x0000000c   Data   RW          805    .data..L_MergedGlobals  stm32h7xx_hal.o
    0x2400000c   0x0800474c   0x00000004   PAD
    0x24000010        -       0x00000060   Zero   RW         1333    .bss                c_w.l(libspace.o)
    0x24000070        -       0x00000094   Zero   RW           96    .bss.huart1         usart.o
    0x24000104        -       0x00000094   Zero   RW           97    .bss.huart2         usart.o
    0x24000198        -       0x00000094   Zero   RW           95    .bss.huart9         usart.o
    0x2400022c   0x0800474c   0x00000004   PAD
    0x24000230        -       0x00000200   Zero   RW            2    HEAP                startup_stm32h723xx.o


==============================================================================

Image component sizes


      Code (inc. data)   RO Data    RW Data    ZI Data      Debug   Object Name

        96          8          0          0          0       2997   gpio.o
      2104        228          0          0         36      15595   main.o
        64         26        716          0       1536        808   startup_stm32h723xx.o
       216         16          0         12          0      17119   stm32h7xx_hal.o
       324         32          0          0          0      12591   stm32h7xx_hal_cortex.o
      1220        160          0          0          0      12043   stm32h7xx_hal_dma.o
       410         20          0          0          0       7144   stm32h7xx_hal_gpio.o
        32          4          0          0          0       2288   stm32h7xx_hal_msp.o
        76          4          0          0          0      10503   stm32h7xx_hal_pwr_ex.o
      2246         64          0          0          0      11007   stm32h7xx_hal_rcc.o
      3492        148          0          0          0      16714   stm32h7xx_hal_rcc_ex.o
      5214        320         24          0          0      33091   stm32h7xx_hal_uart.o
       304         16          0          0          0      10445   stm32h7xx_hal_uart_ex.o
        52          8          0          0          0       1506   stm32h7xx_it.o
       152         28         16          8          0       5335   system_stm32h7xx.o
       760         40          0          0        444      12921   usart.o

    ----------------------------------------------------------------------
     16778       1122        820         20       2036     172107   Object Totals
         0          0         64          0          0          0   (incl. Generated)
        16          0          0          0         20          0   (incl. Padding)

    ----------------------------------------------------------------------

      Code (inc. data)   RO Data    RW Data    ZI Data      Debug   Library Member Name

         8          0          0          0          0         68   __main.o
         0          0          0          0          0          0   __rtentry.o
        12          0          0          0          0          0   __rtentry2.o
         6          0          0          0          0          0   __rtentry4.o
        52          8          0          0          0          0   __scatter.o
        26          0          0          0          0          0   __scatter_copy.o
        28          0          0          0          0          0   __scatter_zi.o
        18          0          0          0          0         80   exit.o
         6          0          0          0          0        152   heapauxi.o
         0          0          0          0          0          0   indicate_semi.o
         2          0          0          0          0          0   libinit.o
         6          0          0          0          0          0   libinit2.o
         2          0          0          0          0          0   libshutdown.o
         2          0          0          0          0          0   libshutdown2.o
         8          4          0          0         96         68   libspace.o
       238          0          0          0          0        100   lludivv7m.o
        78          0          0          0          0         80   rt_memclr_w.o
         2          0          0          0          0          0   rtexit.o
        10          0          0          0          0          0   rtexit2.o
        12          4          0          0          0         68   sys_exit.o
        74          0          0          0          0         80   sys_stackheap_outer.o
         2          0          0          0          0         68   use_no_semi.o
        10          0          0          0          0        116   fpinit.o
         0          0          0          0          0          0   usenofp.o
        14          0          0          0          0        116   fabsf.o

    ----------------------------------------------------------------------
       622         16          0          0         96        996   Library Totals
         6          0          0          0          0          0   (incl. Padding)

    ----------------------------------------------------------------------

      Code (inc. data)   RO Data    RW Data    ZI Data      Debug   Library Name

       592         16          0          0         96        764   c_w.l
        10          0          0          0          0        116   fz_wv.l
        14          0          0          0          0        116   m_wv.l

    ----------------------------------------------------------------------
       622         16          0          0         96        996   Library Totals

    ----------------------------------------------------------------------

==============================================================================


      Code (inc. data)   RO Data    RW Data    ZI Data      Debug   

     17400       1138        820         20       2132     172619   Grand Totals
     17400       1138        820         20       2132     172619   ELF Image Totals
     17400       1138        820         20          0          0   ROM Totals

==============================================================================

    Total RO  Size (Code + RO Data)                18220 (  17.79kB)
    Total RW  Size (RW Data + ZI Data)              2152 (   2.10kB)
    Total ROM Size (Code + RO Data + RW Data)      18240 (  17.81kB)

==============================================================================

