Component: ARM Compiler 6.7 Tool: armlink [5c9ef700]

==============================================================================

Section Cross References

    startup_stm32h723xx.o(STACK) refers (Special) to heapauxi.o(.text) for __use_two_region_memory
    startup_stm32h723xx.o(HEAP) refers (Special) to heapauxi.o(.text) for __use_two_region_memory
    startup_stm32h723xx.o(RESET) refers (Special) to heapauxi.o(.text) for __use_two_region_memory
    startup_stm32h723xx.o(RESET) refers to startup_stm32h723xx.o(STACK) for __initial_sp
    startup_stm32h723xx.o(RESET) refers to startup_stm32h723xx.o(.text) for Reset_Handler
    startup_stm32h723xx.o(RESET) refers to stm32h7xx_it.o(.text.NMI_Handler) for NMI_Handler
    startup_stm32h723xx.o(RESET) refers to stm32h7xx_it.o(.text.HardFault_Handler) for HardFault_Handler
    startup_stm32h723xx.o(RESET) refers to stm32h7xx_it.o(.text.MemManage_Handler) for MemManage_Handler
    startup_stm32h723xx.o(RESET) refers to stm32h7xx_it.o(.text.BusFault_Handler) for BusFault_Handler
    startup_stm32h723xx.o(RESET) refers to stm32h7xx_it.o(.text.UsageFault_Handler) for UsageFault_Handler
    startup_stm32h723xx.o(RESET) refers to stm32h7xx_it.o(.text.SVC_Handler) for SVC_Handler
    startup_stm32h723xx.o(RESET) refers to stm32h7xx_it.o(.text.DebugMon_Handler) for DebugMon_Handler
    startup_stm32h723xx.o(RESET) refers to stm32h7xx_it.o(.text.PendSV_Handler) for PendSV_Handler
    startup_stm32h723xx.o(RESET) refers to stm32h7xx_it.o(.text.SysTick_Handler) for SysTick_Handler
    startup_stm32h723xx.o(RESET) refers to stm32h7xx_it.o(.text.USART2_IRQHandler) for USART2_IRQHandler
    startup_stm32h723xx.o(.text) refers (Special) to heapauxi.o(.text) for __use_two_region_memory
    startup_stm32h723xx.o(.text) refers to system_stm32h7xx.o(.text.SystemInit) for SystemInit
    startup_stm32h723xx.o(.text) refers to __main.o(!!!main) for __main
    startup_stm32h723xx.o(.text) refers to startup_stm32h723xx.o(HEAP) for Heap_Mem
    startup_stm32h723xx.o(.text) refers to startup_stm32h723xx.o(STACK) for Stack_Mem
    main.o(.text) refers (Special) to _printf_d.o(.ARM.Collect$$_printf_percent$$00000009) for _printf_d
    main.o(.text) refers (Special) to _printf_dec.o(.text) for _printf_int_dec
    main.o(.text) refers (Special) to _printf_percent.o(.ARM.Collect$$_printf_percent$$00000000) for _printf_percent
    main.o(.text) refers (Special) to _printf_s.o(.ARM.Collect$$_printf_percent$$00000014) for _printf_s
    main.o(.text) refers (Special) to _printf_str.o(.text) for _printf_str
    main.o(.text.main) refers (Special) to _printf_d.o(.ARM.Collect$$_printf_percent$$00000009) for _printf_d
    main.o(.text.main) refers (Special) to _printf_dec.o(.text) for _printf_int_dec
    main.o(.text.main) refers (Special) to _printf_percent.o(.ARM.Collect$$_printf_percent$$00000000) for _printf_percent
    main.o(.text.main) refers (Special) to _printf_s.o(.ARM.Collect$$_printf_percent$$00000014) for _printf_s
    main.o(.text.main) refers (Special) to _printf_str.o(.text) for _printf_str
    main.o(.text.main) refers to stm32h7xx_hal_cortex.o(.text.HAL_MPU_Disable) for HAL_MPU_Disable
    main.o(.text.main) refers to stm32h7xx_hal_cortex.o(.text.HAL_MPU_ConfigRegion) for HAL_MPU_ConfigRegion
    main.o(.text.main) refers to stm32h7xx_hal_cortex.o(.text.HAL_MPU_Enable) for HAL_MPU_Enable
    main.o(.text.main) refers to stm32h7xx_hal.o(.text.HAL_Init) for HAL_Init
    main.o(.text.main) refers to main.o(.text.SystemClock_Config) for SystemClock_Config
    main.o(.text.main) refers to gpio.o(.text.MX_GPIO_Init) for MX_GPIO_Init
    main.o(.text.main) refers to usart_1.o(.text.MX_USART1_UART_Init) for MX_USART1_UART_Init
    main.o(.text.main) refers to usart_1.o(.text.MX_USART2_UART_Init) for MX_USART2_UART_Init
    main.o(.text.main) refers to tjc_usart_hmi.o(.text.initRingBuffer) for initRingBuffer
    main.o(.text.main) refers to stm32h7xx_hal_uart.o(.text.HAL_UART_Receive_IT) for HAL_UART_Receive_IT
    main.o(.text.main) refers to stm32h7xx_hal.o(.text.HAL_GetTick) for HAL_GetTick
    main.o(.text.main) refers to noretval__2sprintf.o(.text) for __2sprintf
    main.o(.text.main) refers to stm32h7xx_hal.o(.text.HAL_Delay) for HAL_Delay
    main.o(.text.main) refers to tjc_usart_hmi.o(.text.read1ByteFromRingBuffer) for read1ByteFromRingBuffer
    main.o(.text.main) refers to tjc_usart_hmi.o(.text.tjc_send_string) for tjc_send_string
    main.o(.text.main) refers to tjc_usart_hmi.o(.text.deleteRingBuffer) for deleteRingBuffer
    main.o(.text.main) refers to tjc_usart_hmi.o(.text.getRingBufferLength) for getRingBufferLength
    main.o(.text.main) refers to usart_1.o(.bss.huart2) for huart2
    main.o(.text.main) refers to tjc_usart_hmi.o(.bss.RxBuffer) for RxBuffer
    main.o(.ARM.exidx.text.main) refers (Special) to _printf_d.o(.ARM.Collect$$_printf_percent$$00000009) for _printf_d
    main.o(.ARM.exidx.text.main) refers (Special) to _printf_dec.o(.text) for _printf_int_dec
[...]
    __arm_cp.8_10                            0x08000acc   Number         4  stm32h7xx_hal_dma.o(.text.HAL_DMA_Abort)
    __arm_cp.8_11                            0x08000ad0   Number         4  stm32h7xx_hal_dma.o(.text.HAL_DMA_Abort)
    __arm_cp.8_12                            0x08000ad4   Number         4  stm32h7xx_hal_dma.o(.text.HAL_DMA_Abort)
    __arm_cp.8_13                            0x08000ad8   Number         4  stm32h7xx_hal_dma.o(.text.HAL_DMA_Abort)
    __arm_cp.8_14                            0x08000adc   Number         4  stm32h7xx_hal_dma.o(.text.HAL_DMA_Abort)
    __arm_cp.8_15                            0x08000ae0   Number         4  stm32h7xx_hal_dma.o(.text.HAL_DMA_Abort)
    [Anonymous Symbol]                       0x08000ae4   Section        0  stm32h7xx_hal_dma.o(.text.HAL_DMA_Abort_IT)
    __arm_cp.9_0                             0x08000c5c   Number         4  stm32h7xx_hal_dma.o(.text.HAL_DMA_Abort_IT)
    __arm_cp.9_1                             0x08000c60   Number         4  stm32h7xx_hal_dma.o(.text.HAL_DMA_Abort_IT)
    __arm_cp.9_2                             0x08000c64   Number         4  stm32h7xx_hal_dma.o(.text.HAL_DMA_Abort_IT)
    __arm_cp.9_3                             0x08000c68   Number         4  stm32h7xx_hal_dma.o(.text.HAL_DMA_Abort_IT)
    __arm_cp.9_4                             0x08000c6c   Number         4  stm32h7xx_hal_dma.o(.text.HAL_DMA_Abort_IT)
    __arm_cp.9_5                             0x08000c70   Number         4  stm32h7xx_hal_dma.o(.text.HAL_DMA_Abort_IT)
    __arm_cp.9_6                             0x08000c74   Number         4  stm32h7xx_hal_dma.o(.text.HAL_DMA_Abort_IT)
    __arm_cp.9_7                             0x08000c78   Number         4  stm32h7xx_hal_dma.o(.text.HAL_DMA_Abort_IT)
    __arm_cp.9_8                             0x08000c7c   Number         4  stm32h7xx_hal_dma.o(.text.HAL_DMA_Abort_IT)
    __arm_cp.9_9                             0x08000c80   Number         4  stm32h7xx_hal_dma.o(.text.HAL_DMA_Abort_IT)
    __arm_cp.9_10                            0x08000c84   Number         4  stm32h7xx_hal_dma.o(.text.HAL_DMA_Abort_IT)
    __arm_cp.9_11                            0x08000c88   Number         4  stm32h7xx_hal_dma.o(.text.HAL_DMA_Abort_IT)
    __arm_cp.9_12                            0x08000c8c   Number         4  stm32h7xx_hal_dma.o(.text.HAL_DMA_Abort_IT)
    __arm_cp.9_13                            0x08000c90   Number         4  stm32h7xx_hal_dma.o(.text.HAL_DMA_Abort_IT)
    __arm_cp.9_14                            0x08000c94   Number         4  stm32h7xx_hal_dma.o(.text.HAL_DMA_Abort_IT)
    __arm_cp.9_15                            0x08000c98   Number         4  stm32h7xx_hal_dma.o(.text.HAL_DMA_Abort_IT)
    __arm_cp.9_16                            0x08000c9c   Number         4  stm32h7xx_hal_dma.o(.text.HAL_DMA_Abort_IT)
    __arm_cp.9_17                            0x08000ca0   Number         4  stm32h7xx_hal_dma.o(.text.HAL_DMA_Abort_IT)
    __arm_cp.9_18                            0x08000ca4   Number         4  stm32h7xx_hal_dma.o(.text.HAL_DMA_Abort_IT)
    __arm_cp.9_19                            0x08000ca8   Number         4  stm32h7xx_hal_dma.o(.text.HAL_DMA_Abort_IT)
    __arm_cp.9_20                            0x08000cac   Number         4  stm32h7xx_hal_dma.o(.text.HAL_DMA_Abort_IT)
    __arm_cp.9_21                            0x08000cb0   Number         4  stm32h7xx_hal_dma.o(.text.HAL_DMA_Abort_IT)
    __arm_cp.9_22                            0x08000cb4   Number         4  stm32h7xx_hal_dma.o(.text.HAL_DMA_Abort_IT)
    __arm_cp.9_23                            0x08000cb8   Number         4  stm32h7xx_hal_dma.o(.text.HAL_DMA_Abort_IT)
    [Anonymous Symbol]                       0x08000cbc   Section        0  stm32h7xx_hal.o(.text.HAL_Delay)
    [Anonymous Symbol]                       0x08000ce4   Section        0  stm32h7xx_hal_gpio.o(.text.HAL_GPIO_Init)
    __arm_cp.0_0                             0x08000e60   Number         4  stm32h7xx_hal_gpio.o(.text.HAL_GPIO_Init)
    __arm_cp.0_1                             0x08000e64   Number         4  stm32h7xx_hal_gpio.o(.text.HAL_GPIO_Init)
    __arm_cp.0_2                             0x08000e68   Number         4  stm32h7xx_hal_gpio.o(.text.HAL_GPIO_Init)
    __arm_cp.0_4                             0x08000e6c   Number         4  stm32h7xx_hal_gpio.o(.text.HAL_GPIO_Init)
    __arm_cp.0_5                             0x08000e70   Number         4  stm32h7xx_hal_gpio.o(.text.HAL_GPIO_Init)
    [Anonymous Symbol]                       0x08000e74   Section        0  stm32h7xx_hal_gpio.o(.text.HAL_GPIO_WritePin)
    [Anonymous Symbol]                       0x08000e80   Section        0  stm32h7xx_hal.o(.text.HAL_GetTick)
    [Anonymous Symbol]                       0x08000e88   Section        0  stm32h7xx_hal.o(.text.HAL_IncTick)
    [Anonymous Symbol]                       0x08000e94   Section        0  stm32h7xx_hal.o(.text.HAL_Init)
    __arm_cp.0_0                             0x08000ee0   Number         4  stm32h7xx_hal.o(.text.HAL_Init)
    __arm_cp.0_2                             0x08000ee4   Number         4  stm32h7xx_hal.o(.text.HAL_Init)
    [Anonymous Symbol]                       0x08000ee8   Section        0  stm32h7xx_hal.o(.text.HAL_InitTick)
    __arm_cp.1_0                             0x08000f28   Number         4  stm32h7xx_hal.o(.text.HAL_InitTick)
    __arm_cp.1_1                             0x08000f2c   Number         4  stm32h7xx_hal.o(.text.HAL_InitTick)
    [Anonymous Symbol]                       0x08000f30   Section        0  stm32h7xx_hal_cortex.o(.text.HAL_MPU_ConfigRegion)
    __arm_cp.10_0                            0x08000f80   Number         4  stm32h7xx_hal_cortex.o(.text.HAL_MPU_ConfigRegion)
    [Anonymous Symbol]                       0x08000f84   Section        0  stm32h7xx_hal_cortex.o(.text.HAL_MPU_Disable)
    [Anonymous Symbol]                       0x08000f98   Section        0  stm32h7xx_hal_cortex.o(.text.HAL_MPU_Enable)
    __arm_cp.7_0                             0x08000fb4   Number         4  stm32h7xx_hal_cortex.o(.text.HAL_MPU_Enable)
    [Anonymous Symbol]                       0x08000fb8   Section        0  stm32h7xx_hal_msp.o(.text.HAL_MspInit)
    __arm_cp.0_0                             0x08000fd4   Number         4  stm32h7xx_hal_msp.o(.text.HAL_MspInit)
    [Anonymous Symbol]                       0x08000fd8   Section        0  stm32h7xx_hal_cortex.o(.text.HAL_NVIC_EnableIRQ)
    __arm_cp.2_0                             0x08000ff0   Number         4  stm32h7xx_hal_cortex.o(.text.HAL_NVIC_EnableIRQ)
    [Anonymous Symbol]                       0x08000ff4   Section        0  stm32h7xx_hal_cortex.o(.text.HAL_NVIC_SetPriority)
    __arm_cp.1_0                             0x08001048   Number         4  stm32h7xx_hal_cortex.o(.text.HAL_NVIC_SetPriority)
    [Anonymous Symbol]                       0x0800104c   Section        0  stm32h7xx_hal_cortex.o(.text.HAL_NVIC_SetPriorityGrouping)
    __arm_cp.0_0                             0x08001064   Number         4  stm32h7xx_hal_cortex.o(.text.HAL_NVIC_SetPriorityGrouping)
    __arm_cp.0_1                             0x08001068   Number         4  stm32h7xx_hal_cortex.o(.text.HAL_NVIC_SetPriorityGrouping)
    [Anonymous Symbol]                       0x0800106c   Section        0  stm32h7xx_hal_pwr_ex.o(.text.HAL_PWREx_ConfigSupply)
    __arm_cp.0_0                             0x080010b4   Number         4  stm32h7xx_hal_pwr_ex.o(.text.HAL_PWREx_ConfigSupply)
    [Anonymous Symbol]                       0x080010b8   Section        0  stm32h7xx_hal_rcc_ex.o(.text.HAL_RCCEx_GetD3PCLK1Freq)
    __arm_cp.8_0                             0x080010d4   Number         4  stm32h7xx_hal_rcc_ex.o(.text.HAL_RCCEx_GetD3PCLK1Freq)
    __arm_cp.8_1                             0x080010d8   Number         4  stm32h7xx_hal_rcc_ex.o(.text.HAL_RCCEx_GetD3PCLK1Freq)
    [Anonymous Symbol]                       0x080010dc   Section        0  stm32h7xx_hal_rcc_ex.o(.text.HAL_RCCEx_GetPLL2ClockFreq)
    __arm_cp.6_0                             0x08001218   Number         4  stm32h7xx_hal_rcc_ex.o(.text.HAL_RCCEx_GetPLL2ClockFreq)
    __arm_cp.6_4                             0x08001228   Number         4  stm32h7xx_hal_rcc_ex.o(.text.HAL_RCCEx_GetPLL2ClockFreq)
    [Anonymous Symbol]                       0x08001230   Section        0  stm32h7xx_hal_rcc_ex.o(.text.HAL_RCCEx_GetPLL3ClockFreq)
    __arm_cp.7_0                             0x0800136c   Number         4  stm32h7xx_hal_rcc_ex.o(.text.HAL_RCCEx_GetPLL3ClockFreq)
    __arm_cp.7_4                             0x0800137c   Number         4  stm32h7xx_hal_rcc_ex.o(.text.HAL_RCCEx_GetPLL3ClockFreq)
    [Anonymous Symbol]                       0x08001384   Section        0  stm32h7xx_hal_rcc_ex.o(.text.HAL_RCCEx_PeriphCLKConfig)
    __arm_cp.0_17                            0x08001624   Number         4  stm32h7xx_hal_rcc_ex.o(.text.HAL_RCCEx_PeriphCLKConfig)
    __arm_cp.0_1                             0x08001c40   Number         4  stm32h7xx_hal_rcc_ex.o(.text.HAL_RCCEx_PeriphCLKConfig)
    [Anonymous Symbol]                       0x08001c44   Section        0  stm32h7xx_hal_rcc.o(.text.HAL_RCC_ClockConfig)
    __arm_cp.2_0                             0x08001e58   Number         4  stm32h7xx_hal_rcc.o(.text.HAL_RCC_ClockConfig)
    __arm_cp.2_5                             0x08001e5c   Number         4  stm32h7xx_hal_rcc.o(.text.HAL_RCC_ClockConfig)
    [Anonymous Symbol]                       0x08001e60   Section        0  stm32h7xx_hal_rcc.o(.text.HAL_RCC_GetHCLKFreq)
    __arm_cp.7_0                             0x08001e94   Number         4  stm32h7xx_hal_rcc.o(.text.HAL_RCC_GetHCLKFreq)
    __arm_cp.7_2                             0x08001e98   Number         4  stm32h7xx_hal_rcc.o(.text.HAL_RCC_GetHCLKFreq)
    __arm_cp.7_3                             0x08001e9c   Number         4  stm32h7xx_hal_rcc.o(.text.HAL_RCC_GetHCLKFreq)
    [Anonymous Symbol]                       0x08001ea0   Section        0  stm32h7xx_hal_rcc.o(.text.HAL_RCC_GetPCLK1Freq)
    [Anonymous Symbol]                       0x08001ebc   Section        0  stm32h7xx_hal_rcc.o(.text.HAL_RCC_GetPCLK2Freq)
    __arm_cp.9_0                             0x08001ed8   Number         4  stm32h7xx_hal_rcc.o(.text.HAL_RCC_GetPCLK2Freq)
    __arm_cp.9_1                             0x08001edc   Number         4  stm32h7xx_hal_rcc.o(.text.HAL_RCC_GetPCLK2Freq)
    [Anonymous Symbol]                       0x08001ee0   Section        0  stm32h7xx_hal_rcc.o(.text.HAL_RCC_GetSysClockFreq)
    __arm_cp.3_0                             0x0800200c   Number         4  stm32h7xx_hal_rcc.o(.text.HAL_RCC_GetSysClockFreq)
    __arm_cp.3_1                             0x08002010   Number         4  stm32h7xx_hal_rcc.o(.text.HAL_RCC_GetSysClockFreq)
    __arm_cp.3_2                             0x08002014   Number         4  stm32h7xx_hal_rcc.o(.text.HAL_RCC_GetSysClockFreq)
    __arm_cp.3_3                             0x08002018   Number         4  stm32h7xx_hal_rcc.o(.text.HAL_RCC_GetSysClockFreq)
    [Anonymous Symbol]                       0x0800202c   Section        0  stm32h7xx_hal_rcc.o(.text.HAL_RCC_OscConfig)
    __arm_cp.1_1                             0x08002378   Number         4  stm32h7xx_hal_rcc.o(.text.HAL_RCC_OscConfig)
    [Anonymous Symbol]                       0x0800250c   Section        0  stm32h7xx_hal_cortex.o(.text.HAL_SYSTICK_Config)
    __arm_cp.5_0                             0x0800252c   Number         4  stm32h7xx_hal_cortex.o(.text.HAL_SYSTICK_Config)
    __arm_cp.5_1                             0x08002530   Number         4  stm32h7xx_hal_cortex.o(.text.HAL_SYSTICK_Config)
    [Anonymous Symbol]                       0x08002534   Section        0  stm32h7xx_hal_uart_ex.o(.text.HAL_UARTEx_DisableFifoMode)
    [Anonymous Symbol]                       0x0800256a   Section        0  stm32h7xx_hal_uart.o(.text.HAL_UARTEx_RxEventCallback)
    [Anonymous Symbol]                       0x0800256c   Section        0  stm32h7xx_hal_uart_ex.o(.text.HAL_UARTEx_RxFifoFullCallback)
    [Anonymous Symbol]                       0x0800256e   Section        0  stm32h7xx_hal_uart_ex.o(.text.HAL_UARTEx_SetRxFifoThreshold)
    [Anonymous Symbol]                       0x080025ba   Section        0  stm32h7xx_hal_uart_ex.o(.text.HAL_UARTEx_SetTxFifoThreshold)
    [Anonymous Symbol]                       0x08002606   Section        0  stm32h7xx_hal_uart_ex.o(.text.HAL_UARTEx_TxFifoEmptyCallback)
    [Anonymous Symbol]                       0x08002608   Section        0  stm32h7xx_hal_uart_ex.o(.text.HAL_UARTEx_WakeupCallback)
    [Anonymous Symbol]                       0x0800260a   Section        0  stm32h7xx_hal_uart.o(.text.HAL_UART_ErrorCallback)
    [Anonymous Symbol]                       0x0800260c   Section        0  stm32h7xx_hal_uart.o(.text.HAL_UART_IRQHandler)
    __arm_cp.44_0                            0x08002990   Number         4  stm32h7xx_hal_uart.o(.text.HAL_UART_IRQHandler)
    __arm_cp.44_1                            0x08002994   Number         4  stm32h7xx_hal_uart.o(.text.HAL_UART_IRQHandler)
    __arm_cp.44_2                            0x08002998   Number         4  stm32h7xx_hal_uart.o(.text.HAL_UART_IRQHandler)
    __arm_cp.44_3                            0x0800299c   Number         4  stm32h7xx_hal_uart.o(.text.HAL_UART_IRQHandler)
    __arm_cp.44_4                            0x080029a0   Number         4  stm32h7xx_hal_uart.o(.text.HAL_UART_IRQHandler)
    __arm_cp.44_5                            0x080029a4   Number         4  stm32h7xx_hal_uart.o(.text.HAL_UART_IRQHandler)
    __arm_cp.44_6                            0x080029a8   Number         4  stm32h7xx_hal_uart.o(.text.HAL_UART_IRQHandler)
    __arm_cp.44_7                            0x080029ac   Number         4  stm32h7xx_hal_uart.o(.text.HAL_UART_IRQHandler)
    __arm_cp.44_8                            0x080029b0   Number         4  stm32h7xx_hal_uart.o(.text.HAL_UART_IRQHandler)
    __arm_cp.44_9                            0x080029b4   Number         4  stm32h7xx_hal_uart.o(.text.HAL_UART_IRQHandler)
    __arm_cp.44_10                           0x080029b8   Number         4  stm32h7xx_hal_uart.o(.text.HAL_UART_IRQHandler)
    __arm_cp.44_11                           0x080029bc   Number         4  stm32h7xx_hal_uart.o(.text.HAL_UART_IRQHandler)
    __arm_cp.44_12                           0x080029c0   Number         4  stm32h7xx_hal_uart.o(.text.HAL_UART_IRQHandler)
    __arm_cp.44_13                           0x080029c4   Number         4  stm32h7xx_hal_uart.o(.text.HAL_UART_IRQHandler)
    __arm_cp.44_14                           0x080029c8   Number         4  stm32h7xx_hal_uart.o(.text.HAL_UART_IRQHandler)
    __arm_cp.44_15                           0x080029cc   Number         4  stm32h7xx_hal_uart.o(.text.HAL_UART_IRQHandler)
    __arm_cp.44_16                           0x080029d0   Number         4  stm32h7xx_hal_uart.o(.text.HAL_UART_IRQHandler)
    __arm_cp.44_17                           0x080029d4   Number         4  stm32h7xx_hal_uart.o(.text.HAL_UART_IRQHandler)
    __arm_cp.44_18                           0x080029d8   Number         4  stm32h7xx_hal_uart.o(.text.HAL_UART_IRQHandler)
    __arm_cp.44_19                           0x080029dc   Number         4  stm32h7xx_hal_uart.o(.text.HAL_UART_IRQHandler)
    [Anonymous Symbol]                       0x080029e0   Section        0  stm32h7xx_hal_uart.o(.text.HAL_UART_Init)
    [Anonymous Symbol]                       0x08002a44   Section        0  usart_1.o(.text.HAL_UART_MspInit)
    __arm_cp.2_0                             0x08002b28   Number         4  usart_1.o(.text.HAL_UART_MspInit)
    [Anonymous Symbol]                       0x08002b2c   Section        0  stm32h7xx_hal_uart.o(.text.HAL_UART_Receive_IT)
    __arm_cp.18_0                            0x08002b7c   Number         4  stm32h7xx_hal_uart.o(.text.HAL_UART_Receive_IT)
    [Anonymous Symbol]                       0x08002b80   Section        0  tjc_usart_hmi.o(.text.HAL_UART_RxCpltCallback)
    __arm_cp.7_1                             0x08002ba8   Number         4  tjc_usart_hmi.o(.text.HAL_UART_RxCpltCallback)
    [Anonymous Symbol]                       0x08002bac   Section        0  stm32h7xx_hal_uart.o(.text.HAL_UART_Transmit_IT)
    __arm_cp.13_0                            0x08002c38   Number         4  stm32h7xx_hal_uart.o(.text.HAL_UART_Transmit_IT)
    __arm_cp.13_1                            0x08002c3c   Number         4  stm32h7xx_hal_uart.o(.text.HAL_UART_Transmit_IT)
    __arm_cp.13_2                            0x08002c40   Number         4  stm32h7xx_hal_uart.o(.text.HAL_UART_Transmit_IT)
    __arm_cp.13_3                            0x08002c44   Number         4  stm32h7xx_hal_uart.o(.text.HAL_UART_Transmit_IT)
    [Anonymous Symbol]                       0x08002c48   Section        0  stm32h7xx_hal_uart.o(.text.HAL_UART_TxCpltCallback)
    [Anonymous Symbol]                       0x08002c4a   Section        0  stm32h7xx_it.o(.text.HardFault_Handler)
    [Anonymous Symbol]                       0x08002c4c   Section        0  gpio.o(.text.MX_GPIO_Init)
    __arm_cp.0_0                             0x08002cc8   Number         4  gpio.o(.text.MX_GPIO_Init)
    __arm_cp.0_1                             0x08002ccc   Number         4  gpio.o(.text.MX_GPIO_Init)
    [Anonymous Symbol]                       0x08002cd0   Section        0  usart_1.o(.text.MX_USART1_UART_Init)
    __arm_cp.0_0                             0x08002d2c   Number         4  usart_1.o(.text.MX_USART1_UART_Init)
    __arm_cp.0_1                             0x08002d30   Number         4  usart_1.o(.text.MX_USART1_UART_Init)
    [Anonymous Symbol]                       0x08002d34   Section        0  usart_1.o(.text.MX_USART2_UART_Init)
    __arm_cp.1_0                             0x08002d90   Number         4  usart_1.o(.text.MX_USART2_UART_Init)
    __arm_cp.1_1                             0x08002d94   Number         4  usart_1.o(.text.MX_USART2_UART_Init)
    [Anonymous Symbol]                       0x08002d98   Section        0  stm32h7xx_it.o(.text.MemManage_Handler)
    [Anonymous Symbol]                       0x08002d9a   Section        0  stm32h7xx_it.o(.text.NMI_Handler)
    [Anonymous Symbol]                       0x08002d9c   Section        0  stm32h7xx_it.o(.text.PendSV_Handler)
    [Anonymous Symbol]                       0x08002da0   Section        0  stm32h7xx_hal_rcc_ex.o(.text.RCCEx_PLL2_Config)
    RCCEx_PLL2_Config                        0x08002da1   Thumb Code   272  stm32h7xx_hal_rcc_ex.o(.text.RCCEx_PLL2_Config)
    [Anonymous Symbol]                       0x08002eac   Section        0  stm32h7xx_hal_rcc_ex.o(.text.RCCEx_PLL3_Config)
    RCCEx_PLL3_Config                        0x08002ead   Thumb Code   272  stm32h7xx_hal_rcc_ex.o(.text.RCCEx_PLL3_Config)
    [Anonymous Symbol]                       0x08002fb8   Section        0  stm32h7xx_it.o(.text.SVC_Handler)
    [Anonymous Symbol]                       0x08002fba   Section        0  stm32h7xx_it.o(.text.SysTick_Handler)
    [Anonymous Symbol]                       0x08002fc0   Section        0  main.o(.text.SystemClock_Config)
    __arm_cp.1_0                             0x08003064   Number         4  main.o(.text.SystemClock_Config)
    [Anonymous Symbol]                       0x08003068   Section        0  system_stm32h7xx.o(.text.SystemInit)
    __arm_cp.0_0                             0x080030e4   Number         4  system_stm32h7xx.o(.text.SystemInit)
    __arm_cp.0_1                             0x080030e8   Number         4  system_stm32h7xx.o(.text.SystemInit)
    __arm_cp.0_2                             0x080030ec   Number         4  system_stm32h7xx.o(.text.SystemInit)
    __arm_cp.0_3                             0x080030f0   Number         4  system_stm32h7xx.o(.text.SystemInit)
    __arm_cp.0_4                             0x080030f4   Number         4  system_stm32h7xx.o(.text.SystemInit)
    __arm_cp.0_5                             0x080030f8   Number         4  system_stm32h7xx.o(.text.SystemInit)
    __arm_cp.0_6                             0x080030fc   Number         4  system_stm32h7xx.o(.text.SystemInit)
    [Anonymous Symbol]                       0x08003100   Section        0  stm32h7xx_hal_uart_ex.o(.text.UARTEx_SetNbDataToProcess)
    UARTEx_SetNbDataToProcess                0x08003101   Thumb Code    92  stm32h7xx_hal_uart_ex.o(.text.UARTEx_SetNbDataToProcess)
    UARTEx_SetNbDataToProcess.denominator    0x0800314c   Number         0  stm32h7xx_hal_uart_ex.o(.text.UARTEx_SetNbDataToProcess)
    UARTEx_SetNbDataToProcess.numerator      0x08003154   Number         0  stm32h7xx_hal_uart_ex.o(.text.UARTEx_SetNbDataToProcess)
    [Anonymous Symbol]                       0x0800315c   Section        0  stm32h7xx_hal_uart.o(.text.UART_AdvFeatureConfig)
    [Anonymous Symbol]                       0x08003230   Section        0  stm32h7xx_hal_uart.o(.text.UART_CheckIdleState)
    __arm_cp.4_0                             0x080032e8   Number         4  stm32h7xx_hal_uart.o(.text.UART_CheckIdleState)
    [Anonymous Symbol]                       0x080032ec   Section        0  stm32h7xx_hal_uart.o(.text.UART_DMAAbortOnError)
    UART_DMAAbortOnError                     0x080032ed   Thumb Code    16  stm32h7xx_hal_uart.o(.text.UART_DMAAbortOnError)
    [Anonymous Symbol]                       0x080032fc   Section        0  stm32h7xx_hal_uart.o(.text.UART_EndRxTransfer)
    UART_EndRxTransfer                       0x080032fd   Thumb Code    84  stm32h7xx_hal_uart.o(.text.UART_EndRxTransfer)
    [Anonymous Symbol]                       0x0800334c   Section        0  stm32h7xx_hal_uart.o(.text.UART_RxISR_16BIT)
    UART_RxISR_16BIT                         0x0800334d   Thumb Code   208  stm32h7xx_hal_uart.o(.text.UART_RxISR_16BIT)
    [Anonymous Symbol]                       0x08003418   Section        0  stm32h7xx_hal_uart.o(.text.UART_RxISR_16BIT_FIFOEN)
    UART_RxISR_16BIT_FIFOEN                  0x08003419   Thumb Code   448  stm32h7xx_hal_uart.o(.text.UART_RxISR_16BIT_FIFOEN)
    __arm_cp.63_0                            0x080035cc   Number         4  stm32h7xx_hal_uart.o(.text.UART_RxISR_16BIT_FIFOEN)
    __arm_cp.63_1                            0x080035d0   Number         4  stm32h7xx_hal_uart.o(.text.UART_RxISR_16BIT_FIFOEN)
    [Anonymous Symbol]                       0x080035d4   Section        0  stm32h7xx_hal_uart.o(.text.UART_RxISR_8BIT)
    UART_RxISR_8BIT                          0x080035d5   Thumb Code   208  stm32h7xx_hal_uart.o(.text.UART_RxISR_8BIT)
    __arm_cp.66_0                            0x080036a0   Number         4  stm32h7xx_hal_uart.o(.text.UART_RxISR_8BIT)
    [Anonymous Symbol]                       0x080036a4   Section        0  stm32h7xx_hal_uart.o(.text.UART_RxISR_8BIT_FIFOEN)
    UART_RxISR_8BIT_FIFOEN                   0x080036a5   Thumb Code   452  stm32h7xx_hal_uart.o(.text.UART_RxISR_8BIT_FIFOEN)
    __arm_cp.64_0                            0x0800385c   Number         4  stm32h7xx_hal_uart.o(.text.UART_RxISR_8BIT_FIFOEN)
    __arm_cp.64_1                            0x08003860   Number         4  stm32h7xx_hal_uart.o(.text.UART_RxISR_8BIT_FIFOEN)
    __arm_cp.64_2                            0x08003864   Number         4  stm32h7xx_hal_uart.o(.text.UART_RxISR_8BIT_FIFOEN)
    [Anonymous Symbol]                       0x08003868   Section        0  stm32h7xx_hal_uart.o(.text.UART_SetConfig)
    __arm_cp.3_32                            0x08003ad8   Number         4  stm32h7xx_hal_uart.o(.text.UART_SetConfig)
    __arm_cp.3_33                            0x08003adc   Number         4  stm32h7xx_hal_uart.o(.text.UART_SetConfig)
    __arm_cp.3_34                            0x08003ae0   Number         4  stm32h7xx_hal_uart.o(.text.UART_SetConfig)
    __arm_cp.3_35                            0x08003ae4   Number         4  stm32h7xx_hal_uart.o(.text.UART_SetConfig)
    __arm_cp.3_36                            0x08003ae8   Number         4  stm32h7xx_hal_uart.o(.text.UART_SetConfig)
    __arm_cp.3_37                            0x08003aec   Number         4  stm32h7xx_hal_uart.o(.text.UART_SetConfig)
    __arm_cp.3_38                            0x08003af0   Number         4  stm32h7xx_hal_uart.o(.text.UART_SetConfig)
    __arm_cp.3_39                            0x08003af4   Number         4  stm32h7xx_hal_uart.o(.text.UART_SetConfig)
    __arm_cp.3_40                            0x08003af8   Number         4  stm32h7xx_hal_uart.o(.text.UART_SetConfig)
    __arm_cp.3_41                            0x08003afc   Number         4  stm32h7xx_hal_uart.o(.text.UART_SetConfig)
    __arm_cp.3_42                            0x08003b00   Number         4  stm32h7xx_hal_uart.o(.text.UART_SetConfig)
    __arm_cp.3_43                            0x08003b04   Number         4  stm32h7xx_hal_uart.o(.text.UART_SetConfig)
    __arm_cp.3_44                            0x08003b08   Number         4  stm32h7xx_hal_uart.o(.text.UART_SetConfig)
    __arm_cp.3_45                            0x08003b0c   Number         4  stm32h7xx_hal_uart.o(.text.UART_SetConfig)
    __arm_cp.3_46                            0x08003b10   Number         4  stm32h7xx_hal_uart.o(.text.UART_SetConfig)
    __arm_cp.3_47                            0x08003b14   Number         4  stm32h7xx_hal_uart.o(.text.UART_SetConfig)
    __arm_cp.3_48                            0x08003b18   Number         4  stm32h7xx_hal_uart.o(.text.UART_SetConfig)
    __arm_cp.3_17                            0x08003c80   Number         4  stm32h7xx_hal_uart.o(.text.UART_SetConfig)
    __arm_cp.3_18                            0x08003c84   Number         4  stm32h7xx_hal_uart.o(.text.UART_SetConfig)
    [Anonymous Symbol]                       0x08003c88   Section        0  stm32h7xx_hal_uart.o(.text.UART_Start_Receive_IT)
    __arm_cp.19_0                            0x08003da4   Number         4  stm32h7xx_hal_uart.o(.text.UART_Start_Receive_IT)
    __arm_cp.19_1                            0x08003da8   Number         4  stm32h7xx_hal_uart.o(.text.UART_Start_Receive_IT)
    __arm_cp.19_2                            0x08003dac   Number         4  stm32h7xx_hal_uart.o(.text.UART_Start_Receive_IT)
    __arm_cp.19_3                            0x08003db0   Number         4  stm32h7xx_hal_uart.o(.text.UART_Start_Receive_IT)
    [Anonymous Symbol]                       0x08003db4   Section        0  stm32h7xx_hal_uart.o(.text.UART_TxISR_16BIT)
    UART_TxISR_16BIT                         0x08003db5   Thumb Code    86  stm32h7xx_hal_uart.o(.text.UART_TxISR_16BIT)
    [Anonymous Symbol]                       0x08003e0a   Section        0  stm32h7xx_hal_uart.o(.text.UART_TxISR_16BIT_FIFOEN)
    UART_TxISR_16BIT_FIFOEN                  0x08003e0b   Thumb Code   110  stm32h7xx_hal_uart.o(.text.UART_TxISR_16BIT_FIFOEN)
    [Anonymous Symbol]                       0x08003e78   Section        0  stm32h7xx_hal_uart.o(.text.UART_TxISR_8BIT)
    UART_TxISR_8BIT                          0x08003e79   Thumb Code    82  stm32h7xx_hal_uart.o(.text.UART_TxISR_8BIT)
    [Anonymous Symbol]                       0x08003eca   Section        0  stm32h7xx_hal_uart.o(.text.UART_TxISR_8BIT_FIFOEN)
    UART_TxISR_8BIT_FIFOEN                   0x08003ecb   Thumb Code   106  stm32h7xx_hal_uart.o(.text.UART_TxISR_8BIT_FIFOEN)
    [Anonymous Symbol]                       0x08003f34   Section        0  stm32h7xx_hal_uart.o(.text.UART_WaitOnFlagUntilTimeout)
    [Anonymous Symbol]                       0x08003fd4   Section        0  stm32h7xx_it.o(.text.USART2_IRQHandler)
    [Anonymous Symbol]                       0x08003fdc   Section        0  stm32h7xx_it.o(.text.UsageFault_Handler)
    [Anonymous Symbol]                       0x08003fe0   Section        0  tjc_usart_hmi.o(.text.deleteRingBuffer)
    [Anonymous Symbol]                       0x08004020   Section        0  tjc_usart_hmi.o(.text.getRingBufferLength)
    [Anonymous Symbol]                       0x08004028   Section        0  tjc_usart_hmi.o(.text.initRingBuffer)
    [Anonymous Symbol]                       0x08004034   Section        0  main.o(.text.main)
    __arm_cp.0_0                             0x080041cc   Number         4  main.o(.text.main)
    __arm_cp.0_1                             0x080041d0   Number         4  main.o(.text.main)
    __arm_cp.0_3                             0x080041e0   Number         4  main.o(.text.main)
    [Anonymous Symbol]                       0x08004264   Section        0  tjc_usart_hmi.o(.text.read1ByteFromRingBuffer)
    [Anonymous Symbol]                       0x0800427c   Section        0  tjc_usart_hmi.o(.text.tjc_send_string)
    __arm_cp.3_0                             0x080042a4   Number         4  tjc_usart_hmi.o(.text.tjc_send_string)
    [Anonymous Symbol]                       0x080042a8   Section        0  tjc_usart_hmi.o(.text.uart_send_char)
    __arm_cp.1_0                             0x080042c8   Number         4  tjc_usart_hmi.o(.text.uart_send_char)
    [Anonymous Symbol]                       0x080042cc   Section        0  tjc_usart_hmi.o(.text.write1ByteToRingBuffer)
    __arm_cp.8_0                             0x08004300   Number         4  tjc_usart_hmi.o(.text.write1ByteToRingBuffer)
    x$fpl$fpinit                             0x08004304   Section       10  fpinit.o(x$fpl$fpinit)
    $v0                                      0x08004304   Number         0  fpinit.o(x$fpl$fpinit)
    [Anonymous Symbol]                       0x20000000   Section        0  stm32h7xx_hal.o(.data..L_MergedGlobals)
    [Anonymous Symbol]                       0x2000000c   Section        0  system_stm32h7xx.o(.data..L_MergedGlobals)
    STACK                                    0x200000b0   Section     1024  startup_stm32h723xx.o(STACK)
    Stack_Mem                                0x200000b0   Data        1024  startup_stm32h723xx.o(STACK)
    __initial_sp                             0x200004b0   Data           0  startup_stm32h723xx.o(STACK)
    .bss                                     0x24000000   Section       96  libspace.o(.bss)
    HEAP                                     0x240002f0   Section      512  startup_stm32h723xx.o(HEAP)
    Heap_Mem                                 0x240002f0   Data         512  startup_stm32h723xx.o(HEAP)

    Global Symbols

    Symbol Name                              Value     Ov Type        Size  Object(Section)

    BuildAttributes$$THM_ISAv4$E$P$D$K$B$S$7EM$VFPv5_D16$PE$PLD8$A:L22UL41UL21$X:L11$S22US41US21$IEEE1$IW$~IW$USESV6$~STKCKD$USESV7$~SHL$OSPACE$ROPI$EBA8$UX$STANDARDLIB$REQ8$PRES8$EABIv2 0x00000000   Number         0  anon$$obj.o ABSOLUTE
    __ARM_exceptions_init                     - Undefined Weak Reference
    __alloca_initialize                       - Undefined Weak Reference
    __arm_preinit_                            - Undefined Weak Reference
    __cpp_initialize__aeabi_                  - Undefined Weak Reference
    __cxa_finalize                            - Undefined Weak Reference
    __rt_locale                               - Undefined Weak Reference
    __sigvec_lookup                           - Undefined Weak Reference
    _atexit_init                              - Undefined Weak Reference
    _call_atexit_fns                          - Undefined Weak Reference
    _clock_init                               - Undefined Weak Reference
    _fp_trap_init                             - Undefined Weak Reference
    _fp_trap_shutdown                         - Undefined Weak Reference
    _get_lc_collate                           - Undefined Weak Reference
    _get_lc_ctype                             - Undefined Weak Reference
    _get_lc_monetary                          - Undefined Weak Reference
    _get_lc_numeric                           - Undefined Weak Reference
    _get_lc_time                              - Undefined Weak Reference
    _getenv_init                              - Undefined Weak Reference
    _handle_redirection                       - Undefined Weak Reference
    _init_alloc                               - Undefined Weak Reference
    _init_user_alloc                          - Undefined Weak Reference
    _initio                                   - Undefined Weak Reference
    _printf_mbtowc                            - Undefined Weak Reference
    _printf_post_padding                      - Undefined Weak Reference
    _printf_pre_padding                       - Undefined Weak Reference
    _printf_truncate_signed                   - Undefined Weak Reference
    _printf_truncate_unsigned                 - Undefined Weak Reference
    _rand_init                                - Undefined Weak Reference
    _signal_finish                            - Undefined Weak Reference
    _signal_init                              - Undefined Weak Reference
    _terminate_alloc                          - Undefined Weak Reference
    _terminate_user_alloc                     - Undefined Weak Reference
    _terminateio                              - Undefined Weak Reference
    __Vectors_Size                           0x000002cc   Number         0  startup_stm32h723xx.o ABSOLUTE
    __Vectors                                0x08000000   Data           4  startup_stm32h723xx.o(RESET)
    __Vectors_End                            0x080002cc   Data           0  startup_stm32h723xx.o(RESET)
    __main                                   0x080002cd   Thumb Code     8  __main.o(!!!main)
    __scatterload                            0x080002d5   Thumb Code     0  __scatter.o(!!!scatter)
    __scatterload_rt2                        0x080002d5   Thumb Code    44  __scatter.o(!!!scatter)
    __scatterload_rt2_thumb_only             0x080002d5   Thumb Code     0  __scatter.o(!!!scatter)
    __scatterload_null                       0x080002e3   Thumb Code     0  __scatter.o(!!!scatter)
    __scatterload_copy                       0x08000309   Thumb Code    26  __scatter_copy.o(!!handler_copy)
    __scatterload_zeroinit                   0x08000325   Thumb Code    28  __scatter_zi.o(!!handler_zi)
    _printf_d                                0x08000341   Thumb Code     0  _printf_d.o(.ARM.Collect$$_printf_percent$$00000009)
    _printf_percent                          0x08000341   Thumb Code     0  _printf_percent.o(.ARM.Collect$$_printf_percent$$00000000)
    _printf_s                                0x08000347   Thumb Code     0  _printf_s.o(.ARM.Collect$$_printf_percent$$00000014)
    _printf_percent_end                      0x0800034d   Thumb Code     0  _printf_percent_end.o(.ARM.Collect$$_printf_percent$$00000017)
    __rt_lib_init                            0x08000351   Thumb Code     0  libinit.o(.ARM.Collect$$libinit$$00000000)
    __rt_lib_init_fp_1                       0x08000353   Thumb Code     0  libinit2.o(.ARM.Collect$$libinit$$00000001)
    __rt_lib_init_alloca_1                   0x08000357   Thumb Code     0  libinit2.o(.ARM.Collect$$libinit$$0000002E)
    __rt_lib_init_argv_1                     0x08000357   Thumb Code     0  libinit2.o(.ARM.Collect$$libinit$$0000002C)
    __rt_lib_init_atexit_1                   0x08000357   Thumb Code     0  libinit2.o(.ARM.Collect$$libinit$$0000001B)
    __rt_lib_init_clock_1                    0x08000357   Thumb Code     0  libinit2.o(.ARM.Collect$$libinit$$00000021)
    __rt_lib_init_cpp_1                      0x08000357   Thumb Code     0  libinit2.o(.ARM.Collect$$libinit$$00000032)
    __rt_lib_init_exceptions_1               0x08000357   Thumb Code     0  libinit2.o(.ARM.Collect$$libinit$$00000030)
    __rt_lib_init_fp_trap_1                  0x08000357   Thumb Code     0  libinit2.o(.ARM.Collect$$libinit$$0000001F)
    __rt_lib_init_getenv_1                   0x08000357   Thumb Code     0  libinit2.o(.ARM.Collect$$libinit$$00000023)
    __rt_lib_init_heap_1                     0x08000357   Thumb Code     0  libinit2.o(.ARM.Collect$$libinit$$0000000A)
    __rt_lib_init_lc_collate_1               0x08000357   Thumb Code     0  libinit2.o(.ARM.Collect$$libinit$$00000011)
    __rt_lib_init_lc_ctype_1                 0x08000357   Thumb Code     0  libinit2.o(.ARM.Collect$$libinit$$00000013)
    __rt_lib_init_lc_monetary_1              0x08000357   Thumb Code     0  libinit2.o(.ARM.Collect$$libinit$$00000015)
    __rt_lib_init_lc_numeric_1               0x08000357   Thumb Code     0  libinit2.o(.ARM.Collect$$libinit$$00000017)
    __rt_lib_init_lc_time_1                  0x08000357   Thumb Code     0  libinit2.o(.ARM.Collect$$libinit$$00000019)
    __rt_lib_init_preinit_1                  0x08000357   Thumb Code     0  libinit2.o(.ARM.Collect$$libinit$$00000004)
    __rt_lib_init_rand_1                     0x08000357   Thumb Code     0  libinit2.o(.ARM.Collect$$libinit$$0000000E)
    __rt_lib_init_return                     0x08000357   Thumb Code     0  libinit2.o(.ARM.Collect$$libinit$$00000033)
    __rt_lib_init_signal_1                   0x08000357   Thumb Code     0  libinit2.o(.ARM.Collect$$libinit$$0000001D)
    __rt_lib_init_stdio_1                    0x08000357   Thumb Code     0  libinit2.o(.ARM.Collect$$libinit$$00000025)
    __rt_lib_init_user_alloc_1               0x08000357   Thumb Code     0  libinit2.o(.ARM.Collect$$libinit$$0000000C)
    __rt_lib_shutdown                        0x08000359   Thumb Code     0  libshutdown.o(.ARM.Collect$$libshutdown$$00000000)
    __rt_lib_shutdown_cpp_1                  0x0800035b   Thumb Code     0  libshutdown2.o(.ARM.Collect$$libshutdown$$00000002)
    __rt_lib_shutdown_fp_trap_1              0x0800035b   Thumb Code     0  libshutdown2.o(.ARM.Collect$$libshutdown$$00000007)
    __rt_lib_shutdown_heap_1                 0x0800035b   Thumb Code     0  libshutdown2.o(.ARM.Collect$$libshutdown$$0000000F)
    __rt_lib_shutdown_return                 0x0800035b   Thumb Code     0  libshutdown2.o(.ARM.Collect$$libshutdown$$00000010)
    __rt_lib_shutdown_signal_1               0x0800035b   Thumb Code     0  libshutdown2.o(.ARM.Collect$$libshutdown$$0000000A)
    __rt_lib_shutdown_stdio_1                0x0800035b   Thumb Code     0  libshutdown2.o(.ARM.Collect$$libshutdown$$00000004)
    __rt_lib_shutdown_user_alloc_1           0x0800035b   Thumb Code     0  libshutdown2.o(.ARM.Collect$$libshutdown$$0000000C)
    __rt_entry                               0x0800035d   Thumb Code     0  __rtentry.o(.ARM.Collect$$rtentry$$00000000)
    __rt_entry_presh_1                       0x0800035d   Thumb Code     0  __rtentry2.o(.ARM.Collect$$rtentry$$00000002)
    __rt_entry_sh                            0x0800035d   Thumb Code     0  __rtentry4.o(.ARM.Collect$$rtentry$$00000004)
    __rt_entry_li                            0x08000363   Thumb Code     0  __rtentry2.o(.ARM.Collect$$rtentry$$0000000A)
    __rt_entry_postsh_1                      0x08000363   Thumb Code     0  __rtentry2.o(.ARM.Collect$$rtentry$$00000009)
    __rt_entry_main                          0x08000367   Thumb Code     0  __rtentry2.o(.ARM.Collect$$rtentry$$0000000D)
    __rt_entry_postli_1                      0x08000367   Thumb Code     0  __rtentry2.o(.ARM.Collect$$rtentry$$0000000C)
    __rt_exit                                0x0800036f   Thumb Code     0  rtexit.o(.ARM.Collect$$rtexit$$00000000)
    __rt_exit_ls                             0x08000371   Thumb Code     0  rtexit2.o(.ARM.Collect$$rtexit$$00000003)
    __rt_exit_prels_1                        0x08000371   Thumb Code     0  rtexit2.o(.ARM.Collect$$rtexit$$00000002)
    __rt_exit_exit                           0x08000375   Thumb Code     0  rtexit2.o(.ARM.Collect$$rtexit$$00000004)
    Reset_Handler                            0x0800037d   Thumb Code     8  startup_stm32h723xx.o(.text)
    ADC3_IRQHandler                          0x08000397   Thumb Code     0  startup_stm32h723xx.o(.text)
    ADC_IRQHandler                           0x08000397   Thumb Code     0  startup_stm32h723xx.o(.text)
    BDMA_Channel0_IRQHandler                 0x08000397   Thumb Code     0  startup_stm32h723xx.o(.text)
    BDMA_Channel1_IRQHandler                 0x08000397   Thumb Code     0  startup_stm32h723xx.o(.text)
    BDMA_Channel2_IRQHandler                 0x08000397   Thumb Code     0  startup_stm32h723xx.o(.text)
    BDMA_Channel3_IRQHandler                 0x08000397   Thumb Code     0  startup_stm32h723xx.o(.text)
    BDMA_Channel4_IRQHandler                 0x08000397   Thumb Code     0  startup_stm32h723xx.o(.text)
    BDMA_Channel5_IRQHandler                 0x08000397   Thumb Code     0  startup_stm32h723xx.o(.text)
    BDMA_Channel6_IRQHandler                 0x08000397   Thumb Code     0  startup_stm32h723xx.o(.text)
    BDMA_Channel7_IRQHandler                 0x08000397   Thumb Code     0  startup_stm32h723xx.o(.text)
    CEC_IRQHandler                           0x08000397   Thumb Code     0  startup_stm32h723xx.o(.text)
    COMP1_IRQHandler                         0x08000397   Thumb Code     0  startup_stm32h723xx.o(.text)
    CORDIC_IRQHandler                        0x08000397   Thumb Code     0  startup_stm32h723xx.o(.text)
    CRS_IRQHandler                           0x08000397   Thumb Code     0  startup_stm32h723xx.o(.text)
    DCMI_PSSI_IRQHandler                     0x08000397   Thumb Code     0  startup_stm32h723xx.o(.text)
    DFSDM1_FLT0_IRQHandler                   0x08000397   Thumb Code     0  startup_stm32h723xx.o(.text)
    DFSDM1_FLT1_IRQHandler                   0x08000397   Thumb Code     0  startup_stm32h723xx.o(.text)
    DFSDM1_FLT2_IRQHandler                   0x08000397   Thumb Code     0  startup_stm32h723xx.o(.text)
    DFSDM1_FLT3_IRQHandler                   0x08000397   Thumb Code     0  startup_stm32h723xx.o(.text)
    DMA1_Stream0_IRQHandler                  0x08000397   Thumb Code     0  startup_stm32h723xx.o(.text)
    DMA1_Stream1_IRQHandler                  0x08000397   Thumb Code     0  startup_stm32h723xx.o(.text)
    DMA1_Stream2_IRQHandler                  0x08000397   Thumb Code     0  startup_stm32h723xx.o(.text)
    DMA1_Stream3_IRQHandler                  0x08000397   Thumb Code     0  startup_stm32h723xx.o(.text)
    DMA1_Stream4_IRQHandler                  0x08000397   Thumb Code     0  startup_stm32h723xx.o(.text)
    DMA1_Stream5_IRQHandler                  0x08000397   Thumb Code     0  startup_stm32h723xx.o(.text)
    DMA1_Stream6_IRQHandler                  0x08000397   Thumb Code     0  startup_stm32h723xx.o(.text)
    DMA1_Stream7_IRQHandler                  0x08000397   Thumb Code     0  startup_stm32h723xx.o(.text)
    DMA2D_IRQHandler                         0x08000397   Thumb Code     0  startup_stm32h723xx.o(.text)
    DMA2_Stream0_IRQHandler                  0x08000397   Thumb Code     0  startup_stm32h723xx.o(.text)
    DMA2_Stream1_IRQHandler                  0x08000397   Thumb Code     0  startup_stm32h723xx.o(.text)
    DMA2_Stream2_IRQHandler                  0x08000397   Thumb Code     0  startup_stm32h723xx.o(.text)
    DMA2_Stream3_IRQHandler                  0x08000397   Thumb Code     0  startup_stm32h723xx.o(.text)
    DMA2_Stream4_IRQHandler                  0x08000397   Thumb Code     0  startup_stm32h723xx.o(.text)
    DMA2_Stream5_IRQHandler                  0x08000397   Thumb Code     0  startup_stm32h723xx.o(.text)
    DMA2_Stream6_IRQHandler                  0x08000397   Thumb Code     0  startup_stm32h723xx.o(.text)
    DMA2_Stream7_IRQHandler                  0x08000397   Thumb Code     0  startup_stm32h723xx.o(.text)
    DMAMUX1_OVR_IRQHandler                   0x08000397   Thumb Code     0  startup_stm32h723xx.o(.text)
    DMAMUX2_OVR_IRQHandler                   0x08000397   Thumb Code     0  startup_stm32h723xx.o(.text)
    DTS_IRQHandler                           0x08000397   Thumb Code     0  startup_stm32h723xx.o(.text)
    ECC_IRQHandler                           0x08000397   Thumb Code     0  startup_stm32h723xx.o(.text)
    ETH_IRQHandler                           0x08000397   Thumb Code     0  startup_stm32h723xx.o(.text)
    ETH_WKUP_IRQHandler                      0x08000397   Thumb Code     0  startup_stm32h723xx.o(.text)
    EXTI0_IRQHandler                         0x08000397   Thumb Code     0  startup_stm32h723xx.o(.text)
    EXTI15_10_IRQHandler                     0x08000397   Thumb Code     0  startup_stm32h723xx.o(.text)
    EXTI1_IRQHandler                         0x08000397   Thumb Code     0  startup_stm32h723xx.o(.text)
    EXTI2_IRQHandler                         0x08000397   Thumb Code     0  startup_stm32h723xx.o(.text)
    EXTI3_IRQHandler                         0x08000397   Thumb Code     0  startup_stm32h723xx.o(.text)
    EXTI4_IRQHandler                         0x08000397   Thumb Code     0  startup_stm32h723xx.o(.text)
    EXTI9_5_IRQHandler                       0x08000397   Thumb Code     0  startup_stm32h723xx.o(.text)
    FDCAN1_IT0_IRQHandler                    0x08000397   Thumb Code     0  startup_stm32h723xx.o(.text)
    FDCAN1_IT1_IRQHandler                    0x08000397   Thumb Code     0  startup_stm32h723xx.o(.text)
    FDCAN2_IT0_IRQHandler                    0x08000397   Thumb Code     0  startup_stm32h723xx.o(.text)
    FDCAN2_IT1_IRQHandler                    0x08000397   Thumb Code     0  startup_stm32h723xx.o(.text)
    FDCAN3_IT0_IRQHandler                    0x08000397   Thumb Code     0  startup_stm32h723xx.o(.text)
    FDCAN3_IT1_IRQHandler                    0x08000397   Thumb Code     0  startup_stm32h723xx.o(.text)
    FDCAN_CAL_IRQHandler                     0x08000397   Thumb Code     0  startup_stm32h723xx.o(.text)
    FLASH_IRQHandler                         0x08000397   Thumb Code     0  startup_stm32h723xx.o(.text)
    FMAC_IRQHandler                          0x08000397   Thumb Code     0  startup_stm32h723xx.o(.text)
    FMC_IRQHandler                           0x08000397   Thumb Code     0  startup_stm32h723xx.o(.text)
    FPU_IRQHandler                           0x08000397   Thumb Code     0  startup_stm32h723xx.o(.text)
    HSEM1_IRQHandler                         0x08000397   Thumb Code     0  startup_stm32h723xx.o(.text)
    I2C1_ER_IRQHandler                       0x08000397   Thumb Code     0  startup_stm32h723xx.o(.text)
    I2C1_EV_IRQHandler                       0x08000397   Thumb Code     0  startup_stm32h723xx.o(.text)
    I2C2_ER_IRQHandler                       0x08000397   Thumb Code     0  startup_stm32h723xx.o(.text)
    I2C2_EV_IRQHandler                       0x08000397   Thumb Code     0  startup_stm32h723xx.o(.text)
    I2C3_ER_IRQHandler                       0x08000397   Thumb Code     0  startup_stm32h723xx.o(.text)
    I2C3_EV_IRQHandler                       0x08000397   Thumb Code     0  startup_stm32h723xx.o(.text)
    I2C4_ER_IRQHandler                       0x08000397   Thumb Code     0  startup_stm32h723xx.o(.text)
    I2C4_EV_IRQHandler                       0x08000397   Thumb Code     0  startup_stm32h723xx.o(.text)
    I2C5_ER_IRQHandler                       0x08000397   Thumb Code     0  startup_stm32h723xx.o(.text)
    I2C5_EV_IRQHandler                       0x08000397   Thumb Code     0  startup_stm32h723xx.o(.text)
    LPTIM1_IRQHandler                        0x08000397   Thumb Code     0  startup_stm32h723xx.o(.text)
    LPTIM2_IRQHandler                        0x08000397   Thumb Code     0  startup_stm32h723xx.o(.text)
    LPTIM3_IRQHandler                        0x08000397   Thumb Code     0  startup_stm32h723xx.o(.text)
    LPTIM4_IRQHandler                        0x08000397   Thumb Code     0  startup_stm32h723xx.o(.text)
    LPTIM5_IRQHandler                        0x08000397   Thumb Code     0  startup_stm32h723xx.o(.text)
    LPUART1_IRQHandler                       0x08000397   Thumb Code     0  startup_stm32h723xx.o(.text)
    LTDC_ER_IRQHandler                       0x08000397   Thumb Code     0  startup_stm32h723xx.o(.text)
    LTDC_IRQHandler                          0x08000397   Thumb Code     0  startup_stm32h723xx.o(.text)
    MDIOS_IRQHandler                         0x08000397   Thumb Code     0  startup_stm32h723xx.o(.text)
    MDIOS_WKUP_IRQHandler                    0x08000397   Thumb Code     0  startup_stm32h723xx.o(.text)
    MDMA_IRQHandler                          0x08000397   Thumb Code     0  startup_stm32h723xx.o(.text)
    OCTOSPI1_IRQHandler                      0x08000397   Thumb Code     0  startup_stm32h723xx.o(.text)
    OCTOSPI2_IRQHandler                      0x08000397   Thumb Code     0  startup_stm32h723xx.o(.text)
    OTG_HS_EP1_IN_IRQHandler                 0x08000397   Thumb Code     0  startup_stm32h723xx.o(.text)
    OTG_HS_EP1_OUT_IRQHandler                0x08000397   Thumb Code     0  startup_stm32h723xx.o(.text)
    OTG_HS_IRQHandler                        0x08000397   Thumb Code     0  startup_stm32h723xx.o(.text)
    OTG_HS_WKUP_IRQHandler                   0x08000397   Thumb Code     0  startup_stm32h723xx.o(.text)
    PVD_AVD_IRQHandler                       0x08000397   Thumb Code     0  startup_stm32h723xx.o(.text)
    RCC_IRQHandler                           0x08000397   Thumb Code     0  startup_stm32h723xx.o(.text)
    RNG_IRQHandler                           0x08000397   Thumb Code     0  startup_stm32h723xx.o(.text)
    RTC_Alarm_IRQHandler                     0x08000397   Thumb Code     0  startup_stm32h723xx.o(.text)
    RTC_WKUP_IRQHandler                      0x08000397   Thumb Code     0  startup_stm32h723xx.o(.text)
    SAI1_IRQHandler                          0x08000397   Thumb Code     0  startup_stm32h723xx.o(.text)
    SAI4_IRQHandler                          0x08000397   Thumb Code     0  startup_stm32h723xx.o(.text)
    SDMMC1_IRQHandler                        0x08000397   Thumb Code     0  startup_stm32h723xx.o(.text)
    SDMMC2_IRQHandler                        0x08000397   Thumb Code     0  startup_stm32h723xx.o(.text)
    SPDIF_RX_IRQHandler                      0x08000397   Thumb Code     0  startup_stm32h723xx.o(.text)
    SPI1_IRQHandler                          0x08000397   Thumb Code     0  startup_stm32h723xx.o(.text)
    SPI2_IRQHandler                          0x08000397   Thumb Code     0  startup_stm32h723xx.o(.text)
    SPI3_IRQHandler                          0x08000397   Thumb Code     0  startup_stm32h723xx.o(.text)
    SPI4_IRQHandler                          0x08000397   Thumb Code     0  startup_stm32h723xx.o(.text)
    SPI5_IRQHandler                          0x08000397   Thumb Code     0  startup_stm32h723xx.o(.text)
    SPI6_IRQHandler                          0x08000397   Thumb Code     0  startup_stm32h723xx.o(.text)
    SWPMI1_IRQHandler                        0x08000397   Thumb Code     0  startup_stm32h723xx.o(.text)
    TAMP_STAMP_IRQHandler                    0x08000397   Thumb Code     0  startup_stm32h723xx.o(.text)
    TIM15_IRQHandler                         0x08000397   Thumb Code     0  startup_stm32h723xx.o(.text)
    TIM16_IRQHandler                         0x08000397   Thumb Code     0  startup_stm32h723xx.o(.text)
    TIM17_IRQHandler                         0x08000397   Thumb Code     0  startup_stm32h723xx.o(.text)
    TIM1_BRK_IRQHandler                      0x08000397   Thumb Code     0  startup_stm32h723xx.o(.text)
    TIM1_CC_IRQHandler                       0x08000397   Thumb Code     0  startup_stm32h723xx.o(.text)
    TIM1_TRG_COM_IRQHandler                  0x08000397   Thumb Code     0  startup_stm32h723xx.o(.text)
    TIM1_UP_IRQHandler                       0x08000397   Thumb Code     0  startup_stm32h723xx.o(.text)
    TIM23_IRQHandler                         0x08000397   Thumb Code     0  startup_stm32h723xx.o(.text)
    TIM24_IRQHandler                         0x08000397   Thumb Code     0  startup_stm32h723xx.o(.text)
    TIM2_IRQHandler                          0x08000397   Thumb Code     0  startup_stm32h723xx.o(.text)
    TIM3_IRQHandler                          0x08000397   Thumb Code     0  startup_stm32h723xx.o(.text)
    TIM4_IRQHandler                          0x08000397   Thumb Code     0  startup_stm32h723xx.o(.text)
    TIM5_IRQHandler                          0x08000397   Thumb Code     0  startup_stm32h723xx.o(.text)
    TIM6_DAC_IRQHandler                      0x08000397   Thumb Code     0  startup_stm32h723xx.o(.text)
    TIM7_IRQHandler                          0x08000397   Thumb Code     0  startup_stm32h723xx.o(.text)
    TIM8_BRK_TIM12_IRQHandler                0x08000397   Thumb Code     0  startup_stm32h723xx.o(.text)
    TIM8_CC_IRQHandler                       0x08000397   Thumb Code     0  startup_stm32h723xx.o(.text)
    TIM8_TRG_COM_TIM14_IRQHandler            0x08000397   Thumb Code     0  startup_stm32h723xx.o(.text)
    TIM8_UP_TIM13_IRQHandler                 0x08000397   Thumb Code     0  startup_stm32h723xx.o(.text)
    UART4_IRQHandler                         0x08000397   Thumb Code     0  startup_stm32h723xx.o(.text)
    UART5_IRQHandler                         0x08000397   Thumb Code     0  startup_stm32h723xx.o(.text)
    UART7_IRQHandler                         0x08000397   Thumb Code     0  startup_stm32h723xx.o(.text)
    UART8_IRQHandler                         0x08000397   Thumb Code     0  startup_stm32h723xx.o(.text)
    UART9_IRQHandler                         0x08000397   Thumb Code     0  startup_stm32h723xx.o(.text)
    USART10_IRQHandler                       0x08000397   Thumb Code     0  startup_stm32h723xx.o(.text)
    USART1_IRQHandler                        0x08000397   Thumb Code     0  startup_stm32h723xx.o(.text)
    USART3_IRQHandler                        0x08000397   Thumb Code     0  startup_stm32h723xx.o(.text)
    USART6_IRQHandler                        0x08000397   Thumb Code     0  startup_stm32h723xx.o(.text)
    WAKEUP_PIN_IRQHandler                    0x08000397   Thumb Code     0  startup_stm32h723xx.o(.text)
    WWDG_IRQHandler                          0x08000397   Thumb Code     0  startup_stm32h723xx.o(.text)
    __user_initial_stackheap                 0x08000399   Thumb Code     0  startup_stm32h723xx.o(.text)
    __aeabi_uldivmod                         0x080003bd   Thumb Code     0  lludivv7m.o(.text)
    _ll_udiv                                 0x080003bd   Thumb Code   238  lludivv7m.o(.text)
    __2sprintf                               0x080004ad   Thumb Code    34  noretval__2sprintf.o(.text)
    __printf                                 0x080004d5   Thumb Code   104  __printf.o(.text)
    _printf_str                              0x0800053d   Thumb Code    82  _printf_str.o(.text)
    _printf_int_dec                          0x08000591   Thumb Code   104  _printf_dec.o(.text)
    __aeabi_memclr4                          0x08000609   Thumb Code     0  rt_memclr_w.o(.text)
    __aeabi_memclr8                          0x08000609   Thumb Code     0  rt_memclr_w.o(.text)
    __rt_memclr_w                            0x08000609   Thumb Code    78  rt_memclr_w.o(.text)
    _memset_w                                0x0800060d   Thumb Code     0  rt_memclr_w.o(.text)
    __use_two_region_memory                  0x08000657   Thumb Code     2  heapauxi.o(.text)
    __rt_heap_escrow$2region                 0x08000659   Thumb Code     2  heapauxi.o(.text)
    __rt_heap_expand$2region                 0x0800065b   Thumb Code     2  heapauxi.o(.text)
    _printf_int_common                       0x0800065d   Thumb Code   178  _printf_intcommon.o(.text)
    _printf_char_common                      0x0800071b   Thumb Code    32  _printf_char_common.o(.text)
    _sputc                                   0x08000741   Thumb Code    10  _sputc.o(.text)
    _printf_cs_common                        0x0800074b   Thumb Code    20  _printf_char.o(.text)
    _printf_char                             0x0800075f   Thumb Code    16  _printf_char.o(.text)
    _printf_string                           0x0800076f   Thumb Code     8  _printf_char.o(.text)
    __user_setup_stackheap                   0x08000777   Thumb Code    74  sys_stackheap_outer.o(.text)
    exit                                     0x080007c1   Thumb Code    18  exit.o(.text)
    __user_libspace                          0x080007d5   Thumb Code     8  libspace.o(.text)
    __user_perproc_libspace                  0x080007d5   Thumb Code     0  libspace.o(.text)
    __user_perthread_libspace                0x080007d5   Thumb Code     0  libspace.o(.text)
    _sys_exit                                0x080007dd   Thumb Code     8  sys_exit.o(.text)
    __I$use$semihosting                      0x080007e9   Thumb Code     0  use_no_semi.o(.text)
    __use_no_semihosting_swi                 0x080007e9   Thumb Code     2  use_no_semi.o(.text)
    BusFault_Handler                         0x080007eb   Thumb Code     2  stm32h7xx_it.o(.text.BusFault_Handler)
    __semihosting_library_function           0x080007eb   Thumb Code     0  indicate_semi.o(.text)
    DebugMon_Handler                         0x080007ed   Thumb Code     2  stm32h7xx_it.o(.text.DebugMon_Handler)
    Error_Handler                            0x080007ef   Thumb Code     8  main.o(.text.Error_Handler)
    HAL_DMA_Abort                            0x080007f9   Thumb Code   780  stm32h7xx_hal_dma.o(.text.HAL_DMA_Abort)
    HAL_DMA_Abort_IT                         0x08000ae5   Thumb Code   472  stm32h7xx_hal_dma.o(.text.HAL_DMA_Abort_IT)
    HAL_Delay                                0x08000cbd   Thumb Code    44  stm32h7xx_hal.o(.text.HAL_Delay)
    HAL_GPIO_Init                            0x08000ce5   Thumb Code   404  stm32h7xx_hal_gpio.o(.text.HAL_GPIO_Init)
    HAL_GPIO_WritePin                        0x08000e75   Thumb Code    10  stm32h7xx_hal_gpio.o(.text.HAL_GPIO_WritePin)
    HAL_GetTick                              0x08000e81   Thumb Code    12  stm32h7xx_hal.o(.text.HAL_GetTick)
    HAL_IncTick                              0x08000e89   Thumb Code    16  stm32h7xx_hal.o(.text.HAL_IncTick)
    HAL_Init                                 0x08000e95   Thumb Code    92  stm32h7xx_hal.o(.text.HAL_Init)
    HAL_InitTick                             0x08000ee9   Thumb Code    72  stm32h7xx_hal.o(.text.HAL_InitTick)
    HAL_MPU_ConfigRegion                     0x08000f31   Thumb Code    84  stm32h7xx_hal_cortex.o(.text.HAL_MPU_ConfigRegion)
    HAL_MPU_Disable                          0x08000f85   Thumb Code    24  stm32h7xx_hal_cortex.o(.text.HAL_MPU_Disable)
    HAL_MPU_Enable                           0x08000f99   Thumb Code    32  stm32h7xx_hal_cortex.o(.text.HAL_MPU_Enable)
    HAL_MspInit                              0x08000fb9   Thumb Code    32  stm32h7xx_hal_msp.o(.text.HAL_MspInit)
    HAL_NVIC_EnableIRQ                       0x08000fd9   Thumb Code    28  stm32h7xx_hal_cortex.o(.text.HAL_NVIC_EnableIRQ)
    HAL_NVIC_SetPriority                     0x08000ff5   Thumb Code    92  stm32h7xx_hal_cortex.o(.text.HAL_NVIC_SetPriority)
    HAL_NVIC_SetPriorityGrouping             0x0800104d   Thumb Code    32  stm32h7xx_hal_cortex.o(.text.HAL_NVIC_SetPriorityGrouping)
    HAL_PWREx_ConfigSupply                   0x0800106d   Thumb Code    76  stm32h7xx_hal_pwr_ex.o(.text.HAL_PWREx_ConfigSupply)
    HAL_RCCEx_GetD3PCLK1Freq                 0x080010b9   Thumb Code    36  stm32h7xx_hal_rcc_ex.o(.text.HAL_RCCEx_GetD3PCLK1Freq)
    HAL_RCCEx_GetPLL2ClockFreq               0x080010dd   Thumb Code   340  stm32h7xx_hal_rcc_ex.o(.text.HAL_RCCEx_GetPLL2ClockFreq)
    HAL_RCCEx_GetPLL3ClockFreq               0x08001231   Thumb Code   340  stm32h7xx_hal_rcc_ex.o(.text.HAL_RCCEx_GetPLL3ClockFreq)
    HAL_RCCEx_PeriphCLKConfig                0x08001385   Thumb Code  2240  stm32h7xx_hal_rcc_ex.o(.text.HAL_RCCEx_PeriphCLKConfig)
    HAL_RCC_ClockConfig                      0x08001c45   Thumb Code   556  stm32h7xx_hal_rcc.o(.text.HAL_RCC_ClockConfig)
    HAL_RCC_GetHCLKFreq                      0x08001e61   Thumb Code    68  stm32h7xx_hal_rcc.o(.text.HAL_RCC_GetHCLKFreq)
    HAL_RCC_GetPCLK1Freq                     0x08001ea1   Thumb Code    36  stm32h7xx_hal_rcc.o(.text.HAL_RCC_GetPCLK1Freq)
    HAL_RCC_GetPCLK2Freq                     0x08001ebd   Thumb Code    36  stm32h7xx_hal_rcc.o(.text.HAL_RCC_GetPCLK2Freq)
    HAL_RCC_GetSysClockFreq                  0x08001ee1   Thumb Code   332  stm32h7xx_hal_rcc.o(.text.HAL_RCC_GetSysClockFreq)
    HAL_RCC_OscConfig                        0x0800202d   Thumb Code  1246  stm32h7xx_hal_rcc.o(.text.HAL_RCC_OscConfig)
    HAL_SYSTICK_Config                       0x0800250d   Thumb Code    40  stm32h7xx_hal_cortex.o(.text.HAL_SYSTICK_Config)
    HAL_UARTEx_DisableFifoMode               0x08002535   Thumb Code    54  stm32h7xx_hal_uart_ex.o(.text.HAL_UARTEx_DisableFifoMode)
    HAL_UARTEx_RxEventCallback               0x0800256b   Thumb Code     2  stm32h7xx_hal_uart.o(.text.HAL_UARTEx_RxEventCallback)
    HAL_UARTEx_RxFifoFullCallback            0x0800256d   Thumb Code     2  stm32h7xx_hal_uart_ex.o(.text.HAL_UARTEx_RxFifoFullCallback)
    HAL_UARTEx_SetRxFifoThreshold            0x0800256f   Thumb Code    76  stm32h7xx_hal_uart_ex.o(.text.HAL_UARTEx_SetRxFifoThreshold)
    HAL_UARTEx_SetTxFifoThreshold            0x080025bb   Thumb Code    76  stm32h7xx_hal_uart_ex.o(.text.HAL_UARTEx_SetTxFifoThreshold)
    HAL_UARTEx_TxFifoEmptyCallback           0x08002607   Thumb Code     2  stm32h7xx_hal_uart_ex.o(.text.HAL_UARTEx_TxFifoEmptyCallback)
    HAL_UARTEx_WakeupCallback                0x08002609   Thumb Code     2  stm32h7xx_hal_uart_ex.o(.text.HAL_UARTEx_WakeupCallback)
    HAL_UART_ErrorCallback                   0x0800260b   Thumb Code     2  stm32h7xx_hal_uart.o(.text.HAL_UART_ErrorCallback)
    HAL_UART_IRQHandler                      0x0800260d   Thumb Code   980  stm32h7xx_hal_uart.o(.text.HAL_UART_IRQHandler)
    HAL_UART_Init                            0x080029e1   Thumb Code   100  stm32h7xx_hal_uart.o(.text.HAL_UART_Init)
    HAL_UART_MspInit                         0x08002a45   Thumb Code   244  usart_1.o(.text.HAL_UART_MspInit)
    HAL_UART_Receive_IT                      0x08002b2d   Thumb Code    84  stm32h7xx_hal_uart.o(.text.HAL_UART_Receive_IT)
    HAL_UART_RxCpltCallback                  0x08002b81   Thumb Code    48  tjc_usart_hmi.o(.text.HAL_UART_RxCpltCallback)
    HAL_UART_Transmit_IT                     0x08002bad   Thumb Code   156  stm32h7xx_hal_uart.o(.text.HAL_UART_Transmit_IT)
    HAL_UART_TxCpltCallback                  0x08002c49   Thumb Code     2  stm32h7xx_hal_uart.o(.text.HAL_UART_TxCpltCallback)
    HardFault_Handler                        0x08002c4b   Thumb Code     2  stm32h7xx_it.o(.text.HardFault_Handler)
    MX_GPIO_Init                             0x08002c4d   Thumb Code   132  gpio.o(.text.MX_GPIO_Init)
    MX_USART1_UART_Init                      0x08002cd1   Thumb Code   100  usart_1.o(.text.MX_USART1_UART_Init)
    MX_USART2_UART_Init                      0x08002d35   Thumb Code   100  usart_1.o(.text.MX_USART2_UART_Init)
    MemManage_Handler                        0x08002d99   Thumb Code     2  stm32h7xx_it.o(.text.MemManage_Handler)
    NMI_Handler                              0x08002d9b   Thumb Code     2  stm32h7xx_it.o(.text.NMI_Handler)
    PendSV_Handler                           0x08002d9d   Thumb Code     2  stm32h7xx_it.o(.text.PendSV_Handler)
    SVC_Handler                              0x08002fb9   Thumb Code     2  stm32h7xx_it.o(.text.SVC_Handler)
    SysTick_Handler                          0x08002fbb   Thumb Code     4  stm32h7xx_it.o(.text.SysTick_Handler)
    SystemClock_Config                       0x08002fc1   Thumb Code   168  main.o(.text.SystemClock_Config)
    SystemInit                               0x08003069   Thumb Code   152  system_stm32h7xx.o(.text.SystemInit)
    UART_AdvFeatureConfig                    0x0800315d   Thumb Code   212  stm32h7xx_hal_uart.o(.text.UART_AdvFeatureConfig)
    UART_CheckIdleState                      0x08003231   Thumb Code   188  stm32h7xx_hal_uart.o(.text.UART_CheckIdleState)
    UART_SetConfig                           0x08003869   Thumb Code  1056  stm32h7xx_hal_uart.o(.text.UART_SetConfig)
    UART_Start_Receive_IT                    0x08003c89   Thumb Code   300  stm32h7xx_hal_uart.o(.text.UART_Start_Receive_IT)
    UART_WaitOnFlagUntilTimeout              0x08003f35   Thumb Code   158  stm32h7xx_hal_uart.o(.text.UART_WaitOnFlagUntilTimeout)
    USART2_IRQHandler                        0x08003fd5   Thumb Code    12  stm32h7xx_it.o(.text.USART2_IRQHandler)
    UsageFault_Handler                       0x08003fdd   Thumb Code     2  stm32h7xx_it.o(.text.UsageFault_Handler)
    deleteRingBuffer                         0x08003fe1   Thumb Code    68  tjc_usart_hmi.o(.text.deleteRingBuffer)
    getRingBufferLength                      0x08004021   Thumb Code    12  tjc_usart_hmi.o(.text.getRingBufferLength)
    initRingBuffer                           0x08004029   Thumb Code    16  tjc_usart_hmi.o(.text.initRingBuffer)
    main                                     0x08004035   Thumb Code   560  main.o(.text.main)
    read1ByteFromRingBuffer                  0x08004265   Thumb Code    28  tjc_usart_hmi.o(.text.read1ByteFromRingBuffer)
    tjc_send_string                          0x0800427d   Thumb Code    44  tjc_usart_hmi.o(.text.tjc_send_string)
    uart_send_char                           0x080042a9   Thumb Code    36  tjc_usart_hmi.o(.text.uart_send_char)
    write1ByteToRingBuffer                   0x080042cd   Thumb Code    56  tjc_usart_hmi.o(.text.write1ByteToRingBuffer)
    _fp_init                                 0x08004305   Thumb Code    10  fpinit.o(x$fpl$fpinit)
    __fplib_config_fpu_vfp                   0x0800430d   Thumb Code     0  fpinit.o(x$fpl$fpinit)
    __fplib_config_pureend_doubles           0x0800430d   Thumb Code     0  fpinit.o(x$fpl$fpinit)
    D1CorePrescTable                         0x0800430e   Data          16  system_stm32h7xx.o(.rodata.D1CorePrescTable)
    UARTPrescTable                           0x0800431e   Data          24  stm32h7xx_hal_uart.o(.rodata.UARTPrescTable)
    Region$$Table$$Base                      0x08004338   Number         0  anon$$obj.o(Region$$Table)
    Region$$Table$$Limit                     0x08004368   Number         0  anon$$obj.o(Region$$Table)
    uwTickFreq                               0x20000000   Data           1  stm32h7xx_hal.o(.data..L_MergedGlobals)
    uwTickPrio                               0x20000004   Data           4  stm32h7xx_hal.o(.data..L_MergedGlobals)
    uwTick                                   0x20000008   Data           4  stm32h7xx_hal.o(.data..L_MergedGlobals)
    SystemCoreClock                          0x2000000c   Data           4  system_stm32h7xx.o(.data..L_MergedGlobals)
    SystemD2Clock                            0x20000010   Data           4  system_stm32h7xx.o(.data..L_MergedGlobals)
    RxBuffer                                 0x20000018   Data           1  tjc_usart_hmi.o(.bss.RxBuffer)
    huart2                                   0x2000001c   Data         148  usart_1.o(.bss.huart2)
    __libspace_start                         0x24000000   Data          96  libspace.o(.bss)
    __temporary_stack_top$libspace           0x24000060   Data           0  libspace.o(.bss)
    huart1                                   0x24000060   Data         148  usart_1.o(.bss.huart1)
    ringBuffer                               0x240000f4   Data         506  tjc_usart_hmi.o(.bss.ringBuffer)



==============================================================================

Memory Map of the image

  Image Entry point : 0x080002cd

  Load Region LR_IROM1 (Base: 0x08000000, Size: 0x00004380, Max: 0x00100000, ABSOLUTE)

    Execution Region ER_IROM1 (Exec base: 0x08000000, Load base: 0x08000000, Size: 0x00004368, Max: 0x00100000, ABSOLUTE)

    Exec Addr    Load Addr    Size         Type   Attr      Idx    E Section Name        Object

    0x08000000   0x08000000   0x000002cc   Data   RO            3    RESET               startup_stm32h723xx.o
    0x080002cc   0x080002cc   0x00000008   Code   RO         1322  * !!!main             c_w.l(__main.o)
    0x080002d4   0x080002d4   0x00000034   Code   RO         1506    !!!scatter          c_w.l(__scatter.o)
    0x08000308   0x08000308   0x0000001a   Code   RO         1508    !!handler_copy      c_w.l(__scatter_copy.o)
    0x08000322   0x08000322   0x00000002   PAD
    0x08000324   0x08000324   0x0000001c   Code   RO         1510    !!handler_zi        c_w.l(__scatter_zi.o)
    0x08000340   0x08000340   0x00000000   Code   RO         1317    .ARM.Collect$$_printf_percent$$00000000  c_w.l(_printf_percent.o)
    0x08000340   0x08000340   0x00000006   Code   RO         1316    .ARM.Collect$$_printf_percent$$00000009  c_w.l(_printf_d.o)
    0x08000346   0x08000346   0x00000006   Code   RO         1315    .ARM.Collect$$_printf_percent$$00000014  c_w.l(_printf_s.o)
    0x0800034c   0x0800034c   0x00000004   Code   RO         1337    .ARM.Collect$$_printf_percent$$00000017  c_w.l(_printf_percent_end.o)
    0x08000350   0x08000350   0x00000002   Code   RO         1370    .ARM.Collect$$libinit$$00000000  c_w.l(libinit.o)
    0x08000352   0x08000352   0x00000004   Code   RO         1382    .ARM.Collect$$libinit$$00000001  c_w.l(libinit2.o)
    0x08000356   0x08000356   0x00000000   Code   RO         1385    .ARM.Collect$$libinit$$00000004  c_w.l(libinit2.o)
    0x08000356   0x08000356   0x00000000   Code   RO         1388    .ARM.Collect$$libinit$$0000000A  c_w.l(libinit2.o)
    0x08000356   0x08000356   0x00000000   Code   RO         1390    .ARM.Collect$$libinit$$0000000C  c_w.l(libinit2.o)
    0x08000356   0x08000356   0x00000000   Code   RO         1392    .ARM.Collect$$libinit$$0000000E  c_w.l(libinit2.o)
    0x08000356   0x08000356   0x00000000   Code   RO         1395    .ARM.Collect$$libinit$$00000011  c_w.l(libinit2.o)
    0x08000356   0x08000356   0x00000000   Code   RO         1397    .ARM.Collect$$libinit$$00000013  c_w.l(libinit2.o)
    0x08000356   0x08000356   0x00000000   Code   RO         1399    .ARM.Collect$$libinit$$00000015  c_w.l(libinit2.o)
    0x08000356   0x08000356   0x00000000   Code   RO         1401    .ARM.Collect$$libinit$$00000017  c_w.l(libinit2.o)
    0x08000356   0x08000356   0x00000000   Code   RO         1403    .ARM.Collect$$libinit$$00000019  c_w.l(libinit2.o)
    0x08000356   0x08000356   0x00000000   Code   RO         1405    .ARM.Collect$$libinit$$0000001B  c_w.l(libinit2.o)
    0x08000356   0x08000356   0x00000000   Code   RO         1407    .ARM.Collect$$libinit$$0000001D  c_w.l(libinit2.o)
    0x08000356   0x08000356   0x00000000   Code   RO         1409    .ARM.Collect$$libinit$$0000001F  c_w.l(libinit2.o)
    0x08000356   0x08000356   0x00000000   Code   RO         1411    .ARM.Collect$$libinit$$00000021  c_w.l(libinit2.o)
    0x08000356   0x08000356   0x00000000   Code   RO         1413    .ARM.Collect$$libinit$$00000023  c_w.l(libinit2.o)
    0x08000356   0x08000356   0x00000000   Code   RO         1415    .ARM.Collect$$libinit$$00000025  c_w.l(libinit2.o)
    0x08000356   0x08000356   0x00000000   Code   RO         1419    .ARM.Collect$$libinit$$0000002C  c_w.l(libinit2.o)
    0x08000356   0x08000356   0x00000000   Code   RO         1421    .ARM.Collect$$libinit$$0000002E  c_w.l(libinit2.o)
    0x08000356   0x08000356   0x00000000   Code   RO         1423    .ARM.Collect$$libinit$$00000030  c_w.l(libinit2.o)
    0x08000356   0x08000356   0x00000000   Code   RO         1425    .ARM.Collect$$libinit$$00000032  c_w.l(libinit2.o)
    0x08000356   0x08000356   0x00000002   Code   RO         1426    .ARM.Collect$$libinit$$00000033  c_w.l(libinit2.o)
    0x08000358   0x08000358   0x00000002   Code   RO         1461    .ARM.Collect$$libshutdown$$00000000  c_w.l(libshutdown.o)
    0x0800035a   0x0800035a   0x00000000   Code   RO         1489    .ARM.Collect$$libshutdown$$00000002  c_w.l(libshutdown2.o)
    0x0800035a   0x0800035a   0x00000000   Code   RO         1491    .ARM.Collect$$libshutdown$$00000004  c_w.l(libshutdown2.o)
    0x0800035a   0x0800035a   0x00000000   Code   RO         1494    .ARM.Collect$$libshutdown$$00000007  c_w.l(libshutdown2.o)
    0x0800035a   0x0800035a   0x00000000   Code   RO         1497    .ARM.Collect$$libshutdown$$0000000A  c_w.l(libshutdown2.o)
    0x0800035a   0x0800035a   0x00000000   Code   RO         1499    .ARM.Collect$$libshutdown$$0000000C  c_w.l(libshutdown2.o)
    0x0800035a   0x0800035a   0x00000000   Code   RO         1502    .ARM.Collect$$libshutdown$$0000000F  c_w.l(libshutdown2.o)
    0x0800035a   0x0800035a   0x00000002   Code   RO         1503    .ARM.Collect$$libshutdown$$00000010  c_w.l(libshutdown2.o)
    0x0800035c   0x0800035c   0x00000000   Code   RO         1324    .ARM.Collect$$rtentry$$00000000  c_w.l(__rtentry.o)
    0x0800035c   0x0800035c   0x00000000   Code   RO         1339    .ARM.Collect$$rtentry$$00000002  c_w.l(__rtentry2.o)
    0x0800035c   0x0800035c   0x00000006   Code   RO         1351    .ARM.Collect$$rtentry$$00000004  c_w.l(__rtentry4.o)
    0x08000362   0x08000362   0x00000000   Code   RO         1341    .ARM.Collect$$rtentry$$00000009  c_w.l(__rtentry2.o)
    0x08000362   0x08000362   0x00000004   Code   RO         1342    .ARM.Collect$$rtentry$$0000000A  c_w.l(__rtentry2.o)
    0x08000366   0x08000366   0x00000000   Code   RO         1344    .ARM.Collect$$rtentry$$0000000C  c_w.l(__rtentry2.o)
    0x08000366   0x08000366   0x00000008   Code   RO         1345    .ARM.Collect$$rtentry$$0000000D  c_w.l(__rtentry2.o)
    0x0800036e   0x0800036e   0x00000002   Code   RO         1374    .ARM.Collect$$rtexit$$00000000  c_w.l(rtexit.o)
    0x08000370   0x08000370   0x00000000   Code   RO         1432    .ARM.Collect$$rtexit$$00000002  c_w.l(rtexit2.o)
    0x08000370   0x08000370   0x00000004   Code   RO         1433    .ARM.Collect$$rtexit$$00000003  c_w.l(rtexit2.o)
    0x08000374   0x08000374   0x00000006   Code   RO         1434    .ARM.Collect$$rtexit$$00000004  c_w.l(rtexit2.o)
    0x0800037a   0x0800037a   0x00000002   PAD
    0x0800037c   0x0800037c   0x00000040   Code   RO            4    .text               startup_stm32h723xx.o
    0x080003bc   0x080003bc   0x000000ee   Code   RO         1283    .text               c_w.l(lludivv7m.o)
    0x080004aa   0x080004aa   0x00000002   PAD
    0x080004ac   0x080004ac   0x00000028   Code   RO         1287    .text               c_w.l(noretval__2sprintf.o)
    0x080004d4   0x080004d4   0x00000068   Code   RO         1289    .text               c_w.l(__printf.o)
    0x0800053c   0x0800053c   0x00000052   Code   RO         1291    .text               c_w.l(_printf_str.o)
    0x0800058e   0x0800058e   0x00000002   PAD
    0x08000590   0x08000590   0x00000078   Code   RO         1293    .text               c_w.l(_printf_dec.o)
    0x08000608   0x08000608   0x0000004e   Code   RO         1318    .text               c_w.l(rt_memclr_w.o)
    0x08000656   0x08000656   0x00000006   Code   RO         1320    .text               c_w.l(heapauxi.o)
    0x0800065c   0x0800065c   0x000000b2   Code   RO         1329    .text               c_w.l(_printf_intcommon.o)
    0x0800070e   0x0800070e   0x00000002   PAD
    0x08000710   0x08000710   0x00000030   Code   RO         1331    .text               c_w.l(_printf_char_common.o)
    0x08000740   0x08000740   0x0000000a   Code   RO         1333    .text               c_w.l(_sputc.o)
    0x0800074a   0x0800074a   0x0000002c   Code   RO         1335    .text               c_w.l(_printf_char.o)
    0x08000776   0x08000776   0x0000004a   Code   RO         1357    .text               c_w.l(sys_stackheap_outer.o)
    0x080007c0   0x080007c0   0x00000012   Code   RO         1359    .text               c_w.l(exit.o)
    0x080007d2   0x080007d2   0x00000002   PAD
    0x080007d4   0x080007d4   0x00000008   Code   RO         1371    .text               c_w.l(libspace.o)
    0x080007dc   0x080007dc   0x0000000c   Code   RO         1427    .text               c_w.l(sys_exit.o)
    0x080007e8   0x080007e8   0x00000002   Code   RO         1450    .text               c_w.l(use_no_semi.o)
    0x080007ea   0x080007ea   0x00000000   Code   RO         1452    .text               c_w.l(indicate_semi.o)
    0x080007ea   0x080007ea   0x00000002   Code   RO           81    .text.BusFault_Handler  stm32h7xx_it.o
    0x080007ec   0x080007ec   0x00000002   Code   RO           87    .text.DebugMon_Handler  stm32h7xx_it.o
    0x080007ee   0x080007ee   0x00000008   Code   RO           15    .text.Error_Handler  main.o
    0x080007f6   0x080007f6   0x00000002   PAD
    0x080007f8   0x080007f8   0x000002ec   Code   RO          422    .text.HAL_DMA_Abort  stm32h7xx_hal_dma.o
    0x08000ae4   0x08000ae4   0x000001d8   Code   RO          424    .text.HAL_DMA_Abort_IT  stm32h7xx_hal_dma.o
    0x08000cbc   0x08000cbc   0x00000028   Code   RO          679    .text.HAL_Delay     stm32h7xx_hal.o
    0x08000ce4   0x08000ce4   0x00000190   Code   RO          346    .text.HAL_GPIO_Init  stm32h7xx_hal_gpio.o
    0x08000e74   0x08000e74   0x0000000a   Code   RO          352    .text.HAL_GPIO_WritePin  stm32h7xx_hal_gpio.o
    0x08000e7e   0x08000e7e   0x00000002   PAD
    0x08000e80   0x08000e80   0x00000008   Code   RO          671    .text.HAL_GetTick   stm32h7xx_hal.o
    0x08000e88   0x08000e88   0x0000000c   Code   RO          669    .text.HAL_IncTick   stm32h7xx_hal.o
    0x08000e94   0x08000e94   0x00000054   Code   RO          659    .text.HAL_Init      stm32h7xx_hal.o
    0x08000ee8   0x08000ee8   0x00000048   Code   RO          661    .text.HAL_InitTick  stm32h7xx_hal.o
    0x08000f30   0x08000f30   0x00000054   Code   RO          138    .text.HAL_MPU_ConfigRegion  stm32h7xx_hal_cortex.o
    0x08000f84   0x08000f84   0x00000014   Code   RO          130    .text.HAL_MPU_Disable  stm32h7xx_hal_cortex.o
    0x08000f98   0x08000f98   0x00000020   Code   RO          132    .text.HAL_MPU_Enable  stm32h7xx_hal_cortex.o
    0x08000fb8   0x08000fb8   0x00000020   Code   RO          105    .text.HAL_MspInit   stm32h7xx_hal_msp.o
    0x08000fd8   0x08000fd8   0x0000001c   Code   RO          122    .text.HAL_NVIC_EnableIRQ  stm32h7xx_hal_cortex.o
    0x08000ff4   0x08000ff4   0x00000058   Code   RO          120    .text.HAL_NVIC_SetPriority  stm32h7xx_hal_cortex.o
    0x0800104c   0x0800104c   0x00000020   Code   RO          118    .text.HAL_NVIC_SetPriorityGrouping  stm32h7xx_hal_cortex.o
    0x0800106c   0x0800106c   0x0000004c   Code   RO          572    .text.HAL_PWREx_ConfigSupply  stm32h7xx_hal_pwr_ex.o
    0x080010b8   0x080010b8   0x00000024   Code   RO          226    .text.HAL_RCCEx_GetD3PCLK1Freq  stm32h7xx_hal_rcc_ex.o
    0x080010dc   0x080010dc   0x00000154   Code   RO          222    .text.HAL_RCCEx_GetPLL2ClockFreq  stm32h7xx_hal_rcc_ex.o
    0x08001230   0x08001230   0x00000154   Code   RO          224    .text.HAL_RCCEx_GetPLL3ClockFreq  stm32h7xx_hal_rcc_ex.o
    0x08001384   0x08001384   0x000008c0   Code   RO          210    .text.HAL_RCCEx_PeriphCLKConfig  stm32h7xx_hal_rcc_ex.o
    0x08001c44   0x08001c44   0x0000021c   Code   RO          175    .text.HAL_RCC_ClockConfig  stm32h7xx_hal_rcc.o
    0x08001e60   0x08001e60   0x00000040   Code   RO          185    .text.HAL_RCC_GetHCLKFreq  stm32h7xx_hal_rcc.o
    0x08001ea0   0x08001ea0   0x0000001c   Code   RO          187    .text.HAL_RCC_GetPCLK1Freq  stm32h7xx_hal_rcc.o
    0x08001ebc   0x08001ebc   0x00000024   Code   RO          189    .text.HAL_RCC_GetPCLK2Freq  stm32h7xx_hal_rcc.o
    0x08001ee0   0x08001ee0   0x0000014c   Code   RO          177    .text.HAL_RCC_GetSysClockFreq  stm32h7xx_hal_rcc.o
    0x0800202c   0x0800202c   0x000004de   Code   RO          173    .text.HAL_RCC_OscConfig  stm32h7xx_hal_rcc.o
    0x0800250a   0x0800250a   0x00000002   PAD
    0x0800250c   0x0800250c   0x00000028   Code   RO          128    .text.HAL_SYSTICK_Config  stm32h7xx_hal_cortex.o
    0x08002534   0x08002534   0x00000036   Code   RO         1184    .text.HAL_UARTEx_DisableFifoMode  stm32h7xx_hal_uart_ex.o
    0x0800256a   0x0800256a   0x00000002   Code   RO         1108    .text.HAL_UARTEx_RxEventCallback  stm32h7xx_hal_uart.o
    0x0800256c   0x0800256c   0x00000002   Code   RO         1168    .text.HAL_UARTEx_RxFifoFullCallback  stm32h7xx_hal_uart_ex.o
    0x0800256e   0x0800256e   0x0000004c   Code   RO         1188    .text.HAL_UARTEx_SetRxFifoThreshold  stm32h7xx_hal_uart_ex.o
    0x080025ba   0x080025ba   0x0000004c   Code   RO         1186    .text.HAL_UARTEx_SetTxFifoThreshold  stm32h7xx_hal_uart_ex.o
    0x08002606   0x08002606   0x00000002   Code   RO         1170    .text.HAL_UARTEx_TxFifoEmptyCallback  stm32h7xx_hal_uart_ex.o
    0x08002608   0x08002608   0x00000002   Code   RO         1166    .text.HAL_UARTEx_WakeupCallback  stm32h7xx_hal_uart_ex.o
    0x0800260a   0x0800260a   0x00000002   Code   RO         1106    .text.HAL_UART_ErrorCallback  stm32h7xx_hal_uart.o
    0x0800260c   0x0800260c   0x000003d4   Code   RO         1102    .text.HAL_UART_IRQHandler  stm32h7xx_hal_uart.o
    0x080029e0   0x080029e0   0x00000064   Code   RO         1014    .text.HAL_UART_Init  stm32h7xx_hal_uart.o
    0x08002a44   0x08002a44   0x000000e8   Code   RO           54    .text.HAL_UART_MspInit  usart_1.o
    0x08002b2c   0x08002b2c   0x00000054   Code   RO         1050    .text.HAL_UART_Receive_IT  stm32h7xx_hal_uart.o
    0x08002b80   0x08002b80   0x0000002c   Code   RO         1255    .text.HAL_UART_RxCpltCallback  tjc_usart_hmi.o
    0x08002bac   0x08002bac   0x0000009c   Code   RO         1040    .text.HAL_UART_Transmit_IT  stm32h7xx_hal_uart.o
    0x08002c48   0x08002c48   0x00000002   Code   RO         1110    .text.HAL_UART_TxCpltCallback  stm32h7xx_hal_uart.o
    0x08002c4a   0x08002c4a   0x00000002   Code   RO           77    .text.HardFault_Handler  stm32h7xx_it.o
    0x08002c4c   0x08002c4c   0x00000084   Code   RO           29    .text.MX_GPIO_Init  gpio.o
    0x08002cd0   0x08002cd0   0x00000064   Code   RO           50    .text.MX_USART1_UART_Init  usart_1.o
    0x08002d34   0x08002d34   0x00000064   Code   RO           52    .text.MX_USART2_UART_Init  usart_1.o
    0x08002d98   0x08002d98   0x00000002   Code   RO           79    .text.MemManage_Handler  stm32h7xx_it.o
    0x08002d9a   0x08002d9a   0x00000002   Code   RO           75    .text.NMI_Handler   stm32h7xx_it.o
    0x08002d9c   0x08002d9c   0x00000002   Code   RO           89    .text.PendSV_Handler  stm32h7xx_it.o
    0x08002d9e   0x08002d9e   0x00000002   PAD
    0x08002da0   0x08002da0   0x0000010c   Code   RO          212    .text.RCCEx_PLL2_Config  stm32h7xx_hal_rcc_ex.o
    0x08002eac   0x08002eac   0x0000010c   Code   RO          214    .text.RCCEx_PLL3_Config  stm32h7xx_hal_rcc_ex.o
    0x08002fb8   0x08002fb8   0x00000002   Code   RO           85    .text.SVC_Handler   stm32h7xx_it.o
    0x08002fba   0x08002fba   0x00000004   Code   RO           91    .text.SysTick_Handler  stm32h7xx_it.o
    0x08002fbe   0x08002fbe   0x00000002   PAD
    0x08002fc0   0x08002fc0   0x000000a8   Code   RO           13    .text.SystemClock_Config  main.o
    0x08003068   0x08003068   0x00000098   Code   RO         1209    .text.SystemInit    system_stm32h7xx.o
    0x08003100   0x08003100   0x0000005c   Code   RO         1182    .text.UARTEx_SetNbDataToProcess  stm32h7xx_hal_uart_ex.o
    0x0800315c   0x0800315c   0x000000d4   Code   RO         1018    .text.UART_AdvFeatureConfig  stm32h7xx_hal_uart.o
    0x08003230   0x08003230   0x000000bc   Code   RO         1022    .text.UART_CheckIdleState  stm32h7xx_hal_uart.o
    0x080032ec   0x080032ec   0x00000010   Code   RO         1104    .text.UART_DMAAbortOnError  stm32h7xx_hal_uart.o
    0x080032fc   0x080032fc   0x00000050   Code   RO         1074    .text.UART_EndRxTransfer  stm32h7xx_hal_uart.o
    0x0800334c   0x0800334c   0x000000cc   Code   RO         1144    .text.UART_RxISR_16BIT  stm32h7xx_hal_uart.o
    0x08003418   0x08003418   0x000001bc   Code   RO         1140    .text.UART_RxISR_16BIT_FIFOEN  stm32h7xx_hal_uart.o
    0x080035d4   0x080035d4   0x000000d0   Code   RO         1146    .text.UART_RxISR_8BIT  stm32h7xx_hal_uart.o
    0x080036a4   0x080036a4   0x000001c4   Code   RO         1142    .text.UART_RxISR_8BIT_FIFOEN  stm32h7xx_hal_uart.o
    0x08003868   0x08003868   0x00000420   Code   RO         1020    .text.UART_SetConfig  stm32h7xx_hal_uart.o
    0x08003c88   0x08003c88   0x0000012c   Code   RO         1052    .text.UART_Start_Receive_IT  stm32h7xx_hal_uart.o
    0x08003db4   0x08003db4   0x00000056   Code   RO         1046    .text.UART_TxISR_16BIT  stm32h7xx_hal_uart.o
    0x08003e0a   0x08003e0a   0x0000006e   Code   RO         1042    .text.UART_TxISR_16BIT_FIFOEN  stm32h7xx_hal_uart.o
    0x08003e78   0x08003e78   0x00000052   Code   RO         1048    .text.UART_TxISR_8BIT  stm32h7xx_hal_uart.o
    0x08003eca   0x08003eca   0x0000006a   Code   RO         1044    .text.UART_TxISR_8BIT_FIFOEN  stm32h7xx_hal_uart.o
    0x08003f34   0x08003f34   0x0000009e   Code   RO         1036    .text.UART_WaitOnFlagUntilTimeout  stm32h7xx_hal_uart.o
    0x08003fd2   0x08003fd2   0x00000002   PAD
    0x08003fd4   0x08003fd4   0x00000008   Code   RO           93    .text.USART2_IRQHandler  stm32h7xx_it.o
    0x08003fdc   0x08003fdc   0x00000002   Code   RO           83    .text.UsageFault_Handler  stm32h7xx_it.o
    0x08003fde   0x08003fde   0x00000002   PAD
    0x08003fe0   0x08003fe0   0x00000040   Code   RO         1261    .text.deleteRingBuffer  tjc_usart_hmi.o
    0x08004020   0x08004020   0x00000008   Code   RO         1265    .text.getRingBufferLength  tjc_usart_hmi.o
    0x08004028   0x08004028   0x0000000c   Code   RO         1259    .text.initRingBuffer  tjc_usart_hmi.o
    0x08004034   0x08004034   0x00000230   Code   RO           11    .text.main          main.o
    0x08004264   0x08004264   0x00000018   Code   RO         1263    .text.read1ByteFromRingBuffer  tjc_usart_hmi.o
    0x0800427c   0x0800427c   0x0000002c   Code   RO         1247    .text.tjc_send_string  tjc_usart_hmi.o
    0x080042a8   0x080042a8   0x00000024   Code   RO         1243    .text.uart_send_char  tjc_usart_hmi.o
    0x080042cc   0x080042cc   0x00000038   Code   RO         1257    .text.write1ByteToRingBuffer  tjc_usart_hmi.o
    0x08004304   0x08004304   0x0000000a   Code   RO         1444    x$fpl$fpinit        fz_wv.l(fpinit.o)
    0x0800430e   0x0800430e   0x00000010   Data   RO         1213    .rodata.D1CorePrescTable  system_stm32h7xx.o
    0x0800431e   0x0800431e   0x00000018   Data   RO         1152    .rodata.UARTPrescTable  stm32h7xx_hal_uart.o
    0x08004336   0x08004336   0x00000002   PAD
    0x08004338   0x08004338   0x00000030   Data   RO         1504    Region$$Table       anon$$obj.o


    Execution Region RW_IRAM1 (Exec base: 0x20000000, Load base: 0x08004368, Size: 0x000004b0, Max: 0x00020000, ABSOLUTE)

    Exec Addr    Load Addr    Size         Type   Attr      Idx    E Section Name        Object

    0x20000000   0x08004368   0x0000000c   Data   RW          767    .data..L_MergedGlobals  stm32h7xx_hal.o
    0x2000000c   0x08004374   0x00000008   Data   RW         1214    .data..L_MergedGlobals  system_stm32h7xx.o
    0x20000014   0x0800437c   0x00000004   PAD
    0x20000018        -       0x00000001   Zero   RW         1269    .bss.RxBuffer       tjc_usart_hmi.o
    0x20000019   0x0800437c   0x00000003   PAD
    0x2000001c        -       0x00000094   Zero   RW           63    .bss.huart2         usart_1.o
    0x200000b0        -       0x00000400   Zero   RW            1    STACK               startup_stm32h723xx.o


    Execution Region RW_IRAM2 (Exec base: 0x24000000, Load base: 0x08004380, Size: 0x000004f0, Max: 0x00020000, ABSOLUTE)

    Exec Addr    Load Addr    Size         Type   Attr      Idx    E Section Name        Object

    0x24000000        -       0x00000060   Zero   RW         1372    .bss                c_w.l(libspace.o)
    0x24000060        -       0x00000094   Zero   RW           62    .bss.huart1         usart_1.o
    0x240000f4        -       0x000001fa   Zero   RW         1270    .bss.ringBuffer     tjc_usart_hmi.o
    0x240002ee   0x08004380   0x00000002   PAD
    0x240002f0        -       0x00000200   Zero   RW            2    HEAP                startup_stm32h723xx.o


==============================================================================

Image component sizes


      Code (inc. data)   RO Data    RW Data    ZI Data      Debug   Object Name

       132          8          0          0          0       3120   gpio.o
       736        156          0          0          0       3602   main.o
        64         26        716          0       1536        808   startup_stm32h723xx.o
       216         16          0         12          0      17117   stm32h7xx_hal.o
       324         32          0          0          0      12589   stm32h7xx_hal_cortex.o
      1220        160          0          0          0      12041   stm32h7xx_hal_dma.o
       410         20          0          0          0       7142   stm32h7xx_hal_gpio.o
        32          4          0          0          0       2286   stm32h7xx_hal_msp.o
        76          4          0          0          0      10501   stm32h7xx_hal_pwr_ex.o
      2246         64          0          0          0      11005   stm32h7xx_hal_rcc.o
      3492        148          0          0          0      16712   stm32h7xx_hal_rcc_ex.o
      5028        320         24          0          0      33089   stm32h7xx_hal_uart.o
       304         16          0          0          0      10443   stm32h7xx_hal_uart_ex.o
        28          0          0          0          0       1290   stm32h7xx_it.o
       152         28         16          8          0       5333   system_stm32h7xx.o
       288         16          0          0        507       8137   tjc_usart_hmi.o
       432         20          0          0        296      12603   usart_1.o

    ----------------------------------------------------------------------
     15194       1038        806         20       2348     167818   Object Totals
         0          0         48          0          0          0   (incl. Generated)
        14          0          2          0          9          0   (incl. Padding)

    ----------------------------------------------------------------------

      Code (inc. data)   RO Data    RW Data    ZI Data      Debug   Library Member Name

         8          0          0          0          0         68   __main.o
       104          0          0          0          0         84   __printf.o
         0          0          0          0          0          0   __rtentry.o
        12          0          0          0          0          0   __rtentry2.o
         6          0          0          0          0          0   __rtentry4.o
        52          8          0          0          0          0   __scatter.o
        26          0          0          0          0          0   __scatter_copy.o
        28          0          0          0          0          0   __scatter_zi.o
        44          0          0          0          0        108   _printf_char.o
        48          6          0          0          0         96   _printf_char_common.o
         6          0          0          0          0          0   _printf_d.o
       120         16          0          0          0         92   _printf_dec.o
       178          0          0          0          0         88   _printf_intcommon.o
         0          0          0          0          0          0   _printf_percent.o
         4          0          0          0          0          0   _printf_percent_end.o
         6          0          0          0          0          0   _printf_s.o
        82          0          0          0          0         80   _printf_str.o
        10          0          0          0          0         68   _sputc.o
        18          0          0          0          0         80   exit.o
         6          0          0          0          0        152   heapauxi.o
         0          0          0          0          0          0   indicate_semi.o
         2          0          0          0          0          0   libinit.o
         6          0          0          0          0          0   libinit2.o
         2          0          0          0          0          0   libshutdown.o
         2          0          0          0          0          0   libshutdown2.o
         8          4          0          0         96         68   libspace.o
       238          0          0          0          0        100   lludivv7m.o
        40          6          0          0          0         84   noretval__2sprintf.o
        78          0          0          0          0         80   rt_memclr_w.o
         2          0          0          0          0          0   rtexit.o
        10          0          0          0          0          0   rtexit2.o
        12          4          0          0          0         68   sys_exit.o
        74          0          0          0          0         80   sys_stackheap_outer.o
         2          0          0          0          0         68   use_no_semi.o
        10          0          0          0          0        116   fpinit.o

    ----------------------------------------------------------------------
      1256         44          0          0         96       1580   Library Totals
        12          0          0          0          0          0   (incl. Padding)

    ----------------------------------------------------------------------

      Code (inc. data)   RO Data    RW Data    ZI Data      Debug   Library Name

      1234         44          0          0         96       1464   c_w.l
        10          0          0          0          0        116   fz_wv.l

    ----------------------------------------------------------------------
      1256         44          0          0         96       1580   Library Totals

    ----------------------------------------------------------------------

==============================================================================


      Code (inc. data)   RO Data    RW Data    ZI Data      Debug   

     16450       1082        806         20       2444     168482   Grand Totals
     16450       1082        806         20       2444     168482   ELF Image Totals
     16450       1082        806         20          0          0   ROM Totals

==============================================================================

    Total RO  Size (Code + RO Data)                17256 (  16.85kB)
    Total RW  Size (RW Data + ZI Data)              2464 (   2.41kB)
    Total ROM Size (Code + RO Data + RW Data)      17276 (  16.87kB)

==============================================================================

